

================================================================
== Vivado HLS Report for 'generate_binary_matr_2'
================================================================
* Date:           Mon Dec  2 09:46:55 2024

* Version:        2019.2 (Build 2704478 on Wed Nov 06 22:10:23 MST 2019)
* Project:        mlp.prj
* Solution:       solution1
* Product family: zynq
* Target device:  xc7z020-clg484-1


================================================================
== Performance Estimates
================================================================
+ Timing: 
    * Summary: 
    +--------+----------+----------+------------+
    |  Clock |  Target  | Estimated| Uncertainty|
    +--------+----------+----------+------------+
    |ap_clk  | 10.00 ns | 8.642 ns |   1.25 ns  |
    +--------+----------+----------+------------+

+ Latency: 
    * Summary: 
    +---------+---------+----------+----------+-----+-----+---------+
    |  Latency (cycles) |  Latency (absolute) |  Interval | Pipeline|
    |   min   |   max   |    min   |    max   | min | max |   Type  |
    +---------+---------+----------+----------+-----+-----+---------+
    |      809|      809| 8.090 us | 8.090 us |  809|  809|   none  |
    +---------+---------+----------+----------+-----+-----+---------+

    + Detail: 
        * Instance: 
        N/A

        * Loop: 
        +------------+---------+---------+----------+-----------+-----------+------+----------+
        |            |  Latency (cycles) | Iteration|  Initiation Interval  | Trip |          |
        |  Loop Name |   min   |   max   |  Latency |  achieved |   target  | Count| Pipelined|
        +------------+---------+---------+----------+-----------+-----------+------+----------+
        |- gen_iter  |      800|      800|         8|          -|          -|   100|    no    |
        +------------+---------+---------+----------+-----------+-----------+------+----------+



================================================================
== Utilization Estimates
================================================================
* Summary: 
+-----------------+---------+-------+--------+-------+-----+
|       Name      | BRAM_18K| DSP48E|   FF   |  LUT  | URAM|
+-----------------+---------+-------+--------+-------+-----+
|DSP              |        -|      -|       -|      -|    -|
|Expression       |        -|      -|       0|   1844|    -|
|FIFO             |        -|      -|       -|      -|    -|
|Instance         |        -|      3|     143|    321|    -|
|Memory           |        -|      -|       -|      -|    -|
|Multiplexer      |        -|      -|       -|    593|    -|
|Register         |        -|      -|     610|      -|    -|
+-----------------+---------+-------+--------+-------+-----+
|Total            |        0|      3|     753|   2758|    0|
+-----------------+---------+-------+--------+-------+-----+
|Available        |      280|    220|  106400|  53200|    0|
+-----------------+---------+-------+--------+-------+-----+
|Utilization (%)  |        0|      1|   ~0   |      5|    0|
+-----------------+---------+-------+--------+-------+-----+

+ Detail: 
    * Instance: 
    +--------------------------+----------------------+---------+-------+-----+-----+-----+
    |         Instance         |        Module        | BRAM_18K| DSP48E|  FF | LUT | URAM|
    +--------------------------+----------------------+---------+-------+-----+-----+-----+
    |dut_fmul_32ns_32nbkb_U99  |dut_fmul_32ns_32nbkb  |        0|      3|  143|  321|    0|
    +--------------------------+----------------------+---------+-------+-----+-----+-----+
    |Total                     |                      |        0|      3|  143|  321|    0|
    +--------------------------+----------------------+---------+-------+-----+-----+-----+

    * DSP48E: 
    N/A

    * Memory: 
    N/A

    * FIFO: 
    N/A

    * Expression: 
    +-------------------------+----------+-------+---+-----+------------+------------+
    |      Variable Name      | Operation| DSP48E| FF| LUT | Bitwidth P0| Bitwidth P1|
    +-------------------------+----------+-------+---+-----+------------+------------+
    |add_ln339_fu_606_p2      |     +    |      0|  0|   15|           8|           9|
    |add_ln97_10_fu_1801_p2   |     +    |      0|  0|   39|          32|           1|
    |add_ln97_11_fu_1903_p2   |     +    |      0|  0|   39|          32|           1|
    |add_ln97_12_fu_2006_p2   |     +    |      0|  0|   39|          32|           1|
    |add_ln97_13_fu_2108_p2   |     +    |      0|  0|   39|          32|           1|
    |add_ln97_14_fu_2211_p2   |     +    |      0|  0|   39|          32|           1|
    |add_ln97_15_fu_2313_p2   |     +    |      0|  0|   39|          32|           1|
    |add_ln97_1_fu_942_p2     |     +    |      0|  0|   39|          32|           1|
    |add_ln97_2_fu_1034_p2    |     +    |      0|  0|   39|          32|           1|
    |add_ln97_3_fu_1124_p2    |     +    |      0|  0|   39|          32|           1|
    |add_ln97_4_fu_1210_p2    |     +    |      0|  0|   39|          32|           1|
    |add_ln97_5_fu_1300_p2    |     +    |      0|  0|   39|          32|           1|
    |add_ln97_6_fu_1389_p2    |     +    |      0|  0|   39|          32|           1|
    |add_ln97_7_fu_1492_p2    |     +    |      0|  0|   39|          32|           1|
    |add_ln97_8_fu_1595_p2    |     +    |      0|  0|   39|          32|           1|
    |add_ln97_9_fu_1698_p2    |     +    |      0|  0|   39|          32|           1|
    |add_ln97_fu_842_p2       |     +    |      0|  0|   39|          32|           1|
    |i_fu_725_p2              |     +    |      0|  0|   15|           7|           1|
    |result_V_1_fu_702_p2     |     -    |      0|  0|   39|           1|          32|
    |sub_ln1311_fu_620_p2     |     -    |      0|  0|   15|           7|           8|
    |icmp_ln86_fu_719_p2      |   icmp   |      0|  0|   11|           7|           6|
    |icmp_ln94_10_fu_1779_p2  |   icmp   |      0|  0|   18|          32|          32|
    |icmp_ln94_11_fu_1880_p2  |   icmp   |      0|  0|   18|          32|          32|
    |icmp_ln94_12_fu_1984_p2  |   icmp   |      0|  0|   18|          32|          32|
    |icmp_ln94_13_fu_2085_p2  |   icmp   |      0|  0|   18|          32|          32|
    |icmp_ln94_14_fu_2189_p2  |   icmp   |      0|  0|   18|          32|          32|
    |icmp_ln94_15_fu_2290_p2  |   icmp   |      0|  0|   18|          32|          32|
    |icmp_ln94_1_fu_919_p2    |   icmp   |      0|  0|   18|          32|          32|
    |icmp_ln94_2_fu_1011_p2   |   icmp   |      0|  0|   18|          32|          32|
    |icmp_ln94_3_fu_1101_p2   |   icmp   |      0|  0|   18|          32|          32|
    |icmp_ln94_4_fu_1187_p2   |   icmp   |      0|  0|   18|          32|          32|
    |icmp_ln94_5_fu_1277_p2   |   icmp   |      0|  0|   18|          32|          32|
    |icmp_ln94_6_fu_1366_p2   |   icmp   |      0|  0|   18|          32|          32|
    |icmp_ln94_7_fu_1469_p2   |   icmp   |      0|  0|   18|          32|          32|
    |icmp_ln94_8_fu_1572_p2   |   icmp   |      0|  0|   18|          32|          32|
    |icmp_ln94_9_fu_1675_p2   |   icmp   |      0|  0|   18|          32|          32|
    |icmp_ln94_fu_819_p2      |   icmp   |      0|  0|   18|          32|          32|
    |r_V_fu_661_p2            |   lshr   |      0|  0|   73|          25|          25|
    |or_ln68_10_fu_1773_p2    |    or    |      0|  0|   16|          16|          16|
    |or_ln68_11_fu_1874_p2    |    or    |      0|  0|   16|          16|          16|
    |or_ln68_12_fu_1978_p2    |    or    |      0|  0|   16|          16|          16|
    |or_ln68_13_fu_2079_p2    |    or    |      0|  0|   16|          16|          16|
    |or_ln68_14_fu_2183_p2    |    or    |      0|  0|   16|          16|          16|
    |or_ln68_15_fu_2284_p2    |    or    |      0|  0|   16|          16|          16|
    |or_ln68_1_fu_913_p2      |    or    |      0|  0|   16|          16|          16|
    |or_ln68_2_fu_1005_p2     |    or    |      0|  0|   16|          16|          16|
    |or_ln68_3_fu_1095_p2     |    or    |      0|  0|   16|          16|          16|
    |or_ln68_4_fu_1181_p2     |    or    |      0|  0|   16|          16|          16|
    |or_ln68_5_fu_1271_p2     |    or    |      0|  0|   16|          16|          16|
    |or_ln68_6_fu_1353_p2     |    or    |      0|  0|   16|          16|          16|
    |or_ln68_7_fu_1463_p2     |    or    |      0|  0|   16|          16|          16|
    |or_ln68_8_fu_1559_p2     |    or    |      0|  0|   16|          16|          16|
    |or_ln68_9_fu_1669_p2     |    or    |      0|  0|   16|          16|          16|
    |or_ln68_fu_813_p2        |    or    |      0|  0|   16|          16|          16|
    |or_ln94_10_fu_1795_p2    |    or    |      0|  0|    2|           1|           1|
    |or_ln94_11_fu_1897_p2    |    or    |      0|  0|    2|           1|           1|
    |or_ln94_12_fu_2000_p2    |    or    |      0|  0|    2|           1|           1|
    |or_ln94_13_fu_2102_p2    |    or    |      0|  0|    2|           1|           1|
    |or_ln94_14_fu_2205_p2    |    or    |      0|  0|    2|           1|           1|
    |or_ln94_15_fu_2307_p2    |    or    |      0|  0|    2|           1|           1|
    |or_ln94_1_fu_936_p2      |    or    |      0|  0|    2|           1|           1|
    |or_ln94_2_fu_1028_p2     |    or    |      0|  0|    2|           1|           1|
    |or_ln94_3_fu_1118_p2     |    or    |      0|  0|    2|           1|           1|
    |or_ln94_4_fu_1204_p2     |    or    |      0|  0|    2|           1|           1|
    |or_ln94_5_fu_1294_p2     |    or    |      0|  0|    2|           1|           1|
    |or_ln94_6_fu_1383_p2     |    or    |      0|  0|    2|           1|           1|
    |or_ln94_7_fu_1486_p2     |    or    |      0|  0|    2|           1|           1|
    |or_ln94_8_fu_1589_p2     |    or    |      0|  0|    2|           1|           1|
    |or_ln94_9_fu_1692_p2     |    or    |      0|  0|    2|           1|           1|
    |or_ln94_fu_836_p2        |    or    |      0|  0|    2|           1|           1|
    |p_Val2_5_fu_695_p3       |  select  |      0|  0|   32|           1|          32|
    |p_Val2_6_fu_708_p3       |  select  |      0|  0|   32|           1|          32|
    |ush_fu_630_p3            |  select  |      0|  0|    9|           1|           9|
    |r_V_1_fu_667_p2          |    shl   |      0|  0|  243|          79|          79|
    |xor_ln68_10_fu_1076_p2   |    xor   |      0|  0|    2|           1|           1|
    |xor_ln68_11_fu_1081_p2   |    xor   |      0|  0|    2|           1|           1|
    |xor_ln68_12_fu_1158_p2   |    xor   |      0|  0|    2|           1|           1|
    |xor_ln68_13_fu_1162_p2   |    xor   |      0|  0|    2|           1|           1|
    |xor_ln68_14_fu_1167_p2   |    xor   |      0|  0|    2|           1|           1|
    |xor_ln68_15_fu_1247_p2   |    xor   |      0|  0|    2|           1|           1|
    |xor_ln68_16_fu_1252_p2   |    xor   |      0|  0|    2|           1|           1|
    |xor_ln68_17_fu_1257_p2   |    xor   |      0|  0|    2|           1|           1|
    |xor_ln68_18_fu_1328_p2   |    xor   |      0|  0|    2|           1|           1|
    |xor_ln68_19_fu_1333_p2   |    xor   |      0|  0|    2|           1|           1|
    |xor_ln68_1_fu_787_p2     |    xor   |      0|  0|    2|           1|           1|
    |xor_ln68_20_fu_1339_p2   |    xor   |      0|  0|    2|           1|           1|
    |xor_ln68_21_fu_1437_p2   |    xor   |      0|  0|    2|           1|           1|
    |xor_ln68_22_fu_1443_p2   |    xor   |      0|  0|    2|           1|           1|
    |xor_ln68_23_fu_1449_p2   |    xor   |      0|  0|    2|           1|           1|
    |xor_ln68_24_fu_1533_p2   |    xor   |      0|  0|    2|           1|           1|
    |xor_ln68_25_fu_1539_p2   |    xor   |      0|  0|    2|           1|           1|
    |xor_ln68_26_fu_1545_p2   |    xor   |      0|  0|    2|           1|           1|
    |xor_ln68_27_fu_1643_p2   |    xor   |      0|  0|    2|           1|           1|
    |xor_ln68_28_fu_1649_p2   |    xor   |      0|  0|    2|           1|           1|
    |xor_ln68_29_fu_1655_p2   |    xor   |      0|  0|    2|           1|           1|
    |xor_ln68_2_fu_793_p2     |    xor   |      0|  0|    2|           1|           1|
    |xor_ln68_30_fu_1747_p2   |    xor   |      0|  0|    2|           1|           1|
    |xor_ln68_31_fu_1753_p2   |    xor   |      0|  0|    2|           1|           1|
    |xor_ln68_32_fu_1759_p2   |    xor   |      0|  0|    2|           1|           1|
    |xor_ln68_33_fu_1849_p2   |    xor   |      0|  0|    2|           1|           1|
    |xor_ln68_34_fu_1854_p2   |    xor   |      0|  0|    2|           1|           1|
    |xor_ln68_35_fu_1860_p2   |    xor   |      0|  0|    2|           1|           1|
    |xor_ln68_36_fu_1952_p2   |    xor   |      0|  0|    2|           1|           1|
    |xor_ln68_37_fu_1958_p2   |    xor   |      0|  0|    2|           1|           1|
    |xor_ln68_38_fu_1964_p2   |    xor   |      0|  0|    2|           1|           1|
    |xor_ln68_39_fu_2054_p2   |    xor   |      0|  0|    2|           1|           1|
    |xor_ln68_3_fu_887_p2     |    xor   |      0|  0|    2|           1|           1|
    |xor_ln68_40_fu_2059_p2   |    xor   |      0|  0|    2|           1|           1|
    |xor_ln68_41_fu_2065_p2   |    xor   |      0|  0|    2|           1|           1|
    |xor_ln68_42_fu_2157_p2   |    xor   |      0|  0|    2|           1|           1|
    |xor_ln68_43_fu_2163_p2   |    xor   |      0|  0|    2|           1|           1|
    |xor_ln68_44_fu_2169_p2   |    xor   |      0|  0|    2|           1|           1|
    |xor_ln68_45_fu_2259_p2   |    xor   |      0|  0|    2|           1|           1|
    |xor_ln68_46_fu_2264_p2   |    xor   |      0|  0|    2|           1|           1|
    |xor_ln68_47_fu_2270_p2   |    xor   |      0|  0|    2|           1|           1|
    |xor_ln68_4_fu_893_p2     |    xor   |      0|  0|    2|           1|           1|
    |xor_ln68_5_fu_899_p2     |    xor   |      0|  0|    2|           1|           1|
    |xor_ln68_6_fu_982_p2     |    xor   |      0|  0|    2|           1|           1|
    |xor_ln68_7_fu_986_p2     |    xor   |      0|  0|    2|           1|           1|
    |xor_ln68_8_fu_991_p2     |    xor   |      0|  0|    2|           1|           1|
    |xor_ln68_9_fu_1071_p2    |    xor   |      0|  0|    2|           1|           1|
    |xor_ln68_fu_799_p2       |    xor   |      0|  0|    2|           1|           1|
    |xor_ln94_10_fu_1790_p2   |    xor   |      0|  0|    2|           1|           2|
    |xor_ln94_11_fu_1891_p2   |    xor   |      0|  0|    2|           1|           2|
    |xor_ln94_12_fu_1995_p2   |    xor   |      0|  0|    2|           1|           2|
    |xor_ln94_13_fu_2096_p2   |    xor   |      0|  0|    2|           1|           2|
    |xor_ln94_14_fu_2200_p2   |    xor   |      0|  0|    2|           1|           2|
    |xor_ln94_15_fu_2301_p2   |    xor   |      0|  0|    2|           1|           2|
    |xor_ln94_16_fu_824_p2    |    xor   |      0|  0|    2|           1|           2|
    |xor_ln94_17_fu_924_p2    |    xor   |      0|  0|    2|           1|           2|
    |xor_ln94_18_fu_1016_p2   |    xor   |      0|  0|    2|           1|           2|
    |xor_ln94_19_fu_1106_p2   |    xor   |      0|  0|    2|           1|           2|
    |xor_ln94_1_fu_930_p2     |    xor   |      0|  0|    2|           1|           2|
    |xor_ln94_20_fu_1192_p2   |    xor   |      0|  0|    2|           1|           2|
    |xor_ln94_21_fu_1282_p2   |    xor   |      0|  0|    2|           1|           2|
    |xor_ln94_22_fu_1371_p2   |    xor   |      0|  0|    2|           1|           2|
    |xor_ln94_23_fu_1474_p2   |    xor   |      0|  0|    2|           1|           2|
    |xor_ln94_24_fu_1577_p2   |    xor   |      0|  0|    2|           1|           2|
    |xor_ln94_25_fu_1680_p2   |    xor   |      0|  0|    2|           1|           2|
    |xor_ln94_26_fu_1784_p2   |    xor   |      0|  0|    2|           1|           2|
    |xor_ln94_27_fu_1885_p2   |    xor   |      0|  0|    2|           1|           2|
    |xor_ln94_28_fu_1989_p2   |    xor   |      0|  0|    2|           1|           2|
    |xor_ln94_29_fu_2090_p2   |    xor   |      0|  0|    2|           1|           2|
    |xor_ln94_2_fu_1022_p2    |    xor   |      0|  0|    2|           1|           2|
    |xor_ln94_30_fu_2194_p2   |    xor   |      0|  0|    2|           1|           2|
    |xor_ln94_31_fu_2295_p2   |    xor   |      0|  0|    2|           1|           2|
    |xor_ln94_3_fu_1112_p2    |    xor   |      0|  0|    2|           1|           2|
    |xor_ln94_4_fu_1198_p2    |    xor   |      0|  0|    2|           1|           2|
    |xor_ln94_5_fu_1288_p2    |    xor   |      0|  0|    2|           1|           2|
    |xor_ln94_6_fu_1377_p2    |    xor   |      0|  0|    2|           1|           2|
    |xor_ln94_7_fu_1480_p2    |    xor   |      0|  0|    2|           1|           2|
    |xor_ln94_8_fu_1583_p2    |    xor   |      0|  0|    2|           1|           2|
    |xor_ln94_9_fu_1686_p2    |    xor   |      0|  0|    2|           1|           2|
    |xor_ln94_fu_830_p2       |    xor   |      0|  0|    2|           1|           2|
    +-------------------------+----------+-------+---+-----+------------+------------+
    |Total                    |          |      0|  0| 1844|        1513|        1145|
    +-------------------------+----------+-------+---+-----+------------+------------+

    * Multiplexer: 
    +-------------------------------------------+----+-----------+-----+-----------+
    |                    Name                   | LUT| Input Size| Bits| Total Bits|
    +-------------------------------------------+----+-----------+-----+-----------+
    |ap_NS_fsm                                  |  89|         18|    1|         18|
    |ap_phi_mux_zeros_added_0_be_phi_fu_561_p4  |  15|          3|   32|         96|
    |ap_phi_mux_zeros_added_2_0_phi_fu_403_p4   |  15|          3|   32|         96|
    |ap_phi_mux_zeros_added_2_10_phi_fu_508_p4  |  15|          3|   32|         96|
    |ap_phi_mux_zeros_added_2_12_phi_fu_529_p4  |  15|          3|   32|         96|
    |ap_phi_mux_zeros_added_2_14_phi_fu_550_p4  |  15|          3|   32|         96|
    |ap_phi_mux_zeros_added_2_2_phi_fu_424_p4   |  15|          3|   32|         96|
    |ap_phi_mux_zeros_added_2_4_phi_fu_445_p4   |  15|          3|   32|         96|
    |ap_phi_mux_zeros_added_2_6_phi_fu_466_p4   |  15|          3|   32|         96|
    |ap_phi_mux_zeros_added_2_8_phi_fu_487_p4   |  15|          3|   32|         96|
    |global_lfsr_seed_V_o                       |   9|          2|   16|         32|
    |grp_fu_569_p0                              |  15|          3|   32|         96|
    |grp_fu_569_p1                              |  15|          3|   32|         96|
    |i_0_reg_389                                |   9|          2|    7|         14|
    |matrix_0_d0                                |  15|          3|    1|          3|
    |matrix_10_d0                               |  15|          3|    1|          3|
    |matrix_11_d0                               |  15|          3|    1|          3|
    |matrix_12_d0                               |  15|          3|    1|          3|
    |matrix_13_d0                               |  15|          3|    1|          3|
    |matrix_14_d0                               |  15|          3|    1|          3|
    |matrix_15_d0                               |  15|          3|    1|          3|
    |matrix_1_d0                                |  15|          3|    1|          3|
    |matrix_2_d0                                |  15|          3|    1|          3|
    |matrix_3_d0                                |  15|          3|    1|          3|
    |matrix_4_d0                                |  15|          3|    1|          3|
    |matrix_5_d0                                |  15|          3|    1|          3|
    |matrix_6_d0                                |  15|          3|    1|          3|
    |matrix_7_d0                                |  15|          3|    1|          3|
    |matrix_8_d0                                |  15|          3|    1|          3|
    |matrix_9_d0                                |  15|          3|    1|          3|
    |p_090_0_reg_368                            |   9|          2|   16|         32|
    |zeros_added_0_reg_378                      |   9|          2|   32|         64|
    |zeros_added_2_11_reg_516                   |   9|          2|   32|         64|
    |zeros_added_2_13_reg_537                   |   9|          2|   32|         64|
    |zeros_added_2_1_reg_411                    |   9|          2|   32|         64|
    |zeros_added_2_3_reg_432                    |   9|          2|   32|         64|
    |zeros_added_2_5_reg_453                    |   9|          2|   32|         64|
    |zeros_added_2_7_reg_474                    |   9|          2|   32|         64|
    |zeros_added_2_9_reg_495                    |   9|          2|   32|         64|
    +-------------------------------------------+----+-----------+-----+-----------+
    |Total                                      | 593|        121|  664|       1712|
    +-------------------------------------------+----+-----------+-----+-----------+

    * Register: 
    +--------------------------+----+----+-----+-----------+
    |           Name           | FF | LUT| Bits| Const Bits|
    +--------------------------+----+----+-----+-----------+
    |ap_CS_fsm                 |  17|   0|   17|          0|
    |i_0_reg_389               |   7|   0|    7|          0|
    |i_reg_2379                |   7|   0|    7|          0|
    |isNeg_reg_2340            |   1|   0|    1|          0|
    |or_ln68_10_reg_2575       |  16|   0|   16|          0|
    |or_ln68_12_reg_2598       |  16|   0|   16|          0|
    |or_ln68_14_reg_2621       |  16|   0|   16|          0|
    |or_ln68_1_reg_2434        |  16|   0|   16|          0|
    |or_ln68_2_reg_2457        |  16|   0|   16|          0|
    |or_ln68_3_reg_2478        |  16|   0|   16|          0|
    |or_ln68_4_reg_2495        |  16|   0|   16|          0|
    |or_ln68_5_reg_2505        |  16|   0|   16|          0|
    |or_ln68_6_reg_2521        |  16|   0|   16|          0|
    |or_ln68_7_reg_2533        |  16|   0|   16|          0|
    |or_ln68_8_reg_2549        |  16|   0|   16|          0|
    |or_ln68_reg_2408          |  16|   0|   16|          0|
    |p_090_0_reg_368           |  16|   0|   16|          0|
    |p_Result_s_reg_2330       |   1|   0|    1|          0|
    |p_Val2_6_reg_2351         |  32|   0|   32|          0|
    |tmp_136_reg_2402          |   1|   0|    1|          0|
    |tmp_138_reg_2418          |   1|   0|    1|          0|
    |tmp_139_reg_2423          |   1|   0|    1|          0|
    |tmp_140_reg_2429          |   1|   0|    1|          0|
    |tmp_141_reg_2451          |   1|   0|    1|          0|
    |tmp_143_reg_2467          |   1|   0|    1|          0|
    |tmp_144_reg_2473          |   1|   0|    1|          0|
    |tmp_166_reg_2569          |   1|   0|    1|          0|
    |tmp_174_reg_2592          |   1|   0|    1|          0|
    |tmp_182_reg_2615          |   1|   0|    1|          0|
    |tmp_V_1_reg_2335          |  23|   0|   23|          0|
    |tmp_reg_2325              |  32|   0|   32|          0|
    |ush_reg_2345              |   9|   0|    9|          0|
    |zeros_added_0_reg_378     |  32|   0|   32|          0|
    |zeros_added_2_11_reg_516  |  32|   0|   32|          0|
    |zeros_added_2_13_reg_537  |  32|   0|   32|          0|
    |zeros_added_2_1_reg_411   |  32|   0|   32|          0|
    |zeros_added_2_3_reg_432   |  32|   0|   32|          0|
    |zeros_added_2_5_reg_453   |  32|   0|   32|          0|
    |zeros_added_2_7_reg_474   |  32|   0|   32|          0|
    |zeros_added_2_9_reg_495   |  32|   0|   32|          0|
    |zext_ln96_reg_2384        |   7|   0|   64|         57|
    +--------------------------+----+----+-----+-----------+
    |Total                     | 610|   0|  667|         57|
    +--------------------------+----+----+-----+-----------+



================================================================
== Interface
================================================================
* Summary: 
+-----------------------------+-----+-----+------------+------------------------+--------------+
|          RTL Ports          | Dir | Bits|  Protocol  |      Source Object     |    C Type    |
+-----------------------------+-----+-----+------------+------------------------+--------------+
|ap_clk                       |  in |    1| ap_ctrl_hs | generate_binary_matr.2 | return value |
|ap_rst                       |  in |    1| ap_ctrl_hs | generate_binary_matr.2 | return value |
|ap_start                     |  in |    1| ap_ctrl_hs | generate_binary_matr.2 | return value |
|ap_done                      | out |    1| ap_ctrl_hs | generate_binary_matr.2 | return value |
|ap_idle                      | out |    1| ap_ctrl_hs | generate_binary_matr.2 | return value |
|ap_ready                     | out |    1| ap_ctrl_hs | generate_binary_matr.2 | return value |
|matrix_0_address0            | out |    7|  ap_memory |        matrix_0        |     array    |
|matrix_0_ce0                 | out |    1|  ap_memory |        matrix_0        |     array    |
|matrix_0_we0                 | out |    1|  ap_memory |        matrix_0        |     array    |
|matrix_0_d0                  | out |    1|  ap_memory |        matrix_0        |     array    |
|matrix_1_address0            | out |    7|  ap_memory |        matrix_1        |     array    |
|matrix_1_ce0                 | out |    1|  ap_memory |        matrix_1        |     array    |
|matrix_1_we0                 | out |    1|  ap_memory |        matrix_1        |     array    |
|matrix_1_d0                  | out |    1|  ap_memory |        matrix_1        |     array    |
|matrix_2_address0            | out |    7|  ap_memory |        matrix_2        |     array    |
|matrix_2_ce0                 | out |    1|  ap_memory |        matrix_2        |     array    |
|matrix_2_we0                 | out |    1|  ap_memory |        matrix_2        |     array    |
|matrix_2_d0                  | out |    1|  ap_memory |        matrix_2        |     array    |
|matrix_3_address0            | out |    7|  ap_memory |        matrix_3        |     array    |
|matrix_3_ce0                 | out |    1|  ap_memory |        matrix_3        |     array    |
|matrix_3_we0                 | out |    1|  ap_memory |        matrix_3        |     array    |
|matrix_3_d0                  | out |    1|  ap_memory |        matrix_3        |     array    |
|matrix_4_address0            | out |    7|  ap_memory |        matrix_4        |     array    |
|matrix_4_ce0                 | out |    1|  ap_memory |        matrix_4        |     array    |
|matrix_4_we0                 | out |    1|  ap_memory |        matrix_4        |     array    |
|matrix_4_d0                  | out |    1|  ap_memory |        matrix_4        |     array    |
|matrix_5_address0            | out |    7|  ap_memory |        matrix_5        |     array    |
|matrix_5_ce0                 | out |    1|  ap_memory |        matrix_5        |     array    |
|matrix_5_we0                 | out |    1|  ap_memory |        matrix_5        |     array    |
|matrix_5_d0                  | out |    1|  ap_memory |        matrix_5        |     array    |
|matrix_6_address0            | out |    7|  ap_memory |        matrix_6        |     array    |
|matrix_6_ce0                 | out |    1|  ap_memory |        matrix_6        |     array    |
|matrix_6_we0                 | out |    1|  ap_memory |        matrix_6        |     array    |
|matrix_6_d0                  | out |    1|  ap_memory |        matrix_6        |     array    |
|matrix_7_address0            | out |    7|  ap_memory |        matrix_7        |     array    |
|matrix_7_ce0                 | out |    1|  ap_memory |        matrix_7        |     array    |
|matrix_7_we0                 | out |    1|  ap_memory |        matrix_7        |     array    |
|matrix_7_d0                  | out |    1|  ap_memory |        matrix_7        |     array    |
|matrix_8_address0            | out |    7|  ap_memory |        matrix_8        |     array    |
|matrix_8_ce0                 | out |    1|  ap_memory |        matrix_8        |     array    |
|matrix_8_we0                 | out |    1|  ap_memory |        matrix_8        |     array    |
|matrix_8_d0                  | out |    1|  ap_memory |        matrix_8        |     array    |
|matrix_9_address0            | out |    7|  ap_memory |        matrix_9        |     array    |
|matrix_9_ce0                 | out |    1|  ap_memory |        matrix_9        |     array    |
|matrix_9_we0                 | out |    1|  ap_memory |        matrix_9        |     array    |
|matrix_9_d0                  | out |    1|  ap_memory |        matrix_9        |     array    |
|matrix_10_address0           | out |    7|  ap_memory |        matrix_10       |     array    |
|matrix_10_ce0                | out |    1|  ap_memory |        matrix_10       |     array    |
|matrix_10_we0                | out |    1|  ap_memory |        matrix_10       |     array    |
|matrix_10_d0                 | out |    1|  ap_memory |        matrix_10       |     array    |
|matrix_11_address0           | out |    7|  ap_memory |        matrix_11       |     array    |
|matrix_11_ce0                | out |    1|  ap_memory |        matrix_11       |     array    |
|matrix_11_we0                | out |    1|  ap_memory |        matrix_11       |     array    |
|matrix_11_d0                 | out |    1|  ap_memory |        matrix_11       |     array    |
|matrix_12_address0           | out |    7|  ap_memory |        matrix_12       |     array    |
|matrix_12_ce0                | out |    1|  ap_memory |        matrix_12       |     array    |
|matrix_12_we0                | out |    1|  ap_memory |        matrix_12       |     array    |
|matrix_12_d0                 | out |    1|  ap_memory |        matrix_12       |     array    |
|matrix_13_address0           | out |    7|  ap_memory |        matrix_13       |     array    |
|matrix_13_ce0                | out |    1|  ap_memory |        matrix_13       |     array    |
|matrix_13_we0                | out |    1|  ap_memory |        matrix_13       |     array    |
|matrix_13_d0                 | out |    1|  ap_memory |        matrix_13       |     array    |
|matrix_14_address0           | out |    7|  ap_memory |        matrix_14       |     array    |
|matrix_14_ce0                | out |    1|  ap_memory |        matrix_14       |     array    |
|matrix_14_we0                | out |    1|  ap_memory |        matrix_14       |     array    |
|matrix_14_d0                 | out |    1|  ap_memory |        matrix_14       |     array    |
|matrix_15_address0           | out |    7|  ap_memory |        matrix_15       |     array    |
|matrix_15_ce0                | out |    1|  ap_memory |        matrix_15       |     array    |
|matrix_15_we0                | out |    1|  ap_memory |        matrix_15       |     array    |
|matrix_15_d0                 | out |    1|  ap_memory |        matrix_15       |     array    |
|zero_percentage              |  in |   32|   ap_none  |     zero_percentage    |    scalar    |
|global_lfsr_seed_V_i         |  in |   16|   ap_ovld  |   global_lfsr_seed_V   |    pointer   |
|global_lfsr_seed_V_o         | out |   16|   ap_ovld  |   global_lfsr_seed_V   |    pointer   |
|global_lfsr_seed_V_o_ap_vld  | out |    1|   ap_ovld  |   global_lfsr_seed_V   |    pointer   |
+-----------------------------+-----+-----+------------+------------------------+--------------+

