

================================================================
== Vivado HLS Report for 'generate_binary_matr'
================================================================
* Date:           Mon Dec  2 09:46:51 2024

* Version:        2019.2 (Build 2704478 on Wed Nov 06 22:10:23 MST 2019)
* Project:        mlp.prj
* Solution:       solution1
* Product family: zynq
* Target device:  xc7z020-clg484-1


================================================================
== Performance Estimates
================================================================
+ Timing: 
    * Summary: 
    +--------+----------+----------+------------+
    |  Clock |  Target  | Estimated| Uncertainty|
    +--------+----------+----------+------------+
    |ap_clk  | 10.00 ns | 8.642 ns |   1.25 ns  |
    +--------+----------+----------+------------+

+ Latency: 
    * Summary: 
    +---------+---------+-----------+-----------+------+------+---------+
    |  Latency (cycles) |   Latency (absolute)  |   Interval  | Pipeline|
    |   min   |   max   |    min    |    max    |  min |  max |   Type  |
    +---------+---------+-----------+-----------+------+------+---------+
    |     3201|     3201| 32.010 us | 32.010 us |  3201|  3201|   none  |
    +---------+---------+-----------+-----------+------+------+---------+

    + Detail: 
        * Instance: 
        N/A

        * Loop: 
        +------------+---------+---------+----------+-----------+-----------+------+----------+
        |            |  Latency (cycles) | Iteration|  Initiation Interval  | Trip |          |
        |  Loop Name |   min   |   max   |  Latency |  achieved |   target  | Count| Pipelined|
        +------------+---------+---------+----------+-----------+-----------+------+----------+
        |- gen_iter  |     3200|     3200|        32|          -|          -|   100|    no    |
        +------------+---------+---------+----------+-----------+-----------+------+----------+



================================================================
== Utilization Estimates
================================================================
* Summary: 
+-----------------+---------+-------+--------+-------+-----+
|       Name      | BRAM_18K| DSP48E|   FF   |  LUT  | URAM|
+-----------------+---------+-------+--------+-------+-----+
|DSP              |        -|      -|       -|      -|    -|
|Expression       |        -|      -|       0|   5338|    -|
|FIFO             |        -|      -|       -|      -|    -|
|Instance         |        -|      -|       -|      -|    -|
|Memory           |        -|      -|       -|      -|    -|
|Multiplexer      |        -|      -|       -|   1923|    -|
|Register         |        -|      -|    2089|      -|    -|
+-----------------+---------+-------+--------+-------+-----+
|Total            |        0|      0|    2089|   7261|    0|
+-----------------+---------+-------+--------+-------+-----+
|Available        |      280|    220|  106400|  53200|    0|
+-----------------+---------+-------+--------+-------+-----+
|Utilization (%)  |        0|      0|       1|     13|    0|
+-----------------+---------+-------+--------+-------+-----+

+ Detail: 
    * Instance: 
    N/A

    * DSP48E: 
    N/A

    * Memory: 
    N/A

    * FIFO: 
    N/A

    * Expression: 
    +--------------------------+----------+-------+---+----+------------+------------+
    |       Variable Name      | Operation| DSP48E| FF| LUT| Bitwidth P0| Bitwidth P1|
    +--------------------------+----------+-------+---+----+------------+------------+
    |add_ln97_10_fu_2880_p2    |     +    |      0|  0|  39|          32|           1|
    |add_ln97_11_fu_2980_p2    |     +    |      0|  0|  39|          32|           1|
    |add_ln97_12_fu_3076_p2    |     +    |      0|  0|  39|          32|           1|
    |add_ln97_13_fu_3176_p2    |     +    |      0|  0|  39|          32|           1|
    |add_ln97_14_fu_3272_p2    |     +    |      0|  0|  39|          32|           1|
    |add_ln97_15_fu_3372_p2    |     +    |      0|  0|  39|          32|           1|
    |add_ln97_16_fu_3468_p2    |     +    |      0|  0|  39|          32|           1|
    |add_ln97_17_fu_3568_p2    |     +    |      0|  0|  39|          32|           1|
    |add_ln97_18_fu_3664_p2    |     +    |      0|  0|  39|          32|           1|
    |add_ln97_19_fu_3764_p2    |     +    |      0|  0|  39|          32|           1|
    |add_ln97_1_fu_2068_p2     |     +    |      0|  0|  39|          32|           1|
    |add_ln97_20_fu_3860_p2    |     +    |      0|  0|  39|          32|           1|
    |add_ln97_21_fu_3960_p2    |     +    |      0|  0|  39|          32|           1|
    |add_ln97_22_fu_4056_p2    |     +    |      0|  0|  39|          32|           1|
    |add_ln97_23_fu_4156_p2    |     +    |      0|  0|  39|          32|           1|
    |add_ln97_24_fu_4252_p2    |     +    |      0|  0|  39|          32|           1|
    |add_ln97_25_fu_4352_p2    |     +    |      0|  0|  39|          32|           1|
    |add_ln97_26_fu_4448_p2    |     +    |      0|  0|  39|          32|           1|
    |add_ln97_27_fu_4548_p2    |     +    |      0|  0|  39|          32|           1|
    |add_ln97_28_fu_4644_p2    |     +    |      0|  0|  39|          32|           1|
    |add_ln97_29_fu_4744_p2    |     +    |      0|  0|  39|          32|           1|
    |add_ln97_2_fu_2155_p2     |     +    |      0|  0|  39|          32|           1|
    |add_ln97_30_fu_4840_p2    |     +    |      0|  0|  39|          32|           1|
    |add_ln97_31_fu_4940_p2    |     +    |      0|  0|  39|          32|           1|
    |add_ln97_32_fu_5036_p2    |     +    |      0|  0|  39|          32|           1|
    |add_ln97_33_fu_5136_p2    |     +    |      0|  0|  39|          32|           1|
    |add_ln97_34_fu_5232_p2    |     +    |      0|  0|  39|          32|           1|
    |add_ln97_35_fu_5332_p2    |     +    |      0|  0|  39|          32|           1|
    |add_ln97_36_fu_5428_p2    |     +    |      0|  0|  39|          32|           1|
    |add_ln97_37_fu_5528_p2    |     +    |      0|  0|  39|          32|           1|
    |add_ln97_38_fu_5624_p2    |     +    |      0|  0|  39|          32|           1|
    |add_ln97_39_fu_5724_p2    |     +    |      0|  0|  39|          32|           1|
    |add_ln97_3_fu_2240_p2     |     +    |      0|  0|  39|          32|           1|
    |add_ln97_40_fu_5820_p2    |     +    |      0|  0|  39|          32|           1|
    |add_ln97_41_fu_5920_p2    |     +    |      0|  0|  39|          32|           1|
    |add_ln97_42_fu_6016_p2    |     +    |      0|  0|  39|          32|           1|
    |add_ln97_43_fu_6116_p2    |     +    |      0|  0|  39|          32|           1|
    |add_ln97_44_fu_6212_p2    |     +    |      0|  0|  39|          32|           1|
    |add_ln97_45_fu_6312_p2    |     +    |      0|  0|  39|          32|           1|
    |add_ln97_46_fu_6408_p2    |     +    |      0|  0|  39|          32|           1|
    |add_ln97_47_fu_6508_p2    |     +    |      0|  0|  39|          32|           1|
    |add_ln97_48_fu_6604_p2    |     +    |      0|  0|  39|          32|           1|
    |add_ln97_49_fu_6704_p2    |     +    |      0|  0|  39|          32|           1|
    |add_ln97_4_fu_2321_p2     |     +    |      0|  0|  39|          32|           1|
    |add_ln97_50_fu_6800_p2    |     +    |      0|  0|  39|          32|           1|
    |add_ln97_51_fu_6900_p2    |     +    |      0|  0|  39|          32|           1|
    |add_ln97_52_fu_6996_p2    |     +    |      0|  0|  39|          32|           1|
    |add_ln97_53_fu_7096_p2    |     +    |      0|  0|  39|          32|           1|
    |add_ln97_54_fu_7192_p2    |     +    |      0|  0|  39|          32|           1|
    |add_ln97_55_fu_7292_p2    |     +    |      0|  0|  39|          32|           1|
    |add_ln97_56_fu_7388_p2    |     +    |      0|  0|  39|          32|           1|
    |add_ln97_57_fu_7488_p2    |     +    |      0|  0|  39|          32|           1|
    |add_ln97_58_fu_7586_p2    |     +    |      0|  0|  39|          32|           1|
    |add_ln97_59_fu_7683_p2    |     +    |      0|  0|  39|          32|           1|
    |add_ln97_5_fu_2406_p2     |     +    |      0|  0|  39|          32|           1|
    |add_ln97_60_fu_7781_p2    |     +    |      0|  0|  39|          32|           1|
    |add_ln97_61_fu_7878_p2    |     +    |      0|  0|  39|          32|           1|
    |add_ln97_62_fu_7976_p2    |     +    |      0|  0|  39|          32|           1|
    |add_ln97_63_fu_8073_p2    |     +    |      0|  0|  39|          32|           1|
    |add_ln97_6_fu_2490_p2     |     +    |      0|  0|  39|          32|           1|
    |add_ln97_7_fu_2588_p2     |     +    |      0|  0|  39|          32|           1|
    |add_ln97_8_fu_2684_p2     |     +    |      0|  0|  39|          32|           1|
    |add_ln97_9_fu_2784_p2     |     +    |      0|  0|  39|          32|           1|
    |add_ln97_fu_1973_p2       |     +    |      0|  0|  39|          32|           1|
    |i_fu_1861_p2              |     +    |      0|  0|  15|           7|           1|
    |icmp_ln86_fu_1855_p2      |   icmp   |      0|  0|  11|           7|           6|
    |icmp_ln94_100_fu_7174_p2  |   icmp   |      0|  0|  18|          32|           5|
    |icmp_ln94_101_fu_7274_p2  |   icmp   |      0|  0|  18|          32|           5|
    |icmp_ln94_102_fu_7370_p2  |   icmp   |      0|  0|  18|          32|           5|
    |icmp_ln94_103_fu_7470_p2  |   icmp   |      0|  0|  18|          32|           5|
    |icmp_ln94_104_fu_7569_p2  |   icmp   |      0|  0|  18|          32|           5|
    |icmp_ln94_105_fu_7665_p2  |   icmp   |      0|  0|  18|          32|           5|
    |icmp_ln94_106_fu_7764_p2  |   icmp   |      0|  0|  18|          32|           5|
    |icmp_ln94_107_fu_7860_p2  |   icmp   |      0|  0|  18|          32|           5|
    |icmp_ln94_108_fu_7959_p2  |   icmp   |      0|  0|  18|          32|           5|
    |icmp_ln94_109_fu_8055_p2  |   icmp   |      0|  0|  18|          32|           5|
    |icmp_ln94_47_fu_2050_p2   |   icmp   |      0|  0|  18|          32|           5|
    |icmp_ln94_48_fu_2137_p2   |   icmp   |      0|  0|  18|          32|           5|
    |icmp_ln94_49_fu_2222_p2   |   icmp   |      0|  0|  18|          32|           5|
    |icmp_ln94_50_fu_2303_p2   |   icmp   |      0|  0|  18|          32|           5|
    |icmp_ln94_51_fu_2388_p2   |   icmp   |      0|  0|  18|          32|           5|
    |icmp_ln94_52_fu_2472_p2   |   icmp   |      0|  0|  18|          32|           5|
    |icmp_ln94_53_fu_2570_p2   |   icmp   |      0|  0|  18|          32|           5|
    |icmp_ln94_54_fu_2666_p2   |   icmp   |      0|  0|  18|          32|           5|
    |icmp_ln94_55_fu_2766_p2   |   icmp   |      0|  0|  18|          32|           5|
    |icmp_ln94_56_fu_2862_p2   |   icmp   |      0|  0|  18|          32|           5|
    |icmp_ln94_57_fu_2962_p2   |   icmp   |      0|  0|  18|          32|           5|
    |icmp_ln94_58_fu_3058_p2   |   icmp   |      0|  0|  18|          32|           5|
    |icmp_ln94_59_fu_3158_p2   |   icmp   |      0|  0|  18|          32|           5|
    |icmp_ln94_60_fu_3254_p2   |   icmp   |      0|  0|  18|          32|           5|
    |icmp_ln94_61_fu_3354_p2   |   icmp   |      0|  0|  18|          32|           5|
    |icmp_ln94_62_fu_3450_p2   |   icmp   |      0|  0|  18|          32|           5|
    |icmp_ln94_63_fu_3550_p2   |   icmp   |      0|  0|  18|          32|           5|
    |icmp_ln94_64_fu_3646_p2   |   icmp   |      0|  0|  18|          32|           5|
    |icmp_ln94_65_fu_3746_p2   |   icmp   |      0|  0|  18|          32|           5|
    |icmp_ln94_66_fu_3842_p2   |   icmp   |      0|  0|  18|          32|           5|
    |icmp_ln94_67_fu_3942_p2   |   icmp   |      0|  0|  18|          32|           5|
    |icmp_ln94_68_fu_4038_p2   |   icmp   |      0|  0|  18|          32|           5|
    |icmp_ln94_69_fu_4138_p2   |   icmp   |      0|  0|  18|          32|           5|
    |icmp_ln94_70_fu_4234_p2   |   icmp   |      0|  0|  18|          32|           5|
    |icmp_ln94_71_fu_4334_p2   |   icmp   |      0|  0|  18|          32|           5|
    |icmp_ln94_72_fu_4430_p2   |   icmp   |      0|  0|  18|          32|           5|
    |icmp_ln94_73_fu_4530_p2   |   icmp   |      0|  0|  18|          32|           5|
    |icmp_ln94_74_fu_4626_p2   |   icmp   |      0|  0|  18|          32|           5|
    |icmp_ln94_75_fu_4726_p2   |   icmp   |      0|  0|  18|          32|           5|
    |icmp_ln94_76_fu_4822_p2   |   icmp   |      0|  0|  18|          32|           5|
    |icmp_ln94_77_fu_4922_p2   |   icmp   |      0|  0|  18|          32|           5|
    |icmp_ln94_78_fu_5018_p2   |   icmp   |      0|  0|  18|          32|           5|
    |icmp_ln94_79_fu_5118_p2   |   icmp   |      0|  0|  18|          32|           5|
    |icmp_ln94_80_fu_5214_p2   |   icmp   |      0|  0|  18|          32|           5|
    |icmp_ln94_81_fu_5314_p2   |   icmp   |      0|  0|  18|          32|           5|
    |icmp_ln94_82_fu_5410_p2   |   icmp   |      0|  0|  18|          32|           5|
    |icmp_ln94_83_fu_5510_p2   |   icmp   |      0|  0|  18|          32|           5|
    |icmp_ln94_84_fu_5606_p2   |   icmp   |      0|  0|  18|          32|           5|
    |icmp_ln94_85_fu_5706_p2   |   icmp   |      0|  0|  18|          32|           5|
    |icmp_ln94_86_fu_5802_p2   |   icmp   |      0|  0|  18|          32|           5|
    |icmp_ln94_87_fu_5902_p2   |   icmp   |      0|  0|  18|          32|           5|
    |icmp_ln94_88_fu_5998_p2   |   icmp   |      0|  0|  18|          32|           5|
    |icmp_ln94_89_fu_6098_p2   |   icmp   |      0|  0|  18|          32|           5|
    |icmp_ln94_90_fu_6194_p2   |   icmp   |      0|  0|  18|          32|           5|
    |icmp_ln94_91_fu_6294_p2   |   icmp   |      0|  0|  18|          32|           5|
    |icmp_ln94_92_fu_6390_p2   |   icmp   |      0|  0|  18|          32|           5|
    |icmp_ln94_93_fu_6490_p2   |   icmp   |      0|  0|  18|          32|           5|
    |icmp_ln94_94_fu_6586_p2   |   icmp   |      0|  0|  18|          32|           5|
    |icmp_ln94_95_fu_6686_p2   |   icmp   |      0|  0|  18|          32|           5|
    |icmp_ln94_96_fu_6782_p2   |   icmp   |      0|  0|  18|          32|           5|
    |icmp_ln94_97_fu_6882_p2   |   icmp   |      0|  0|  18|          32|           5|
    |icmp_ln94_98_fu_6978_p2   |   icmp   |      0|  0|  18|          32|           5|
    |icmp_ln94_99_fu_7078_p2   |   icmp   |      0|  0|  18|          32|           5|
    |icmp_ln94_fu_1955_p2      |   icmp   |      0|  0|  18|          32|           5|
    |or_ln68_10_fu_2856_p2     |    or    |      0|  0|  16|          16|          16|
    |or_ln68_11_fu_2956_p2     |    or    |      0|  0|  16|          16|          16|
    |or_ln68_12_fu_3052_p2     |    or    |      0|  0|  16|          16|          16|
    |or_ln68_13_fu_3152_p2     |    or    |      0|  0|  16|          16|          16|
    |or_ln68_14_fu_3248_p2     |    or    |      0|  0|  16|          16|          16|
    |or_ln68_15_fu_3348_p2     |    or    |      0|  0|  16|          16|          16|
    |or_ln68_16_fu_3444_p2     |    or    |      0|  0|  16|          16|          16|
    |or_ln68_17_fu_3544_p2     |    or    |      0|  0|  16|          16|          16|
    |or_ln68_18_fu_3640_p2     |    or    |      0|  0|  16|          16|          16|
    |or_ln68_19_fu_3740_p2     |    or    |      0|  0|  16|          16|          16|
    |or_ln68_1_fu_2044_p2      |    or    |      0|  0|  16|          16|          16|
    |or_ln68_20_fu_3836_p2     |    or    |      0|  0|  16|          16|          16|
    |or_ln68_21_fu_3936_p2     |    or    |      0|  0|  16|          16|          16|
    |or_ln68_22_fu_4032_p2     |    or    |      0|  0|  16|          16|          16|
    |or_ln68_23_fu_4132_p2     |    or    |      0|  0|  16|          16|          16|
    |or_ln68_24_fu_4228_p2     |    or    |      0|  0|  16|          16|          16|
    |or_ln68_25_fu_4328_p2     |    or    |      0|  0|  16|          16|          16|
    |or_ln68_26_fu_4424_p2     |    or    |      0|  0|  16|          16|          16|
    |or_ln68_27_fu_4524_p2     |    or    |      0|  0|  16|          16|          16|
    |or_ln68_28_fu_4620_p2     |    or    |      0|  0|  16|          16|          16|
    |or_ln68_29_fu_4720_p2     |    or    |      0|  0|  16|          16|          16|
    |or_ln68_2_fu_2131_p2      |    or    |      0|  0|  16|          16|          16|
    |or_ln68_30_fu_4816_p2     |    or    |      0|  0|  16|          16|          16|
    |or_ln68_31_fu_4916_p2     |    or    |      0|  0|  16|          16|          16|
    |or_ln68_32_fu_5012_p2     |    or    |      0|  0|  16|          16|          16|
    |or_ln68_33_fu_5112_p2     |    or    |      0|  0|  16|          16|          16|
    |or_ln68_34_fu_5208_p2     |    or    |      0|  0|  16|          16|          16|
    |or_ln68_35_fu_5308_p2     |    or    |      0|  0|  16|          16|          16|
    |or_ln68_36_fu_5404_p2     |    or    |      0|  0|  16|          16|          16|
    |or_ln68_37_fu_5504_p2     |    or    |      0|  0|  16|          16|          16|
    |or_ln68_38_fu_5600_p2     |    or    |      0|  0|  16|          16|          16|
    |or_ln68_39_fu_5700_p2     |    or    |      0|  0|  16|          16|          16|
    |or_ln68_3_fu_2216_p2      |    or    |      0|  0|  16|          16|          16|
    |or_ln68_40_fu_5796_p2     |    or    |      0|  0|  16|          16|          16|
    |or_ln68_41_fu_5896_p2     |    or    |      0|  0|  16|          16|          16|
    |or_ln68_42_fu_5992_p2     |    or    |      0|  0|  16|          16|          16|
    |or_ln68_43_fu_6092_p2     |    or    |      0|  0|  16|          16|          16|
    |or_ln68_44_fu_6188_p2     |    or    |      0|  0|  16|          16|          16|
    |or_ln68_45_fu_6288_p2     |    or    |      0|  0|  16|          16|          16|
    |or_ln68_46_fu_6384_p2     |    or    |      0|  0|  16|          16|          16|
    |or_ln68_47_fu_6484_p2     |    or    |      0|  0|  16|          16|          16|
    |or_ln68_48_fu_6580_p2     |    or    |      0|  0|  16|          16|          16|
    |or_ln68_49_fu_6680_p2     |    or    |      0|  0|  16|          16|          16|
    |or_ln68_4_fu_2297_p2      |    or    |      0|  0|  16|          16|          16|
    |or_ln68_50_fu_6776_p2     |    or    |      0|  0|  16|          16|          16|
    |or_ln68_51_fu_6876_p2     |    or    |      0|  0|  16|          16|          16|
    |or_ln68_52_fu_6972_p2     |    or    |      0|  0|  16|          16|          16|
    |or_ln68_53_fu_7072_p2     |    or    |      0|  0|  16|          16|          16|
    |or_ln68_54_fu_7168_p2     |    or    |      0|  0|  16|          16|          16|
    |or_ln68_55_fu_7268_p2     |    or    |      0|  0|  16|          16|          16|
    |or_ln68_56_fu_7364_p2     |    or    |      0|  0|  16|          16|          16|
    |or_ln68_57_fu_7464_p2     |    or    |      0|  0|  16|          16|          16|
    |or_ln68_58_fu_7563_p2     |    or    |      0|  0|  16|          16|          16|
    |or_ln68_59_fu_7659_p2     |    or    |      0|  0|  16|          16|          16|
    |or_ln68_5_fu_2382_p2      |    or    |      0|  0|  16|          16|          16|
    |or_ln68_60_fu_7758_p2     |    or    |      0|  0|  16|          16|          16|
    |or_ln68_61_fu_7854_p2     |    or    |      0|  0|  16|          16|          16|
    |or_ln68_62_fu_7953_p2     |    or    |      0|  0|  16|          16|          16|
    |or_ln68_63_fu_8049_p2     |    or    |      0|  0|  16|          16|          16|
    |or_ln68_6_fu_2459_p2      |    or    |      0|  0|  16|          16|          16|
    |or_ln68_7_fu_2564_p2      |    or    |      0|  0|  16|          16|          16|
    |or_ln68_8_fu_2660_p2      |    or    |      0|  0|  16|          16|          16|
    |or_ln68_9_fu_2760_p2      |    or    |      0|  0|  16|          16|          16|
    |or_ln68_fu_1949_p2        |    or    |      0|  0|  16|          16|          16|
    |or_ln94_10_fu_2874_p2     |    or    |      0|  0|   2|           1|           1|
    |or_ln94_11_fu_2974_p2     |    or    |      0|  0|   2|           1|           1|
    |or_ln94_12_fu_3070_p2     |    or    |      0|  0|   2|           1|           1|
    |or_ln94_13_fu_3170_p2     |    or    |      0|  0|   2|           1|           1|
    |or_ln94_14_fu_3266_p2     |    or    |      0|  0|   2|           1|           1|
    |or_ln94_15_fu_3366_p2     |    or    |      0|  0|   2|           1|           1|
    |or_ln94_16_fu_3462_p2     |    or    |      0|  0|   2|           1|           1|
    |or_ln94_17_fu_3562_p2     |    or    |      0|  0|   2|           1|           1|
    |or_ln94_18_fu_3658_p2     |    or    |      0|  0|   2|           1|           1|
    |or_ln94_19_fu_3758_p2     |    or    |      0|  0|   2|           1|           1|
    |or_ln94_1_fu_2062_p2      |    or    |      0|  0|   2|           1|           1|
    |or_ln94_20_fu_3854_p2     |    or    |      0|  0|   2|           1|           1|
    |or_ln94_21_fu_3954_p2     |    or    |      0|  0|   2|           1|           1|
    |or_ln94_22_fu_4050_p2     |    or    |      0|  0|   2|           1|           1|
    |or_ln94_23_fu_4150_p2     |    or    |      0|  0|   2|           1|           1|
    |or_ln94_24_fu_4246_p2     |    or    |      0|  0|   2|           1|           1|
    |or_ln94_25_fu_4346_p2     |    or    |      0|  0|   2|           1|           1|
    |or_ln94_26_fu_4442_p2     |    or    |      0|  0|   2|           1|           1|
    |or_ln94_27_fu_4542_p2     |    or    |      0|  0|   2|           1|           1|
    |or_ln94_28_fu_4638_p2     |    or    |      0|  0|   2|           1|           1|
    |or_ln94_29_fu_4738_p2     |    or    |      0|  0|   2|           1|           1|
    |or_ln94_2_fu_2149_p2      |    or    |      0|  0|   2|           1|           1|
    |or_ln94_30_fu_4834_p2     |    or    |      0|  0|   2|           1|           1|
    |or_ln94_31_fu_4934_p2     |    or    |      0|  0|   2|           1|           1|
    |or_ln94_32_fu_5030_p2     |    or    |      0|  0|   2|           1|           1|
    |or_ln94_33_fu_5130_p2     |    or    |      0|  0|   2|           1|           1|
    |or_ln94_34_fu_5226_p2     |    or    |      0|  0|   2|           1|           1|
    |or_ln94_35_fu_5326_p2     |    or    |      0|  0|   2|           1|           1|
    |or_ln94_36_fu_5422_p2     |    or    |      0|  0|   2|           1|           1|
    |or_ln94_37_fu_5522_p2     |    or    |      0|  0|   2|           1|           1|
    |or_ln94_38_fu_5618_p2     |    or    |      0|  0|   2|           1|           1|
    |or_ln94_39_fu_5718_p2     |    or    |      0|  0|   2|           1|           1|
    |or_ln94_3_fu_2234_p2      |    or    |      0|  0|   2|           1|           1|
    |or_ln94_40_fu_5814_p2     |    or    |      0|  0|   2|           1|           1|
    |or_ln94_41_fu_5914_p2     |    or    |      0|  0|   2|           1|           1|
    |or_ln94_42_fu_6010_p2     |    or    |      0|  0|   2|           1|           1|
    |or_ln94_43_fu_6110_p2     |    or    |      0|  0|   2|           1|           1|
    |or_ln94_44_fu_6206_p2     |    or    |      0|  0|   2|           1|           1|
    |or_ln94_45_fu_6306_p2     |    or    |      0|  0|   2|           1|           1|
    |or_ln94_46_fu_6402_p2     |    or    |      0|  0|   2|           1|           1|
    |or_ln94_47_fu_6502_p2     |    or    |      0|  0|   2|           1|           1|
    |or_ln94_48_fu_6598_p2     |    or    |      0|  0|   2|           1|           1|
    |or_ln94_49_fu_6698_p2     |    or    |      0|  0|   2|           1|           1|
    |or_ln94_4_fu_2315_p2      |    or    |      0|  0|   2|           1|           1|
    |or_ln94_50_fu_6794_p2     |    or    |      0|  0|   2|           1|           1|
    |or_ln94_51_fu_6894_p2     |    or    |      0|  0|   2|           1|           1|
    |or_ln94_52_fu_6990_p2     |    or    |      0|  0|   2|           1|           1|
    |or_ln94_53_fu_7090_p2     |    or    |      0|  0|   2|           1|           1|
    |or_ln94_54_fu_7186_p2     |    or    |      0|  0|   2|           1|           1|
    |or_ln94_55_fu_7286_p2     |    or    |      0|  0|   2|           1|           1|
    |or_ln94_56_fu_7382_p2     |    or    |      0|  0|   2|           1|           1|
    |or_ln94_57_fu_7482_p2     |    or    |      0|  0|   2|           1|           1|
    |or_ln94_58_fu_7580_p2     |    or    |      0|  0|   2|           1|           1|
    |or_ln94_59_fu_7677_p2     |    or    |      0|  0|   2|           1|           1|
    |or_ln94_5_fu_2400_p2      |    or    |      0|  0|   2|           1|           1|
    |or_ln94_60_fu_7775_p2     |    or    |      0|  0|   2|           1|           1|
    |or_ln94_61_fu_7872_p2     |    or    |      0|  0|   2|           1|           1|
    |or_ln94_62_fu_7970_p2     |    or    |      0|  0|   2|           1|           1|
    |or_ln94_63_fu_8067_p2     |    or    |      0|  0|   2|           1|           1|
    |or_ln94_6_fu_2484_p2      |    or    |      0|  0|   2|           1|           1|
    |or_ln94_7_fu_2582_p2      |    or    |      0|  0|   2|           1|           1|
    |or_ln94_8_fu_2678_p2      |    or    |      0|  0|   2|           1|           1|
    |or_ln94_9_fu_2778_p2      |    or    |      0|  0|   2|           1|           1|
    |or_ln94_fu_1967_p2        |    or    |      0|  0|   2|           1|           1|
    |xor_ln68_100_fu_3615_p2   |    xor   |      0|  0|   2|           1|           1|
    |xor_ln68_101_fu_3620_p2   |    xor   |      0|  0|   2|           1|           1|
    |xor_ln68_102_fu_3714_p2   |    xor   |      0|  0|   2|           1|           1|
    |xor_ln68_103_fu_3720_p2   |    xor   |      0|  0|   2|           1|           1|
    |xor_ln68_104_fu_3811_p2   |    xor   |      0|  0|   2|           1|           1|
    |xor_ln68_105_fu_3816_p2   |    xor   |      0|  0|   2|           1|           1|
    |xor_ln68_106_fu_3910_p2   |    xor   |      0|  0|   2|           1|           1|
    |xor_ln68_107_fu_3916_p2   |    xor   |      0|  0|   2|           1|           1|
    |xor_ln68_108_fu_4007_p2   |    xor   |      0|  0|   2|           1|           1|
    |xor_ln68_109_fu_4012_p2   |    xor   |      0|  0|   2|           1|           1|
    |xor_ln68_10_fu_2842_p2    |    xor   |      0|  0|   2|           1|           1|
    |xor_ln68_110_fu_4106_p2   |    xor   |      0|  0|   2|           1|           1|
    |xor_ln68_111_fu_4112_p2   |    xor   |      0|  0|   2|           1|           1|
    |xor_ln68_112_fu_4203_p2   |    xor   |      0|  0|   2|           1|           1|
    |xor_ln68_113_fu_4208_p2   |    xor   |      0|  0|   2|           1|           1|
    |xor_ln68_114_fu_4302_p2   |    xor   |      0|  0|   2|           1|           1|
    |xor_ln68_115_fu_4308_p2   |    xor   |      0|  0|   2|           1|           1|
    |xor_ln68_116_fu_4399_p2   |    xor   |      0|  0|   2|           1|           1|
    |xor_ln68_117_fu_4404_p2   |    xor   |      0|  0|   2|           1|           1|
    |xor_ln68_118_fu_4498_p2   |    xor   |      0|  0|   2|           1|           1|
    |xor_ln68_119_fu_4504_p2   |    xor   |      0|  0|   2|           1|           1|
    |xor_ln68_11_fu_2942_p2    |    xor   |      0|  0|   2|           1|           1|
    |xor_ln68_120_fu_4595_p2   |    xor   |      0|  0|   2|           1|           1|
    |xor_ln68_121_fu_4600_p2   |    xor   |      0|  0|   2|           1|           1|
    |xor_ln68_122_fu_4694_p2   |    xor   |      0|  0|   2|           1|           1|
    |xor_ln68_123_fu_4700_p2   |    xor   |      0|  0|   2|           1|           1|
    |xor_ln68_124_fu_4791_p2   |    xor   |      0|  0|   2|           1|           1|
    |xor_ln68_125_fu_4796_p2   |    xor   |      0|  0|   2|           1|           1|
    |xor_ln68_126_fu_4890_p2   |    xor   |      0|  0|   2|           1|           1|
    |xor_ln68_127_fu_4896_p2   |    xor   |      0|  0|   2|           1|           1|
    |xor_ln68_128_fu_4987_p2   |    xor   |      0|  0|   2|           1|           1|
    |xor_ln68_129_fu_4992_p2   |    xor   |      0|  0|   2|           1|           1|
    |xor_ln68_12_fu_3038_p2    |    xor   |      0|  0|   2|           1|           1|
    |xor_ln68_130_fu_5086_p2   |    xor   |      0|  0|   2|           1|           1|
    |xor_ln68_131_fu_5092_p2   |    xor   |      0|  0|   2|           1|           1|
    |xor_ln68_132_fu_5183_p2   |    xor   |      0|  0|   2|           1|           1|
    |xor_ln68_133_fu_5188_p2   |    xor   |      0|  0|   2|           1|           1|
    |xor_ln68_134_fu_5282_p2   |    xor   |      0|  0|   2|           1|           1|
    |xor_ln68_135_fu_5288_p2   |    xor   |      0|  0|   2|           1|           1|
    |xor_ln68_136_fu_5379_p2   |    xor   |      0|  0|   2|           1|           1|
    |xor_ln68_137_fu_5384_p2   |    xor   |      0|  0|   2|           1|           1|
    |xor_ln68_138_fu_5478_p2   |    xor   |      0|  0|   2|           1|           1|
    |xor_ln68_139_fu_5484_p2   |    xor   |      0|  0|   2|           1|           1|
    |xor_ln68_13_fu_3138_p2    |    xor   |      0|  0|   2|           1|           1|
    |xor_ln68_140_fu_5575_p2   |    xor   |      0|  0|   2|           1|           1|
    |xor_ln68_141_fu_5580_p2   |    xor   |      0|  0|   2|           1|           1|
    |xor_ln68_142_fu_5674_p2   |    xor   |      0|  0|   2|           1|           1|
    |xor_ln68_143_fu_5680_p2   |    xor   |      0|  0|   2|           1|           1|
    |xor_ln68_144_fu_5771_p2   |    xor   |      0|  0|   2|           1|           1|
    |xor_ln68_145_fu_5776_p2   |    xor   |      0|  0|   2|           1|           1|
    |xor_ln68_146_fu_5870_p2   |    xor   |      0|  0|   2|           1|           1|
    |xor_ln68_147_fu_5876_p2   |    xor   |      0|  0|   2|           1|           1|
    |xor_ln68_148_fu_5967_p2   |    xor   |      0|  0|   2|           1|           1|
    |xor_ln68_149_fu_5972_p2   |    xor   |      0|  0|   2|           1|           1|
    |xor_ln68_14_fu_3234_p2    |    xor   |      0|  0|   2|           1|           1|
    |xor_ln68_150_fu_6066_p2   |    xor   |      0|  0|   2|           1|           1|
    |xor_ln68_151_fu_6072_p2   |    xor   |      0|  0|   2|           1|           1|
    |xor_ln68_152_fu_6163_p2   |    xor   |      0|  0|   2|           1|           1|
    |xor_ln68_153_fu_6168_p2   |    xor   |      0|  0|   2|           1|           1|
    |xor_ln68_154_fu_6262_p2   |    xor   |      0|  0|   2|           1|           1|
    |xor_ln68_155_fu_6268_p2   |    xor   |      0|  0|   2|           1|           1|
    |xor_ln68_156_fu_6359_p2   |    xor   |      0|  0|   2|           1|           1|
    |xor_ln68_157_fu_6364_p2   |    xor   |      0|  0|   2|           1|           1|
    |xor_ln68_158_fu_6458_p2   |    xor   |      0|  0|   2|           1|           1|
    |xor_ln68_159_fu_6464_p2   |    xor   |      0|  0|   2|           1|           1|
    |xor_ln68_15_fu_3334_p2    |    xor   |      0|  0|   2|           1|           1|
    |xor_ln68_160_fu_6555_p2   |    xor   |      0|  0|   2|           1|           1|
    |xor_ln68_161_fu_6560_p2   |    xor   |      0|  0|   2|           1|           1|
    |xor_ln68_162_fu_6654_p2   |    xor   |      0|  0|   2|           1|           1|
    |xor_ln68_163_fu_6660_p2   |    xor   |      0|  0|   2|           1|           1|
    |xor_ln68_164_fu_6751_p2   |    xor   |      0|  0|   2|           1|           1|
    |xor_ln68_165_fu_6756_p2   |    xor   |      0|  0|   2|           1|           1|
    |xor_ln68_166_fu_6850_p2   |    xor   |      0|  0|   2|           1|           1|
    |xor_ln68_167_fu_6856_p2   |    xor   |      0|  0|   2|           1|           1|
    |xor_ln68_168_fu_6947_p2   |    xor   |      0|  0|   2|           1|           1|
    |xor_ln68_169_fu_6952_p2   |    xor   |      0|  0|   2|           1|           1|
    |xor_ln68_16_fu_3430_p2    |    xor   |      0|  0|   2|           1|           1|
    |xor_ln68_170_fu_7046_p2   |    xor   |      0|  0|   2|           1|           1|
    |xor_ln68_171_fu_7052_p2   |    xor   |      0|  0|   2|           1|           1|
    |xor_ln68_172_fu_7143_p2   |    xor   |      0|  0|   2|           1|           1|
    |xor_ln68_173_fu_7148_p2   |    xor   |      0|  0|   2|           1|           1|
    |xor_ln68_174_fu_7242_p2   |    xor   |      0|  0|   2|           1|           1|
    |xor_ln68_175_fu_7248_p2   |    xor   |      0|  0|   2|           1|           1|
    |xor_ln68_176_fu_7339_p2   |    xor   |      0|  0|   2|           1|           1|
    |xor_ln68_177_fu_7344_p2   |    xor   |      0|  0|   2|           1|           1|
    |xor_ln68_178_fu_7438_p2   |    xor   |      0|  0|   2|           1|           1|
    |xor_ln68_179_fu_7444_p2   |    xor   |      0|  0|   2|           1|           1|
    |xor_ln68_17_fu_3530_p2    |    xor   |      0|  0|   2|           1|           1|
    |xor_ln68_180_fu_7537_p2   |    xor   |      0|  0|   2|           1|           1|
    |xor_ln68_181_fu_7543_p2   |    xor   |      0|  0|   2|           1|           1|
    |xor_ln68_182_fu_7634_p2   |    xor   |      0|  0|   2|           1|           1|
    |xor_ln68_183_fu_7639_p2   |    xor   |      0|  0|   2|           1|           1|
    |xor_ln68_184_fu_7732_p2   |    xor   |      0|  0|   2|           1|           1|
    |xor_ln68_185_fu_7738_p2   |    xor   |      0|  0|   2|           1|           1|
    |xor_ln68_186_fu_7829_p2   |    xor   |      0|  0|   2|           1|           1|
    |xor_ln68_187_fu_7834_p2   |    xor   |      0|  0|   2|           1|           1|
    |xor_ln68_188_fu_7927_p2   |    xor   |      0|  0|   2|           1|           1|
    |xor_ln68_189_fu_7933_p2   |    xor   |      0|  0|   2|           1|           1|
    |xor_ln68_18_fu_3626_p2    |    xor   |      0|  0|   2|           1|           1|
    |xor_ln68_190_fu_8024_p2   |    xor   |      0|  0|   2|           1|           1|
    |xor_ln68_191_fu_8029_p2   |    xor   |      0|  0|   2|           1|           1|
    |xor_ln68_19_fu_3726_p2    |    xor   |      0|  0|   2|           1|           1|
    |xor_ln68_1_fu_2030_p2     |    xor   |      0|  0|   2|           1|           1|
    |xor_ln68_20_fu_3822_p2    |    xor   |      0|  0|   2|           1|           1|
    |xor_ln68_21_fu_3922_p2    |    xor   |      0|  0|   2|           1|           1|
    |xor_ln68_22_fu_4018_p2    |    xor   |      0|  0|   2|           1|           1|
    |xor_ln68_23_fu_4118_p2    |    xor   |      0|  0|   2|           1|           1|
    |xor_ln68_24_fu_4214_p2    |    xor   |      0|  0|   2|           1|           1|
    |xor_ln68_25_fu_4314_p2    |    xor   |      0|  0|   2|           1|           1|
    |xor_ln68_26_fu_4410_p2    |    xor   |      0|  0|   2|           1|           1|
    |xor_ln68_27_fu_4510_p2    |    xor   |      0|  0|   2|           1|           1|
    |xor_ln68_28_fu_4606_p2    |    xor   |      0|  0|   2|           1|           1|
    |xor_ln68_29_fu_4706_p2    |    xor   |      0|  0|   2|           1|           1|
    |xor_ln68_2_fu_2117_p2     |    xor   |      0|  0|   2|           1|           1|
    |xor_ln68_30_fu_4802_p2    |    xor   |      0|  0|   2|           1|           1|
    |xor_ln68_31_fu_4902_p2    |    xor   |      0|  0|   2|           1|           1|
    |xor_ln68_32_fu_4998_p2    |    xor   |      0|  0|   2|           1|           1|
    |xor_ln68_33_fu_5098_p2    |    xor   |      0|  0|   2|           1|           1|
    |xor_ln68_34_fu_5194_p2    |    xor   |      0|  0|   2|           1|           1|
    |xor_ln68_35_fu_5294_p2    |    xor   |      0|  0|   2|           1|           1|
    |xor_ln68_36_fu_5390_p2    |    xor   |      0|  0|   2|           1|           1|
    |xor_ln68_37_fu_5490_p2    |    xor   |      0|  0|   2|           1|           1|
    |xor_ln68_38_fu_5586_p2    |    xor   |      0|  0|   2|           1|           1|
    |xor_ln68_39_fu_5686_p2    |    xor   |      0|  0|   2|           1|           1|
    |xor_ln68_3_fu_2202_p2     |    xor   |      0|  0|   2|           1|           1|
    |xor_ln68_40_fu_5782_p2    |    xor   |      0|  0|   2|           1|           1|
    |xor_ln68_41_fu_5882_p2    |    xor   |      0|  0|   2|           1|           1|
    |xor_ln68_42_fu_5978_p2    |    xor   |      0|  0|   2|           1|           1|
    |xor_ln68_43_fu_6078_p2    |    xor   |      0|  0|   2|           1|           1|
    |xor_ln68_44_fu_6174_p2    |    xor   |      0|  0|   2|           1|           1|
    |xor_ln68_45_fu_6274_p2    |    xor   |      0|  0|   2|           1|           1|
    |xor_ln68_46_fu_6370_p2    |    xor   |      0|  0|   2|           1|           1|
    |xor_ln68_47_fu_6470_p2    |    xor   |      0|  0|   2|           1|           1|
    |xor_ln68_48_fu_6566_p2    |    xor   |      0|  0|   2|           1|           1|
    |xor_ln68_49_fu_6666_p2    |    xor   |      0|  0|   2|           1|           1|
    |xor_ln68_4_fu_2283_p2     |    xor   |      0|  0|   2|           1|           1|
    |xor_ln68_50_fu_6762_p2    |    xor   |      0|  0|   2|           1|           1|
    |xor_ln68_51_fu_6862_p2    |    xor   |      0|  0|   2|           1|           1|
    |xor_ln68_52_fu_6958_p2    |    xor   |      0|  0|   2|           1|           1|
    |xor_ln68_53_fu_7058_p2    |    xor   |      0|  0|   2|           1|           1|
    |xor_ln68_54_fu_7154_p2    |    xor   |      0|  0|   2|           1|           1|
    |xor_ln68_55_fu_7254_p2    |    xor   |      0|  0|   2|           1|           1|
    |xor_ln68_56_fu_7350_p2    |    xor   |      0|  0|   2|           1|           1|
    |xor_ln68_57_fu_7450_p2    |    xor   |      0|  0|   2|           1|           1|
    |xor_ln68_58_fu_7549_p2    |    xor   |      0|  0|   2|           1|           1|
    |xor_ln68_59_fu_7645_p2    |    xor   |      0|  0|   2|           1|           1|
    |xor_ln68_5_fu_2368_p2     |    xor   |      0|  0|   2|           1|           1|
    |xor_ln68_60_fu_7744_p2    |    xor   |      0|  0|   2|           1|           1|
    |xor_ln68_61_fu_7840_p2    |    xor   |      0|  0|   2|           1|           1|
    |xor_ln68_62_fu_7939_p2    |    xor   |      0|  0|   2|           1|           1|
    |xor_ln68_63_fu_8035_p2    |    xor   |      0|  0|   2|           1|           1|
    |xor_ln68_64_fu_1923_p2    |    xor   |      0|  0|   2|           1|           1|
    |xor_ln68_65_fu_1929_p2    |    xor   |      0|  0|   2|           1|           1|
    |xor_ln68_66_fu_2018_p2    |    xor   |      0|  0|   2|           1|           1|
    |xor_ln68_67_fu_2024_p2    |    xor   |      0|  0|   2|           1|           1|
    |xor_ln68_68_fu_2108_p2    |    xor   |      0|  0|   2|           1|           1|
    |xor_ln68_69_fu_2112_p2    |    xor   |      0|  0|   2|           1|           1|
    |xor_ln68_6_fu_2445_p2     |    xor   |      0|  0|   2|           1|           1|
    |xor_ln68_70_fu_2192_p2    |    xor   |      0|  0|   2|           1|           1|
    |xor_ln68_71_fu_2197_p2    |    xor   |      0|  0|   2|           1|           1|
    |xor_ln68_72_fu_2274_p2    |    xor   |      0|  0|   2|           1|           1|
    |xor_ln68_73_fu_2278_p2    |    xor   |      0|  0|   2|           1|           1|
    |xor_ln68_74_fu_2358_p2    |    xor   |      0|  0|   2|           1|           1|
    |xor_ln68_75_fu_2363_p2    |    xor   |      0|  0|   2|           1|           1|
    |xor_ln68_76_fu_2434_p2    |    xor   |      0|  0|   2|           1|           1|
    |xor_ln68_77_fu_2439_p2    |    xor   |      0|  0|   2|           1|           1|
    |xor_ln68_78_fu_2538_p2    |    xor   |      0|  0|   2|           1|           1|
    |xor_ln68_79_fu_2544_p2    |    xor   |      0|  0|   2|           1|           1|
    |xor_ln68_7_fu_2550_p2     |    xor   |      0|  0|   2|           1|           1|
    |xor_ln68_80_fu_2635_p2    |    xor   |      0|  0|   2|           1|           1|
    |xor_ln68_81_fu_2640_p2    |    xor   |      0|  0|   2|           1|           1|
    |xor_ln68_82_fu_2734_p2    |    xor   |      0|  0|   2|           1|           1|
    |xor_ln68_83_fu_2740_p2    |    xor   |      0|  0|   2|           1|           1|
    |xor_ln68_84_fu_2831_p2    |    xor   |      0|  0|   2|           1|           1|
    |xor_ln68_85_fu_2836_p2    |    xor   |      0|  0|   2|           1|           1|
    |xor_ln68_86_fu_2930_p2    |    xor   |      0|  0|   2|           1|           1|
    |xor_ln68_87_fu_2936_p2    |    xor   |      0|  0|   2|           1|           1|
    |xor_ln68_88_fu_3027_p2    |    xor   |      0|  0|   2|           1|           1|
    |xor_ln68_89_fu_3032_p2    |    xor   |      0|  0|   2|           1|           1|
    |xor_ln68_8_fu_2646_p2     |    xor   |      0|  0|   2|           1|           1|
    |xor_ln68_90_fu_3126_p2    |    xor   |      0|  0|   2|           1|           1|
    |xor_ln68_91_fu_3132_p2    |    xor   |      0|  0|   2|           1|           1|
    |xor_ln68_92_fu_3223_p2    |    xor   |      0|  0|   2|           1|           1|
    |xor_ln68_93_fu_3228_p2    |    xor   |      0|  0|   2|           1|           1|
    |xor_ln68_94_fu_3322_p2    |    xor   |      0|  0|   2|           1|           1|
    |xor_ln68_95_fu_3328_p2    |    xor   |      0|  0|   2|           1|           1|
    |xor_ln68_96_fu_3419_p2    |    xor   |      0|  0|   2|           1|           1|
    |xor_ln68_97_fu_3424_p2    |    xor   |      0|  0|   2|           1|           1|
    |xor_ln68_98_fu_3518_p2    |    xor   |      0|  0|   2|           1|           1|
    |xor_ln68_99_fu_3524_p2    |    xor   |      0|  0|   2|           1|           1|
    |xor_ln68_9_fu_2746_p2     |    xor   |      0|  0|   2|           1|           1|
    |xor_ln68_fu_1935_p2       |    xor   |      0|  0|   2|           1|           1|
    |xor_ln94_11_fu_2394_p2    |    xor   |      0|  0|   2|           1|           2|
    |xor_ln94_13_fu_2478_p2    |    xor   |      0|  0|   2|           1|           2|
    |xor_ln94_15_fu_2576_p2    |    xor   |      0|  0|   2|           1|           2|
    |xor_ln94_17_fu_2672_p2    |    xor   |      0|  0|   2|           1|           2|
    |xor_ln94_19_fu_2772_p2    |    xor   |      0|  0|   2|           1|           2|
    |xor_ln94_1_fu_1961_p2     |    xor   |      0|  0|   2|           1|           2|
    |xor_ln94_21_fu_2868_p2    |    xor   |      0|  0|   2|           1|           2|
    |xor_ln94_23_fu_2968_p2    |    xor   |      0|  0|   2|           1|           2|
    |xor_ln94_25_fu_3064_p2    |    xor   |      0|  0|   2|           1|           2|
    |xor_ln94_27_fu_3164_p2    |    xor   |      0|  0|   2|           1|           2|
    |xor_ln94_29_fu_3260_p2    |    xor   |      0|  0|   2|           1|           2|
    |xor_ln94_31_fu_3360_p2    |    xor   |      0|  0|   2|           1|           2|
    |xor_ln94_33_fu_3456_p2    |    xor   |      0|  0|   2|           1|           2|
    |xor_ln94_35_fu_3556_p2    |    xor   |      0|  0|   2|           1|           2|
    |xor_ln94_37_fu_3652_p2    |    xor   |      0|  0|   2|           1|           2|
    |xor_ln94_39_fu_3752_p2    |    xor   |      0|  0|   2|           1|           2|
    |xor_ln94_3_fu_2056_p2     |    xor   |      0|  0|   2|           1|           2|
    |xor_ln94_41_fu_3848_p2    |    xor   |      0|  0|   2|           1|           2|
    |xor_ln94_43_fu_3948_p2    |    xor   |      0|  0|   2|           1|           2|
    |xor_ln94_45_fu_4044_p2    |    xor   |      0|  0|   2|           1|           2|
    |xor_ln94_47_fu_4240_p2    |    xor   |      0|  0|   2|           1|           2|
    |xor_ln94_48_fu_4340_p2    |    xor   |      0|  0|   2|           1|           2|
    |xor_ln94_49_fu_4436_p2    |    xor   |      0|  0|   2|           1|           2|
    |xor_ln94_50_fu_4536_p2    |    xor   |      0|  0|   2|           1|           2|
    |xor_ln94_51_fu_4632_p2    |    xor   |      0|  0|   2|           1|           2|
    |xor_ln94_52_fu_4732_p2    |    xor   |      0|  0|   2|           1|           2|
    |xor_ln94_53_fu_4828_p2    |    xor   |      0|  0|   2|           1|           2|
    |xor_ln94_54_fu_4928_p2    |    xor   |      0|  0|   2|           1|           2|
    |xor_ln94_55_fu_5024_p2    |    xor   |      0|  0|   2|           1|           2|
    |xor_ln94_56_fu_5124_p2    |    xor   |      0|  0|   2|           1|           2|
    |xor_ln94_57_fu_5220_p2    |    xor   |      0|  0|   2|           1|           2|
    |xor_ln94_58_fu_5320_p2    |    xor   |      0|  0|   2|           1|           2|
    |xor_ln94_59_fu_5416_p2    |    xor   |      0|  0|   2|           1|           2|
    |xor_ln94_5_fu_2143_p2     |    xor   |      0|  0|   2|           1|           2|
    |xor_ln94_60_fu_5516_p2    |    xor   |      0|  0|   2|           1|           2|
    |xor_ln94_61_fu_5612_p2    |    xor   |      0|  0|   2|           1|           2|
    |xor_ln94_62_fu_5712_p2    |    xor   |      0|  0|   2|           1|           2|
    |xor_ln94_63_fu_5808_p2    |    xor   |      0|  0|   2|           1|           2|
    |xor_ln94_64_fu_5908_p2    |    xor   |      0|  0|   2|           1|           2|
    |xor_ln94_65_fu_6004_p2    |    xor   |      0|  0|   2|           1|           2|
    |xor_ln94_66_fu_6104_p2    |    xor   |      0|  0|   2|           1|           2|
    |xor_ln94_67_fu_6200_p2    |    xor   |      0|  0|   2|           1|           2|
    |xor_ln94_68_fu_6300_p2    |    xor   |      0|  0|   2|           1|           2|
    |xor_ln94_69_fu_6396_p2    |    xor   |      0|  0|   2|           1|           2|
    |xor_ln94_70_fu_6496_p2    |    xor   |      0|  0|   2|           1|           2|
    |xor_ln94_71_fu_6592_p2    |    xor   |      0|  0|   2|           1|           2|
    |xor_ln94_72_fu_6692_p2    |    xor   |      0|  0|   2|           1|           2|
    |xor_ln94_73_fu_6788_p2    |    xor   |      0|  0|   2|           1|           2|
    |xor_ln94_74_fu_6888_p2    |    xor   |      0|  0|   2|           1|           2|
    |xor_ln94_75_fu_6984_p2    |    xor   |      0|  0|   2|           1|           2|
    |xor_ln94_76_fu_7084_p2    |    xor   |      0|  0|   2|           1|           2|
    |xor_ln94_77_fu_7180_p2    |    xor   |      0|  0|   2|           1|           2|
    |xor_ln94_78_fu_7280_p2    |    xor   |      0|  0|   2|           1|           2|
    |xor_ln94_79_fu_7376_p2    |    xor   |      0|  0|   2|           1|           2|
    |xor_ln94_7_fu_2228_p2     |    xor   |      0|  0|   2|           1|           2|
    |xor_ln94_80_fu_7476_p2    |    xor   |      0|  0|   2|           1|           2|
    |xor_ln94_81_fu_7575_p2    |    xor   |      0|  0|   2|           1|           2|
    |xor_ln94_82_fu_7671_p2    |    xor   |      0|  0|   2|           1|           2|
    |xor_ln94_83_fu_7770_p2    |    xor   |      0|  0|   2|           1|           2|
    |xor_ln94_84_fu_7866_p2    |    xor   |      0|  0|   2|           1|           2|
    |xor_ln94_85_fu_7965_p2    |    xor   |      0|  0|   2|           1|           2|
    |xor_ln94_86_fu_8061_p2    |    xor   |      0|  0|   2|           1|           2|
    |xor_ln94_9_fu_2309_p2     |    xor   |      0|  0|   2|           1|           2|
    |xor_ln94_fu_4144_p2       |    xor   |      0|  0|   2|           1|           2|
    +--------------------------+----------+-------+---+----+------------+------------+
    |Total                     |          |      0|  0|5338|        5454|        1799|
    +--------------------------+----------+-------+---+----+------------+------------+

    * Multiplexer: 
    +--------------------------------------------+-----+-----------+-----+-----------+
    |                    Name                    | LUT | Input Size| Bits| Total Bits|
    +--------------------------------------------+-----+-----------+-----+-----------+
    |ap_NS_fsm                                   |  153|         34|    1|         34|
    |ap_phi_mux_zeros_added_0_be_phi_fu_1843_p4  |   15|          3|   32|         96|
    |ap_phi_mux_zeros_added_2_0_phi_fu_1181_p4   |   15|          3|   32|         96|
    |ap_phi_mux_zeros_added_2_10_phi_fu_1286_p4  |   15|          3|   32|         96|
    |ap_phi_mux_zeros_added_2_12_phi_fu_1307_p4  |   15|          3|   32|         96|
    |ap_phi_mux_zeros_added_2_14_phi_fu_1328_p4  |   15|          3|   32|         96|
    |ap_phi_mux_zeros_added_2_16_phi_fu_1349_p4  |   15|          3|   32|         96|
    |ap_phi_mux_zeros_added_2_18_phi_fu_1370_p4  |   15|          3|   32|         96|
    |ap_phi_mux_zeros_added_2_20_phi_fu_1391_p4  |   15|          3|   32|         96|
    |ap_phi_mux_zeros_added_2_22_phi_fu_1412_p4  |   15|          3|   32|         96|
    |ap_phi_mux_zeros_added_2_24_phi_fu_1433_p4  |   15|          3|   32|         96|
    |ap_phi_mux_zeros_added_2_26_phi_fu_1454_p4  |   15|          3|   32|         96|
    |ap_phi_mux_zeros_added_2_28_phi_fu_1475_p4  |   15|          3|   32|         96|
    |ap_phi_mux_zeros_added_2_2_phi_fu_1202_p4   |   15|          3|   32|         96|
    |ap_phi_mux_zeros_added_2_30_phi_fu_1496_p4  |   15|          3|   32|         96|
    |ap_phi_mux_zeros_added_2_32_phi_fu_1517_p4  |   15|          3|   32|         96|
    |ap_phi_mux_zeros_added_2_34_phi_fu_1538_p4  |   15|          3|   32|         96|
    |ap_phi_mux_zeros_added_2_36_phi_fu_1559_p4  |   15|          3|   32|         96|
    |ap_phi_mux_zeros_added_2_38_phi_fu_1580_p4  |   15|          3|   32|         96|
    |ap_phi_mux_zeros_added_2_40_phi_fu_1601_p4  |   15|          3|   32|         96|
    |ap_phi_mux_zeros_added_2_42_phi_fu_1622_p4  |   15|          3|   32|         96|
    |ap_phi_mux_zeros_added_2_44_phi_fu_1643_p4  |   15|          3|   32|         96|
    |ap_phi_mux_zeros_added_2_46_phi_fu_1664_p4  |   15|          3|   32|         96|
    |ap_phi_mux_zeros_added_2_48_phi_fu_1685_p4  |   15|          3|   32|         96|
    |ap_phi_mux_zeros_added_2_4_phi_fu_1223_p4   |   15|          3|   32|         96|
    |ap_phi_mux_zeros_added_2_50_phi_fu_1706_p4  |   15|          3|   32|         96|
    |ap_phi_mux_zeros_added_2_52_phi_fu_1727_p4  |   15|          3|   32|         96|
    |ap_phi_mux_zeros_added_2_54_phi_fu_1748_p4  |   15|          3|   32|         96|
    |ap_phi_mux_zeros_added_2_56_phi_fu_1769_p4  |   15|          3|   32|         96|
    |ap_phi_mux_zeros_added_2_58_phi_fu_1790_p4  |   15|          3|   32|         96|
    |ap_phi_mux_zeros_added_2_60_phi_fu_1811_p4  |   15|          3|   32|         96|
    |ap_phi_mux_zeros_added_2_62_phi_fu_1832_p4  |   15|          3|   32|         96|
    |ap_phi_mux_zeros_added_2_6_phi_fu_1244_p4   |   15|          3|   32|         96|
    |ap_phi_mux_zeros_added_2_8_phi_fu_1265_p4   |   15|          3|   32|         96|
    |global_lfsr_seed_V_o                        |    9|          2|   16|         32|
    |i_0_reg_1167                                |    9|          2|    7|         14|
    |matrix_0_d0                                 |   15|          3|    1|          3|
    |matrix_10_d0                                |   15|          3|    1|          3|
    |matrix_11_d0                                |   15|          3|    1|          3|
    |matrix_12_d0                                |   15|          3|    1|          3|
    |matrix_13_d0                                |   15|          3|    1|          3|
    |matrix_14_d0                                |   15|          3|    1|          3|
    |matrix_15_d0                                |   15|          3|    1|          3|
    |matrix_16_d0                                |   15|          3|    1|          3|
    |matrix_17_d0                                |   15|          3|    1|          3|
    |matrix_18_d0                                |   15|          3|    1|          3|
    |matrix_19_d0                                |   15|          3|    1|          3|
    |matrix_1_d0                                 |   15|          3|    1|          3|
    |matrix_20_d0                                |   15|          3|    1|          3|
    |matrix_21_d0                                |   15|          3|    1|          3|
    |matrix_22_d0                                |   15|          3|    1|          3|
    |matrix_23_d0                                |   15|          3|    1|          3|
    |matrix_24_d0                                |   15|          3|    1|          3|
    |matrix_25_d0                                |   15|          3|    1|          3|
    |matrix_26_d0                                |   15|          3|    1|          3|
    |matrix_27_d0                                |   15|          3|    1|          3|
    |matrix_28_d0                                |   15|          3|    1|          3|
    |matrix_29_d0                                |   15|          3|    1|          3|
    |matrix_2_d0                                 |   15|          3|    1|          3|
    |matrix_30_d0                                |   15|          3|    1|          3|
    |matrix_31_d0                                |   15|          3|    1|          3|
    |matrix_32_d0                                |   15|          3|    1|          3|
    |matrix_33_d0                                |   15|          3|    1|          3|
    |matrix_34_d0                                |   15|          3|    1|          3|
    |matrix_35_d0                                |   15|          3|    1|          3|
    |matrix_36_d0                                |   15|          3|    1|          3|
    |matrix_37_d0                                |   15|          3|    1|          3|
    |matrix_38_d0                                |   15|          3|    1|          3|
    |matrix_39_d0                                |   15|          3|    1|          3|
    |matrix_3_d0                                 |   15|          3|    1|          3|
    |matrix_40_d0                                |   15|          3|    1|          3|
    |matrix_41_d0                                |   15|          3|    1|          3|
    |matrix_42_d0                                |   15|          3|    1|          3|
    |matrix_43_d0                                |   15|          3|    1|          3|
    |matrix_44_d0                                |   15|          3|    1|          3|
    |matrix_45_d0                                |   15|          3|    1|          3|
    |matrix_46_d0                                |   15|          3|    1|          3|
    |matrix_47_d0                                |   15|          3|    1|          3|
    |matrix_48_d0                                |   15|          3|    1|          3|
    |matrix_49_d0                                |   15|          3|    1|          3|
    |matrix_4_d0                                 |   15|          3|    1|          3|
    |matrix_50_d0                                |   15|          3|    1|          3|
    |matrix_51_d0                                |   15|          3|    1|          3|
    |matrix_52_d0                                |   15|          3|    1|          3|
    |matrix_53_d0                                |   15|          3|    1|          3|
    |matrix_54_d0                                |   15|          3|    1|          3|
    |matrix_55_d0                                |   15|          3|    1|          3|
    |matrix_56_d0                                |   15|          3|    1|          3|
    |matrix_57_d0                                |   15|          3|    1|          3|
    |matrix_58_d0                                |   15|          3|    1|          3|
    |matrix_59_d0                                |   15|          3|    1|          3|
    |matrix_5_d0                                 |   15|          3|    1|          3|
    |matrix_60_d0                                |   15|          3|    1|          3|
    |matrix_61_d0                                |   15|          3|    1|          3|
    |matrix_62_d0                                |   15|          3|    1|          3|
    |matrix_63_d0                                |   15|          3|    1|          3|
    |matrix_6_d0                                 |   15|          3|    1|          3|
    |matrix_7_d0                                 |   15|          3|    1|          3|
    |matrix_8_d0                                 |   15|          3|    1|          3|
    |matrix_9_d0                                 |   15|          3|    1|          3|
    |p_090_0_reg_1146                            |    9|          2|   16|         32|
    |zeros_added_0_reg_1156                      |    9|          2|   32|         64|
    |zeros_added_2_11_reg_1294                   |    9|          2|   32|         64|
    |zeros_added_2_13_reg_1315                   |    9|          2|   32|         64|
    |zeros_added_2_15_reg_1336                   |    9|          2|   32|         64|
    |zeros_added_2_17_reg_1357                   |    9|          2|   32|         64|
    |zeros_added_2_19_reg_1378                   |    9|          2|   32|         64|
    |zeros_added_2_1_reg_1189                    |    9|          2|   32|         64|
    |zeros_added_2_21_reg_1399                   |    9|          2|   32|         64|
    |zeros_added_2_23_reg_1420                   |    9|          2|   32|         64|
    |zeros_added_2_25_reg_1441                   |    9|          2|   32|         64|
    |zeros_added_2_27_reg_1462                   |    9|          2|   32|         64|
    |zeros_added_2_29_reg_1483                   |    9|          2|   32|         64|
    |zeros_added_2_31_reg_1504                   |    9|          2|   32|         64|
    |zeros_added_2_33_reg_1525                   |    9|          2|   32|         64|
    |zeros_added_2_35_reg_1546                   |    9|          2|   32|         64|
    |zeros_added_2_37_reg_1567                   |    9|          2|   32|         64|
    |zeros_added_2_39_reg_1588                   |    9|          2|   32|         64|
    |zeros_added_2_3_reg_1210                    |    9|          2|   32|         64|
    |zeros_added_2_41_reg_1609                   |    9|          2|   32|         64|
    |zeros_added_2_43_reg_1630                   |    9|          2|   32|         64|
    |zeros_added_2_45_reg_1651                   |    9|          2|   32|         64|
    |zeros_added_2_47_reg_1672                   |    9|          2|   32|         64|
    |zeros_added_2_49_reg_1693                   |    9|          2|   32|         64|
    |zeros_added_2_51_reg_1714                   |    9|          2|   32|         64|
    |zeros_added_2_53_reg_1735                   |    9|          2|   32|         64|
    |zeros_added_2_55_reg_1756                   |    9|          2|   32|         64|
    |zeros_added_2_57_reg_1777                   |    9|          2|   32|         64|
    |zeros_added_2_59_reg_1798                   |    9|          2|   32|         64|
    |zeros_added_2_5_reg_1231                    |    9|          2|   32|         64|
    |zeros_added_2_61_reg_1819                   |    9|          2|   32|         64|
    |zeros_added_2_7_reg_1252                    |    9|          2|   32|         64|
    |zeros_added_2_9_reg_1273                    |    9|          2|   32|         64|
    +--------------------------------------------+-----+-----------+-----+-----------+
    |Total                                       | 1923|        395| 2184|       5520|
    +--------------------------------------------+-----+-----------+-----+-----------+

    * Register: 
    +---------------------------+----+----+-----+-----------+
    |            Name           | FF | LUT| Bits| Const Bits|
    +---------------------------+----+----+-----+-----------+
    |ap_CS_fsm                  |  33|   0|   33|          0|
    |i_0_reg_1167               |   7|   0|    7|          0|
    |i_reg_8088                 |   7|   0|    7|          0|
    |or_ln68_10_reg_8344        |  16|   0|   16|          0|
    |or_ln68_11_reg_8359        |  16|   0|   16|          0|
    |or_ln68_12_reg_8376        |  16|   0|   16|          0|
    |or_ln68_13_reg_8391        |  16|   0|   16|          0|
    |or_ln68_14_reg_8408        |  16|   0|   16|          0|
    |or_ln68_15_reg_8423        |  16|   0|   16|          0|
    |or_ln68_16_reg_8440        |  16|   0|   16|          0|
    |or_ln68_17_reg_8455        |  16|   0|   16|          0|
    |or_ln68_18_reg_8472        |  16|   0|   16|          0|
    |or_ln68_19_reg_8487        |  16|   0|   16|          0|
    |or_ln68_1_reg_8191         |  16|   0|   16|          0|
    |or_ln68_20_reg_8504        |  16|   0|   16|          0|
    |or_ln68_21_reg_8519        |  16|   0|   16|          0|
    |or_ln68_22_reg_8536        |  16|   0|   16|          0|
    |or_ln68_23_reg_8551        |  16|   0|   16|          0|
    |or_ln68_24_reg_8568        |  16|   0|   16|          0|
    |or_ln68_25_reg_8583        |  16|   0|   16|          0|
    |or_ln68_26_reg_8600        |  16|   0|   16|          0|
    |or_ln68_27_reg_8615        |  16|   0|   16|          0|
    |or_ln68_28_reg_8632        |  16|   0|   16|          0|
    |or_ln68_29_reg_8647        |  16|   0|   16|          0|
    |or_ln68_2_reg_8214         |  16|   0|   16|          0|
    |or_ln68_30_reg_8664        |  16|   0|   16|          0|
    |or_ln68_31_reg_8679        |  16|   0|   16|          0|
    |or_ln68_32_reg_8696        |  16|   0|   16|          0|
    |or_ln68_33_reg_8711        |  16|   0|   16|          0|
    |or_ln68_34_reg_8728        |  16|   0|   16|          0|
    |or_ln68_35_reg_8743        |  16|   0|   16|          0|
    |or_ln68_36_reg_8760        |  16|   0|   16|          0|
    |or_ln68_37_reg_8775        |  16|   0|   16|          0|
    |or_ln68_38_reg_8792        |  16|   0|   16|          0|
    |or_ln68_39_reg_8807        |  16|   0|   16|          0|
    |or_ln68_3_reg_8235         |  16|   0|   16|          0|
    |or_ln68_40_reg_8824        |  16|   0|   16|          0|
    |or_ln68_41_reg_8839        |  16|   0|   16|          0|
    |or_ln68_42_reg_8856        |  16|   0|   16|          0|
    |or_ln68_43_reg_8871        |  16|   0|   16|          0|
    |or_ln68_44_reg_8888        |  16|   0|   16|          0|
    |or_ln68_45_reg_8903        |  16|   0|   16|          0|
    |or_ln68_46_reg_8920        |  16|   0|   16|          0|
    |or_ln68_47_reg_8935        |  16|   0|   16|          0|
    |or_ln68_48_reg_8952        |  16|   0|   16|          0|
    |or_ln68_49_reg_8967        |  16|   0|   16|          0|
    |or_ln68_4_reg_8252         |  16|   0|   16|          0|
    |or_ln68_50_reg_8984        |  16|   0|   16|          0|
    |or_ln68_51_reg_8999        |  16|   0|   16|          0|
    |or_ln68_52_reg_9016        |  16|   0|   16|          0|
    |or_ln68_53_reg_9031        |  16|   0|   16|          0|
    |or_ln68_54_reg_9048        |  16|   0|   16|          0|
    |or_ln68_55_reg_9063        |  16|   0|   16|          0|
    |or_ln68_56_reg_9080        |  16|   0|   16|          0|
    |or_ln68_58_reg_9104        |  16|   0|   16|          0|
    |or_ln68_5_reg_8262         |  16|   0|   16|          0|
    |or_ln68_60_reg_9127        |  16|   0|   16|          0|
    |or_ln68_62_reg_9150        |  16|   0|   16|          0|
    |or_ln68_6_reg_8278         |  16|   0|   16|          0|
    |or_ln68_7_reg_8295         |  16|   0|   16|          0|
    |or_ln68_8_reg_8312         |  16|   0|   16|          0|
    |or_ln68_9_reg_8327         |  16|   0|   16|          0|
    |or_ln68_reg_8165           |  16|   0|   16|          0|
    |p_090_0_reg_1146           |  16|   0|   16|          0|
    |tmp_304_reg_8159           |   1|   0|    1|          0|
    |tmp_306_reg_8175           |   1|   0|    1|          0|
    |tmp_307_reg_8180           |   1|   0|    1|          0|
    |tmp_308_reg_8186           |   1|   0|    1|          0|
    |tmp_309_reg_8208           |   1|   0|    1|          0|
    |tmp_311_reg_8224           |   1|   0|    1|          0|
    |tmp_312_reg_8230           |   1|   0|    1|          0|
    |tmp_322_reg_8290           |   1|   0|    1|          0|
    |tmp_330_reg_8322           |   1|   0|    1|          0|
    |tmp_338_reg_8354           |   1|   0|    1|          0|
    |tmp_346_reg_8386           |   1|   0|    1|          0|
    |tmp_354_reg_8418           |   1|   0|    1|          0|
    |tmp_362_reg_8450           |   1|   0|    1|          0|
    |tmp_370_reg_8482           |   1|   0|    1|          0|
    |tmp_378_reg_8514           |   1|   0|    1|          0|
    |tmp_386_reg_8546           |   1|   0|    1|          0|
    |tmp_394_reg_8578           |   1|   0|    1|          0|
    |tmp_402_reg_8610           |   1|   0|    1|          0|
    |tmp_410_reg_8642           |   1|   0|    1|          0|
    |tmp_418_reg_8674           |   1|   0|    1|          0|
    |tmp_426_reg_8706           |   1|   0|    1|          0|
    |tmp_434_reg_8738           |   1|   0|    1|          0|
    |tmp_442_reg_8770           |   1|   0|    1|          0|
    |tmp_450_reg_8802           |   1|   0|    1|          0|
    |tmp_458_reg_8834           |   1|   0|    1|          0|
    |tmp_466_reg_8866           |   1|   0|    1|          0|
    |tmp_474_reg_8898           |   1|   0|    1|          0|
    |tmp_482_reg_8930           |   1|   0|    1|          0|
    |tmp_490_reg_8962           |   1|   0|    1|          0|
    |tmp_498_reg_8994           |   1|   0|    1|          0|
    |tmp_506_reg_9026           |   1|   0|    1|          0|
    |tmp_514_reg_9058           |   1|   0|    1|          0|
    |tmp_526_reg_9098           |   1|   0|    1|          0|
    |tmp_534_reg_9121           |   1|   0|    1|          0|
    |tmp_542_reg_9144           |   1|   0|    1|          0|
    |zeros_added_0_reg_1156     |  32|   0|   32|          0|
    |zeros_added_2_11_reg_1294  |  32|   0|   32|          0|
    |zeros_added_2_13_reg_1315  |  32|   0|   32|          0|
    |zeros_added_2_15_reg_1336  |  32|   0|   32|          0|
    |zeros_added_2_17_reg_1357  |  32|   0|   32|          0|
    |zeros_added_2_19_reg_1378  |  32|   0|   32|          0|
    |zeros_added_2_1_reg_1189   |  32|   0|   32|          0|
    |zeros_added_2_21_reg_1399  |  32|   0|   32|          0|
    |zeros_added_2_23_reg_1420  |  32|   0|   32|          0|
    |zeros_added_2_25_reg_1441  |  32|   0|   32|          0|
    |zeros_added_2_27_reg_1462  |  32|   0|   32|          0|
    |zeros_added_2_29_reg_1483  |  32|   0|   32|          0|
    |zeros_added_2_31_reg_1504  |  32|   0|   32|          0|
    |zeros_added_2_33_reg_1525  |  32|   0|   32|          0|
    |zeros_added_2_35_reg_1546  |  32|   0|   32|          0|
    |zeros_added_2_37_reg_1567  |  32|   0|   32|          0|
    |zeros_added_2_39_reg_1588  |  32|   0|   32|          0|
    |zeros_added_2_3_reg_1210   |  32|   0|   32|          0|
    |zeros_added_2_41_reg_1609  |  32|   0|   32|          0|
    |zeros_added_2_43_reg_1630  |  32|   0|   32|          0|
    |zeros_added_2_45_reg_1651  |  32|   0|   32|          0|
    |zeros_added_2_47_reg_1672  |  32|   0|   32|          0|
    |zeros_added_2_49_reg_1693  |  32|   0|   32|          0|
    |zeros_added_2_51_reg_1714  |  32|   0|   32|          0|
    |zeros_added_2_53_reg_1735  |  32|   0|   32|          0|
    |zeros_added_2_55_reg_1756  |  32|   0|   32|          0|
    |zeros_added_2_57_reg_1777  |  32|   0|   32|          0|
    |zeros_added_2_59_reg_1798  |  32|   0|   32|          0|
    |zeros_added_2_5_reg_1231   |  32|   0|   32|          0|
    |zeros_added_2_61_reg_1819  |  32|   0|   32|          0|
    |zeros_added_2_7_reg_1252   |  32|   0|   32|          0|
    |zeros_added_2_9_reg_1273   |  32|   0|   32|          0|
    |zext_ln96_reg_8093         |   7|   0|   64|         57|
    +---------------------------+----+----+-----+-----------+
    |Total                      |2089|   0| 2146|         57|
    +---------------------------+----+----+-----+-----------+



================================================================
== Interface
================================================================
* Summary: 
+-----------------------------+-----+-----+------------+----------------------+--------------+
|          RTL Ports          | Dir | Bits|  Protocol  |     Source Object    |    C Type    |
+-----------------------------+-----+-----+------------+----------------------+--------------+
|ap_clk                       |  in |    1| ap_ctrl_hs | generate_binary_matr | return value |
|ap_rst                       |  in |    1| ap_ctrl_hs | generate_binary_matr | return value |
|ap_start                     |  in |    1| ap_ctrl_hs | generate_binary_matr | return value |
|ap_done                      | out |    1| ap_ctrl_hs | generate_binary_matr | return value |
|ap_idle                      | out |    1| ap_ctrl_hs | generate_binary_matr | return value |
|ap_ready                     | out |    1| ap_ctrl_hs | generate_binary_matr | return value |
|matrix_0_address0            | out |    7|  ap_memory |       matrix_0       |     array    |
|matrix_0_ce0                 | out |    1|  ap_memory |       matrix_0       |     array    |
|matrix_0_we0                 | out |    1|  ap_memory |       matrix_0       |     array    |
|matrix_0_d0                  | out |    1|  ap_memory |       matrix_0       |     array    |
|matrix_1_address0            | out |    7|  ap_memory |       matrix_1       |     array    |
|matrix_1_ce0                 | out |    1|  ap_memory |       matrix_1       |     array    |
|matrix_1_we0                 | out |    1|  ap_memory |       matrix_1       |     array    |
|matrix_1_d0                  | out |    1|  ap_memory |       matrix_1       |     array    |
|matrix_2_address0            | out |    7|  ap_memory |       matrix_2       |     array    |
|matrix_2_ce0                 | out |    1|  ap_memory |       matrix_2       |     array    |
|matrix_2_we0                 | out |    1|  ap_memory |       matrix_2       |     array    |
|matrix_2_d0                  | out |    1|  ap_memory |       matrix_2       |     array    |
|matrix_3_address0            | out |    7|  ap_memory |       matrix_3       |     array    |
|matrix_3_ce0                 | out |    1|  ap_memory |       matrix_3       |     array    |
|matrix_3_we0                 | out |    1|  ap_memory |       matrix_3       |     array    |
|matrix_3_d0                  | out |    1|  ap_memory |       matrix_3       |     array    |
|matrix_4_address0            | out |    7|  ap_memory |       matrix_4       |     array    |
|matrix_4_ce0                 | out |    1|  ap_memory |       matrix_4       |     array    |
|matrix_4_we0                 | out |    1|  ap_memory |       matrix_4       |     array    |
|matrix_4_d0                  | out |    1|  ap_memory |       matrix_4       |     array    |
|matrix_5_address0            | out |    7|  ap_memory |       matrix_5       |     array    |
|matrix_5_ce0                 | out |    1|  ap_memory |       matrix_5       |     array    |
|matrix_5_we0                 | out |    1|  ap_memory |       matrix_5       |     array    |
|matrix_5_d0                  | out |    1|  ap_memory |       matrix_5       |     array    |
|matrix_6_address0            | out |    7|  ap_memory |       matrix_6       |     array    |
|matrix_6_ce0                 | out |    1|  ap_memory |       matrix_6       |     array    |
|matrix_6_we0                 | out |    1|  ap_memory |       matrix_6       |     array    |
|matrix_6_d0                  | out |    1|  ap_memory |       matrix_6       |     array    |
|matrix_7_address0            | out |    7|  ap_memory |       matrix_7       |     array    |
|matrix_7_ce0                 | out |    1|  ap_memory |       matrix_7       |     array    |
|matrix_7_we0                 | out |    1|  ap_memory |       matrix_7       |     array    |
|matrix_7_d0                  | out |    1|  ap_memory |       matrix_7       |     array    |
|matrix_8_address0            | out |    7|  ap_memory |       matrix_8       |     array    |
|matrix_8_ce0                 | out |    1|  ap_memory |       matrix_8       |     array    |
|matrix_8_we0                 | out |    1|  ap_memory |       matrix_8       |     array    |
|matrix_8_d0                  | out |    1|  ap_memory |       matrix_8       |     array    |
|matrix_9_address0            | out |    7|  ap_memory |       matrix_9       |     array    |
|matrix_9_ce0                 | out |    1|  ap_memory |       matrix_9       |     array    |
|matrix_9_we0                 | out |    1|  ap_memory |       matrix_9       |     array    |
|matrix_9_d0                  | out |    1|  ap_memory |       matrix_9       |     array    |
|matrix_10_address0           | out |    7|  ap_memory |       matrix_10      |     array    |
|matrix_10_ce0                | out |    1|  ap_memory |       matrix_10      |     array    |
|matrix_10_we0                | out |    1|  ap_memory |       matrix_10      |     array    |
|matrix_10_d0                 | out |    1|  ap_memory |       matrix_10      |     array    |
|matrix_11_address0           | out |    7|  ap_memory |       matrix_11      |     array    |
|matrix_11_ce0                | out |    1|  ap_memory |       matrix_11      |     array    |
|matrix_11_we0                | out |    1|  ap_memory |       matrix_11      |     array    |
|matrix_11_d0                 | out |    1|  ap_memory |       matrix_11      |     array    |
|matrix_12_address0           | out |    7|  ap_memory |       matrix_12      |     array    |
|matrix_12_ce0                | out |    1|  ap_memory |       matrix_12      |     array    |
|matrix_12_we0                | out |    1|  ap_memory |       matrix_12      |     array    |
|matrix_12_d0                 | out |    1|  ap_memory |       matrix_12      |     array    |
|matrix_13_address0           | out |    7|  ap_memory |       matrix_13      |     array    |
|matrix_13_ce0                | out |    1|  ap_memory |       matrix_13      |     array    |
|matrix_13_we0                | out |    1|  ap_memory |       matrix_13      |     array    |
|matrix_13_d0                 | out |    1|  ap_memory |       matrix_13      |     array    |
|matrix_14_address0           | out |    7|  ap_memory |       matrix_14      |     array    |
|matrix_14_ce0                | out |    1|  ap_memory |       matrix_14      |     array    |
|matrix_14_we0                | out |    1|  ap_memory |       matrix_14      |     array    |
|matrix_14_d0                 | out |    1|  ap_memory |       matrix_14      |     array    |
|matrix_15_address0           | out |    7|  ap_memory |       matrix_15      |     array    |
|matrix_15_ce0                | out |    1|  ap_memory |       matrix_15      |     array    |
|matrix_15_we0                | out |    1|  ap_memory |       matrix_15      |     array    |
|matrix_15_d0                 | out |    1|  ap_memory |       matrix_15      |     array    |
|matrix_16_address0           | out |    7|  ap_memory |       matrix_16      |     array    |
|matrix_16_ce0                | out |    1|  ap_memory |       matrix_16      |     array    |
|matrix_16_we0                | out |    1|  ap_memory |       matrix_16      |     array    |
|matrix_16_d0                 | out |    1|  ap_memory |       matrix_16      |     array    |
|matrix_17_address0           | out |    7|  ap_memory |       matrix_17      |     array    |
|matrix_17_ce0                | out |    1|  ap_memory |       matrix_17      |     array    |
|matrix_17_we0                | out |    1|  ap_memory |       matrix_17      |     array    |
|matrix_17_d0                 | out |    1|  ap_memory |       matrix_17      |     array    |
|matrix_18_address0           | out |    7|  ap_memory |       matrix_18      |     array    |
|matrix_18_ce0                | out |    1|  ap_memory |       matrix_18      |     array    |
|matrix_18_we0                | out |    1|  ap_memory |       matrix_18      |     array    |
|matrix_18_d0                 | out |    1|  ap_memory |       matrix_18      |     array    |
|matrix_19_address0           | out |    7|  ap_memory |       matrix_19      |     array    |
|matrix_19_ce0                | out |    1|  ap_memory |       matrix_19      |     array    |
|matrix_19_we0                | out |    1|  ap_memory |       matrix_19      |     array    |
|matrix_19_d0                 | out |    1|  ap_memory |       matrix_19      |     array    |
|matrix_20_address0           | out |    7|  ap_memory |       matrix_20      |     array    |
|matrix_20_ce0                | out |    1|  ap_memory |       matrix_20      |     array    |
|matrix_20_we0                | out |    1|  ap_memory |       matrix_20      |     array    |
|matrix_20_d0                 | out |    1|  ap_memory |       matrix_20      |     array    |
|matrix_21_address0           | out |    7|  ap_memory |       matrix_21      |     array    |
|matrix_21_ce0                | out |    1|  ap_memory |       matrix_21      |     array    |
|matrix_21_we0                | out |    1|  ap_memory |       matrix_21      |     array    |
|matrix_21_d0                 | out |    1|  ap_memory |       matrix_21      |     array    |
|matrix_22_address0           | out |    7|  ap_memory |       matrix_22      |     array    |
|matrix_22_ce0                | out |    1|  ap_memory |       matrix_22      |     array    |
|matrix_22_we0                | out |    1|  ap_memory |       matrix_22      |     array    |
|matrix_22_d0                 | out |    1|  ap_memory |       matrix_22      |     array    |
|matrix_23_address0           | out |    7|  ap_memory |       matrix_23      |     array    |
|matrix_23_ce0                | out |    1|  ap_memory |       matrix_23      |     array    |
|matrix_23_we0                | out |    1|  ap_memory |       matrix_23      |     array    |
|matrix_23_d0                 | out |    1|  ap_memory |       matrix_23      |     array    |
|matrix_24_address0           | out |    7|  ap_memory |       matrix_24      |     array    |
|matrix_24_ce0                | out |    1|  ap_memory |       matrix_24      |     array    |
|matrix_24_we0                | out |    1|  ap_memory |       matrix_24      |     array    |
|matrix_24_d0                 | out |    1|  ap_memory |       matrix_24      |     array    |
|matrix_25_address0           | out |    7|  ap_memory |       matrix_25      |     array    |
|matrix_25_ce0                | out |    1|  ap_memory |       matrix_25      |     array    |
|matrix_25_we0                | out |    1|  ap_memory |       matrix_25      |     array    |
|matrix_25_d0                 | out |    1|  ap_memory |       matrix_25      |     array    |
|matrix_26_address0           | out |    7|  ap_memory |       matrix_26      |     array    |
|matrix_26_ce0                | out |    1|  ap_memory |       matrix_26      |     array    |
|matrix_26_we0                | out |    1|  ap_memory |       matrix_26      |     array    |
|matrix_26_d0                 | out |    1|  ap_memory |       matrix_26      |     array    |
|matrix_27_address0           | out |    7|  ap_memory |       matrix_27      |     array    |
|matrix_27_ce0                | out |    1|  ap_memory |       matrix_27      |     array    |
|matrix_27_we0                | out |    1|  ap_memory |       matrix_27      |     array    |
|matrix_27_d0                 | out |    1|  ap_memory |       matrix_27      |     array    |
|matrix_28_address0           | out |    7|  ap_memory |       matrix_28      |     array    |
|matrix_28_ce0                | out |    1|  ap_memory |       matrix_28      |     array    |
|matrix_28_we0                | out |    1|  ap_memory |       matrix_28      |     array    |
|matrix_28_d0                 | out |    1|  ap_memory |       matrix_28      |     array    |
|matrix_29_address0           | out |    7|  ap_memory |       matrix_29      |     array    |
|matrix_29_ce0                | out |    1|  ap_memory |       matrix_29      |     array    |
|matrix_29_we0                | out |    1|  ap_memory |       matrix_29      |     array    |
|matrix_29_d0                 | out |    1|  ap_memory |       matrix_29      |     array    |
|matrix_30_address0           | out |    7|  ap_memory |       matrix_30      |     array    |
|matrix_30_ce0                | out |    1|  ap_memory |       matrix_30      |     array    |
|matrix_30_we0                | out |    1|  ap_memory |       matrix_30      |     array    |
|matrix_30_d0                 | out |    1|  ap_memory |       matrix_30      |     array    |
|matrix_31_address0           | out |    7|  ap_memory |       matrix_31      |     array    |
|matrix_31_ce0                | out |    1|  ap_memory |       matrix_31      |     array    |
|matrix_31_we0                | out |    1|  ap_memory |       matrix_31      |     array    |
|matrix_31_d0                 | out |    1|  ap_memory |       matrix_31      |     array    |
|matrix_32_address0           | out |    7|  ap_memory |       matrix_32      |     array    |
|matrix_32_ce0                | out |    1|  ap_memory |       matrix_32      |     array    |
|matrix_32_we0                | out |    1|  ap_memory |       matrix_32      |     array    |
|matrix_32_d0                 | out |    1|  ap_memory |       matrix_32      |     array    |
|matrix_33_address0           | out |    7|  ap_memory |       matrix_33      |     array    |
|matrix_33_ce0                | out |    1|  ap_memory |       matrix_33      |     array    |
|matrix_33_we0                | out |    1|  ap_memory |       matrix_33      |     array    |
|matrix_33_d0                 | out |    1|  ap_memory |       matrix_33      |     array    |
|matrix_34_address0           | out |    7|  ap_memory |       matrix_34      |     array    |
|matrix_34_ce0                | out |    1|  ap_memory |       matrix_34      |     array    |
|matrix_34_we0                | out |    1|  ap_memory |       matrix_34      |     array    |
|matrix_34_d0                 | out |    1|  ap_memory |       matrix_34      |     array    |
|matrix_35_address0           | out |    7|  ap_memory |       matrix_35      |     array    |
|matrix_35_ce0                | out |    1|  ap_memory |       matrix_35      |     array    |
|matrix_35_we0                | out |    1|  ap_memory |       matrix_35      |     array    |
|matrix_35_d0                 | out |    1|  ap_memory |       matrix_35      |     array    |
|matrix_36_address0           | out |    7|  ap_memory |       matrix_36      |     array    |
|matrix_36_ce0                | out |    1|  ap_memory |       matrix_36      |     array    |
|matrix_36_we0                | out |    1|  ap_memory |       matrix_36      |     array    |
|matrix_36_d0                 | out |    1|  ap_memory |       matrix_36      |     array    |
|matrix_37_address0           | out |    7|  ap_memory |       matrix_37      |     array    |
|matrix_37_ce0                | out |    1|  ap_memory |       matrix_37      |     array    |
|matrix_37_we0                | out |    1|  ap_memory |       matrix_37      |     array    |
|matrix_37_d0                 | out |    1|  ap_memory |       matrix_37      |     array    |
|matrix_38_address0           | out |    7|  ap_memory |       matrix_38      |     array    |
|matrix_38_ce0                | out |    1|  ap_memory |       matrix_38      |     array    |
|matrix_38_we0                | out |    1|  ap_memory |       matrix_38      |     array    |
|matrix_38_d0                 | out |    1|  ap_memory |       matrix_38      |     array    |
|matrix_39_address0           | out |    7|  ap_memory |       matrix_39      |     array    |
|matrix_39_ce0                | out |    1|  ap_memory |       matrix_39      |     array    |
|matrix_39_we0                | out |    1|  ap_memory |       matrix_39      |     array    |
|matrix_39_d0                 | out |    1|  ap_memory |       matrix_39      |     array    |
|matrix_40_address0           | out |    7|  ap_memory |       matrix_40      |     array    |
|matrix_40_ce0                | out |    1|  ap_memory |       matrix_40      |     array    |
|matrix_40_we0                | out |    1|  ap_memory |       matrix_40      |     array    |
|matrix_40_d0                 | out |    1|  ap_memory |       matrix_40      |     array    |
|matrix_41_address0           | out |    7|  ap_memory |       matrix_41      |     array    |
|matrix_41_ce0                | out |    1|  ap_memory |       matrix_41      |     array    |
|matrix_41_we0                | out |    1|  ap_memory |       matrix_41      |     array    |
|matrix_41_d0                 | out |    1|  ap_memory |       matrix_41      |     array    |
|matrix_42_address0           | out |    7|  ap_memory |       matrix_42      |     array    |
|matrix_42_ce0                | out |    1|  ap_memory |       matrix_42      |     array    |
|matrix_42_we0                | out |    1|  ap_memory |       matrix_42      |     array    |
|matrix_42_d0                 | out |    1|  ap_memory |       matrix_42      |     array    |
|matrix_43_address0           | out |    7|  ap_memory |       matrix_43      |     array    |
|matrix_43_ce0                | out |    1|  ap_memory |       matrix_43      |     array    |
|matrix_43_we0                | out |    1|  ap_memory |       matrix_43      |     array    |
|matrix_43_d0                 | out |    1|  ap_memory |       matrix_43      |     array    |
|matrix_44_address0           | out |    7|  ap_memory |       matrix_44      |     array    |
|matrix_44_ce0                | out |    1|  ap_memory |       matrix_44      |     array    |
|matrix_44_we0                | out |    1|  ap_memory |       matrix_44      |     array    |
|matrix_44_d0                 | out |    1|  ap_memory |       matrix_44      |     array    |
|matrix_45_address0           | out |    7|  ap_memory |       matrix_45      |     array    |
|matrix_45_ce0                | out |    1|  ap_memory |       matrix_45      |     array    |
|matrix_45_we0                | out |    1|  ap_memory |       matrix_45      |     array    |
|matrix_45_d0                 | out |    1|  ap_memory |       matrix_45      |     array    |
|matrix_46_address0           | out |    7|  ap_memory |       matrix_46      |     array    |
|matrix_46_ce0                | out |    1|  ap_memory |       matrix_46      |     array    |
|matrix_46_we0                | out |    1|  ap_memory |       matrix_46      |     array    |
|matrix_46_d0                 | out |    1|  ap_memory |       matrix_46      |     array    |
|matrix_47_address0           | out |    7|  ap_memory |       matrix_47      |     array    |
|matrix_47_ce0                | out |    1|  ap_memory |       matrix_47      |     array    |
|matrix_47_we0                | out |    1|  ap_memory |       matrix_47      |     array    |
|matrix_47_d0                 | out |    1|  ap_memory |       matrix_47      |     array    |
|matrix_48_address0           | out |    7|  ap_memory |       matrix_48      |     array    |
|matrix_48_ce0                | out |    1|  ap_memory |       matrix_48      |     array    |
|matrix_48_we0                | out |    1|  ap_memory |       matrix_48      |     array    |
|matrix_48_d0                 | out |    1|  ap_memory |       matrix_48      |     array    |
|matrix_49_address0           | out |    7|  ap_memory |       matrix_49      |     array    |
|matrix_49_ce0                | out |    1|  ap_memory |       matrix_49      |     array    |
|matrix_49_we0                | out |    1|  ap_memory |       matrix_49      |     array    |
|matrix_49_d0                 | out |    1|  ap_memory |       matrix_49      |     array    |
|matrix_50_address0           | out |    7|  ap_memory |       matrix_50      |     array    |
|matrix_50_ce0                | out |    1|  ap_memory |       matrix_50      |     array    |
|matrix_50_we0                | out |    1|  ap_memory |       matrix_50      |     array    |
|matrix_50_d0                 | out |    1|  ap_memory |       matrix_50      |     array    |
|matrix_51_address0           | out |    7|  ap_memory |       matrix_51      |     array    |
|matrix_51_ce0                | out |    1|  ap_memory |       matrix_51      |     array    |
|matrix_51_we0                | out |    1|  ap_memory |       matrix_51      |     array    |
|matrix_51_d0                 | out |    1|  ap_memory |       matrix_51      |     array    |
|matrix_52_address0           | out |    7|  ap_memory |       matrix_52      |     array    |
|matrix_52_ce0                | out |    1|  ap_memory |       matrix_52      |     array    |
|matrix_52_we0                | out |    1|  ap_memory |       matrix_52      |     array    |
|matrix_52_d0                 | out |    1|  ap_memory |       matrix_52      |     array    |
|matrix_53_address0           | out |    7|  ap_memory |       matrix_53      |     array    |
|matrix_53_ce0                | out |    1|  ap_memory |       matrix_53      |     array    |
|matrix_53_we0                | out |    1|  ap_memory |       matrix_53      |     array    |
|matrix_53_d0                 | out |    1|  ap_memory |       matrix_53      |     array    |
|matrix_54_address0           | out |    7|  ap_memory |       matrix_54      |     array    |
|matrix_54_ce0                | out |    1|  ap_memory |       matrix_54      |     array    |
|matrix_54_we0                | out |    1|  ap_memory |       matrix_54      |     array    |
|matrix_54_d0                 | out |    1|  ap_memory |       matrix_54      |     array    |
|matrix_55_address0           | out |    7|  ap_memory |       matrix_55      |     array    |
|matrix_55_ce0                | out |    1|  ap_memory |       matrix_55      |     array    |
|matrix_55_we0                | out |    1|  ap_memory |       matrix_55      |     array    |
|matrix_55_d0                 | out |    1|  ap_memory |       matrix_55      |     array    |
|matrix_56_address0           | out |    7|  ap_memory |       matrix_56      |     array    |
|matrix_56_ce0                | out |    1|  ap_memory |       matrix_56      |     array    |
|matrix_56_we0                | out |    1|  ap_memory |       matrix_56      |     array    |
|matrix_56_d0                 | out |    1|  ap_memory |       matrix_56      |     array    |
|matrix_57_address0           | out |    7|  ap_memory |       matrix_57      |     array    |
|matrix_57_ce0                | out |    1|  ap_memory |       matrix_57      |     array    |
|matrix_57_we0                | out |    1|  ap_memory |       matrix_57      |     array    |
|matrix_57_d0                 | out |    1|  ap_memory |       matrix_57      |     array    |
|matrix_58_address0           | out |    7|  ap_memory |       matrix_58      |     array    |
|matrix_58_ce0                | out |    1|  ap_memory |       matrix_58      |     array    |
|matrix_58_we0                | out |    1|  ap_memory |       matrix_58      |     array    |
|matrix_58_d0                 | out |    1|  ap_memory |       matrix_58      |     array    |
|matrix_59_address0           | out |    7|  ap_memory |       matrix_59      |     array    |
|matrix_59_ce0                | out |    1|  ap_memory |       matrix_59      |     array    |
|matrix_59_we0                | out |    1|  ap_memory |       matrix_59      |     array    |
|matrix_59_d0                 | out |    1|  ap_memory |       matrix_59      |     array    |
|matrix_60_address0           | out |    7|  ap_memory |       matrix_60      |     array    |
|matrix_60_ce0                | out |    1|  ap_memory |       matrix_60      |     array    |
|matrix_60_we0                | out |    1|  ap_memory |       matrix_60      |     array    |
|matrix_60_d0                 | out |    1|  ap_memory |       matrix_60      |     array    |
|matrix_61_address0           | out |    7|  ap_memory |       matrix_61      |     array    |
|matrix_61_ce0                | out |    1|  ap_memory |       matrix_61      |     array    |
|matrix_61_we0                | out |    1|  ap_memory |       matrix_61      |     array    |
|matrix_61_d0                 | out |    1|  ap_memory |       matrix_61      |     array    |
|matrix_62_address0           | out |    7|  ap_memory |       matrix_62      |     array    |
|matrix_62_ce0                | out |    1|  ap_memory |       matrix_62      |     array    |
|matrix_62_we0                | out |    1|  ap_memory |       matrix_62      |     array    |
|matrix_62_d0                 | out |    1|  ap_memory |       matrix_62      |     array    |
|matrix_63_address0           | out |    7|  ap_memory |       matrix_63      |     array    |
|matrix_63_ce0                | out |    1|  ap_memory |       matrix_63      |     array    |
|matrix_63_we0                | out |    1|  ap_memory |       matrix_63      |     array    |
|matrix_63_d0                 | out |    1|  ap_memory |       matrix_63      |     array    |
|global_lfsr_seed_V_i         |  in |   16|   ap_ovld  |  global_lfsr_seed_V  |    pointer   |
|global_lfsr_seed_V_o         | out |   16|   ap_ovld  |  global_lfsr_seed_V  |    pointer   |
|global_lfsr_seed_V_o_ap_vld  | out |    1|   ap_ovld  |  global_lfsr_seed_V  |    pointer   |
+-----------------------------+-----+-----+------------+----------------------+--------------+

