

================================================================
== Vivado HLS Report for 'mlp_xcel'
================================================================
* Date:           Mon Dec  2 09:47:15 2024

* Version:        2019.2 (Build 2704478 on Wed Nov 06 22:10:23 MST 2019)
* Project:        mlp.prj
* Solution:       solution1
* Product family: zynq
* Target device:  xc7z020-clg484-1


================================================================
== Performance Estimates
================================================================
+ Timing: 
    * Summary: 
    +--------+----------+----------+------------+
    |  Clock |  Target  | Estimated| Uncertainty|
    +--------+----------+----------+------------+
    |ap_clk  | 10.00 ns | 8.670 ns |   1.25 ns  |
    +--------+----------+----------+------------+

+ Latency: 
    * Summary: 
    +---------+---------+----------+----------+--------+--------+---------+
    |  Latency (cycles) |  Latency (absolute) |     Interval    | Pipeline|
    |   min   |   max   |    min   |    max   |   min  |   max  |   Type  |
    +---------+---------+----------+----------+--------+--------+---------+
    |   189949|   189949| 1.899 ms | 1.899 ms |  189949|  189949|   none  |
    +---------+---------+----------+----------+--------+--------+---------+

    + Detail: 
        * Instance: 
        +------------------------------------+------------------------+---------+---------+-----------+-----------+------+------+---------+
        |                                    |                        |  Latency (cycles) |   Latency (absolute)  |   Interval  | Pipeline|
        |              Instance              |         Module         |   min   |   max   |    min    |    max    |  min |  max |   Type  |
        +------------------------------------+------------------------+---------+---------+-----------+-----------+------+------+---------+
        |grp_dense_lay_64_32_s_fu_1530       |dense_lay_64_32_s       |      993|      993|  9.930 us |  9.930 us |   993|   993|   none  |
        |grp_generate_binary_matr_fu_1794    |generate_binary_matr    |     3201|     3201| 32.010 us | 32.010 us |  3201|  3201|   none  |
        |grp_dense_lay_32_16_s_fu_1928       |dense_lay_32_16_s       |      225|      225|  2.250 us |  2.250 us |   225|   225|   none  |
        |grp_dense_lay_9_64_s_fu_2064        |dense_lay_9_64_s        |      449|      449|  4.490 us |  4.490 us |   449|   449|   none  |
        |grp_generate_binary_matr_1_fu_2227  |generate_binary_matr_1  |     1601|     1601| 16.010 us | 16.010 us |  1601|  1601|   none  |
        |grp_dense_lay_16_16_s_fu_2265       |dense_lay_16_16_s       |      145|      145|  1.450 us |  1.450 us |   145|   145|   none  |
        |grp_calculate_variance_fu_2353      |calculate_variance      |      719|      719|  7.190 us |  7.190 us |   719|   719|   none  |
        |grp_generate_binary_matr_2_fu_2361  |generate_binary_matr_2  |      809|      809|  8.090 us |  8.090 us |   809|   809|   none  |
        |call_ret2_relu_64_s_fu_2386         |relu_64_s               |        0|        0|    0 ns   |    0 ns   |     0|     0|   none  |
        +------------------------------------+------------------------+---------+---------+-----------+-----------+------+------+---------+

        * Loop: 
        +--------------------------+---------+---------+----------+-----------+-----------+------+----------+
        |                          |  Latency (cycles) | Iteration|  Initiation Interval  | Trip |          |
        |         Loop Name        |   min   |   max   |  Latency |  achieved |   target  | Count| Pipelined|
        +--------------------------+---------+---------+----------+-----------+-----------+------+----------+
        |- iterate_num_monte_runs  |   182400|   182400|      1824|          -|          -|   100|    no    |
        |- iterate_runs_mean       |      400|      400|         4|          -|          -|   100|    no    |
        +--------------------------+---------+---------+----------+-----------+-----------+------+----------+



================================================================
== Utilization Estimates
================================================================
* Summary: 
+-----------------+---------+-------+--------+-------+-----+
|       Name      | BRAM_18K| DSP48E|   FF   |  LUT  | URAM|
+-----------------+---------+-------+--------+-------+-----+
|DSP              |        -|      -|       -|      -|    -|
|Expression       |        -|     21|       0|   3321|    -|
|FIFO             |        -|      -|       -|      -|    -|
|Instance         |        1|    174|   21415|  32786|    -|
|Memory           |        1|      -|     256|    256|    0|
|Multiplexer      |        -|      -|       -|   5224|    -|
|Register         |        -|      -|    7631|      -|    -|
+-----------------+---------+-------+--------+-------+-----+
|Total            |        2|    195|   29302|  41587|    0|
+-----------------+---------+-------+--------+-------+-----+
|Available        |      280|    220|  106400|  53200|    0|
+-----------------+---------+-------+--------+-------+-----+
|Utilization (%)  |    ~0   |     88|      27|     78|    0|
+-----------------+---------+-------+--------+-------+-----+

+ Detail: 
    * Instance: 
    +------------------------------------+------------------------+---------+-------+------+------+-----+
    |              Instance              |         Module         | BRAM_18K| DSP48E|  FF  |  LUT | URAM|
    +------------------------------------+------------------------+---------+-------+------+------+-----+
    |grp_calculate_variance_fu_2353      |calculate_variance      |        0|     10|  1434|  3027|    0|
    |grp_dense_lay_16_16_s_fu_2265       |dense_lay_16_16_s       |        0|     27|  2531|  2071|    0|
    |grp_dense_lay_32_16_s_fu_1928       |dense_lay_32_16_s       |        0|     53|  4023|  3543|    0|
    |grp_dense_lay_64_32_s_fu_1530       |dense_lay_64_32_s       |        0|     64|  6293|  6012|    0|
    |grp_dense_lay_9_64_s_fu_2064        |dense_lay_9_64_s        |        1|     17|  3268|  2773|    0|
    |grp_generate_binary_matr_fu_1794    |generate_binary_matr    |        0|      0|  2089|  7261|    0|
    |grp_generate_binary_matr_1_fu_2227  |generate_binary_matr_1  |        0|      0|  1024|  3677|    0|
    |grp_generate_binary_matr_2_fu_2361  |generate_binary_matr_2  |        0|      3|   753|  2758|    0|
    |call_ret2_relu_64_s_fu_2386         |relu_64_s               |        0|      0|     0|  1664|    0|
    +------------------------------------+------------------------+---------+-------+------+------+-----+
    |Total                               |                        |        1|    174| 21415| 32786|    0|
    +------------------------------------+------------------------+---------+-------+------+------+-----+

    * DSP48E: 
    N/A

    * Memory: 
    +-------------+--------------------+---------+---+----+-----+------+-----+------+-------------+
    |    Memory   |       Module       | BRAM_18K| FF| LUT| URAM| Words| Bits| Banks| W*Bits*Banks|
    +-------------+--------------------+---------+---+----+-----+------+-----+------+-------------+
    |mask0_0_U    |mlp_xcel_mask0_0    |        0|  2|   2|    0|   100|    1|     1|          100|
    |mask0_1_U    |mlp_xcel_mask0_0    |        0|  2|   2|    0|   100|    1|     1|          100|
    |mask0_2_U    |mlp_xcel_mask0_0    |        0|  2|   2|    0|   100|    1|     1|          100|
    |mask0_3_U    |mlp_xcel_mask0_0    |        0|  2|   2|    0|   100|    1|     1|          100|
    |mask0_4_U    |mlp_xcel_mask0_0    |        0|  2|   2|    0|   100|    1|     1|          100|
    |mask0_5_U    |mlp_xcel_mask0_0    |        0|  2|   2|    0|   100|    1|     1|          100|
    |mask0_6_U    |mlp_xcel_mask0_0    |        0|  2|   2|    0|   100|    1|     1|          100|
    |mask0_7_U    |mlp_xcel_mask0_0    |        0|  2|   2|    0|   100|    1|     1|          100|
    |mask0_8_U    |mlp_xcel_mask0_0    |        0|  2|   2|    0|   100|    1|     1|          100|
    |mask0_9_U    |mlp_xcel_mask0_0    |        0|  2|   2|    0|   100|    1|     1|          100|
    |mask0_10_U   |mlp_xcel_mask0_0    |        0|  2|   2|    0|   100|    1|     1|          100|
    |mask0_11_U   |mlp_xcel_mask0_0    |        0|  2|   2|    0|   100|    1|     1|          100|
    |mask0_12_U   |mlp_xcel_mask0_0    |        0|  2|   2|    0|   100|    1|     1|          100|
    |mask0_13_U   |mlp_xcel_mask0_0    |        0|  2|   2|    0|   100|    1|     1|          100|
    |mask0_14_U   |mlp_xcel_mask0_0    |        0|  2|   2|    0|   100|    1|     1|          100|
    |mask0_15_U   |mlp_xcel_mask0_0    |        0|  2|   2|    0|   100|    1|     1|          100|
    |mask0_16_U   |mlp_xcel_mask0_0    |        0|  2|   2|    0|   100|    1|     1|          100|
    |mask0_17_U   |mlp_xcel_mask0_0    |        0|  2|   2|    0|   100|    1|     1|          100|
    |mask0_18_U   |mlp_xcel_mask0_0    |        0|  2|   2|    0|   100|    1|     1|          100|
    |mask0_19_U   |mlp_xcel_mask0_0    |        0|  2|   2|    0|   100|    1|     1|          100|
    |mask0_20_U   |mlp_xcel_mask0_0    |        0|  2|   2|    0|   100|    1|     1|          100|
    |mask0_21_U   |mlp_xcel_mask0_0    |        0|  2|   2|    0|   100|    1|     1|          100|
    |mask0_22_U   |mlp_xcel_mask0_0    |        0|  2|   2|    0|   100|    1|     1|          100|
    |mask0_23_U   |mlp_xcel_mask0_0    |        0|  2|   2|    0|   100|    1|     1|          100|
    |mask0_24_U   |mlp_xcel_mask0_0    |        0|  2|   2|    0|   100|    1|     1|          100|
    |mask0_25_U   |mlp_xcel_mask0_0    |        0|  2|   2|    0|   100|    1|     1|          100|
    |mask0_26_U   |mlp_xcel_mask0_0    |        0|  2|   2|    0|   100|    1|     1|          100|
    |mask0_27_U   |mlp_xcel_mask0_0    |        0|  2|   2|    0|   100|    1|     1|          100|
    |mask0_28_U   |mlp_xcel_mask0_0    |        0|  2|   2|    0|   100|    1|     1|          100|
    |mask0_29_U   |mlp_xcel_mask0_0    |        0|  2|   2|    0|   100|    1|     1|          100|
    |mask0_30_U   |mlp_xcel_mask0_0    |        0|  2|   2|    0|   100|    1|     1|          100|
    |mask0_31_U   |mlp_xcel_mask0_0    |        0|  2|   2|    0|   100|    1|     1|          100|
    |mask0_32_U   |mlp_xcel_mask0_0    |        0|  2|   2|    0|   100|    1|     1|          100|
    |mask0_33_U   |mlp_xcel_mask0_0    |        0|  2|   2|    0|   100|    1|     1|          100|
    |mask0_34_U   |mlp_xcel_mask0_0    |        0|  2|   2|    0|   100|    1|     1|          100|
    |mask0_35_U   |mlp_xcel_mask0_0    |        0|  2|   2|    0|   100|    1|     1|          100|
    |mask0_36_U   |mlp_xcel_mask0_0    |        0|  2|   2|    0|   100|    1|     1|          100|
    |mask0_37_U   |mlp_xcel_mask0_0    |        0|  2|   2|    0|   100|    1|     1|          100|
    |mask0_38_U   |mlp_xcel_mask0_0    |        0|  2|   2|    0|   100|    1|     1|          100|
    |mask0_39_U   |mlp_xcel_mask0_0    |        0|  2|   2|    0|   100|    1|     1|          100|
    |mask0_40_U   |mlp_xcel_mask0_0    |        0|  2|   2|    0|   100|    1|     1|          100|
    |mask0_41_U   |mlp_xcel_mask0_0    |        0|  2|   2|    0|   100|    1|     1|          100|
    |mask0_42_U   |mlp_xcel_mask0_0    |        0|  2|   2|    0|   100|    1|     1|          100|
    |mask0_43_U   |mlp_xcel_mask0_0    |        0|  2|   2|    0|   100|    1|     1|          100|
    |mask0_44_U   |mlp_xcel_mask0_0    |        0|  2|   2|    0|   100|    1|     1|          100|
    |mask0_45_U   |mlp_xcel_mask0_0    |        0|  2|   2|    0|   100|    1|     1|          100|
    |mask0_46_U   |mlp_xcel_mask0_0    |        0|  2|   2|    0|   100|    1|     1|          100|
    |mask0_47_U   |mlp_xcel_mask0_0    |        0|  2|   2|    0|   100|    1|     1|          100|
    |mask0_48_U   |mlp_xcel_mask0_0    |        0|  2|   2|    0|   100|    1|     1|          100|
    |mask0_49_U   |mlp_xcel_mask0_0    |        0|  2|   2|    0|   100|    1|     1|          100|
    |mask0_50_U   |mlp_xcel_mask0_0    |        0|  2|   2|    0|   100|    1|     1|          100|
    |mask0_51_U   |mlp_xcel_mask0_0    |        0|  2|   2|    0|   100|    1|     1|          100|
    |mask0_52_U   |mlp_xcel_mask0_0    |        0|  2|   2|    0|   100|    1|     1|          100|
    |mask0_53_U   |mlp_xcel_mask0_0    |        0|  2|   2|    0|   100|    1|     1|          100|
    |mask0_54_U   |mlp_xcel_mask0_0    |        0|  2|   2|    0|   100|    1|     1|          100|
    |mask0_55_U   |mlp_xcel_mask0_0    |        0|  2|   2|    0|   100|    1|     1|          100|
    |mask0_56_U   |mlp_xcel_mask0_0    |        0|  2|   2|    0|   100|    1|     1|          100|
    |mask0_57_U   |mlp_xcel_mask0_0    |        0|  2|   2|    0|   100|    1|     1|          100|
    |mask0_58_U   |mlp_xcel_mask0_0    |        0|  2|   2|    0|   100|    1|     1|          100|
    |mask0_59_U   |mlp_xcel_mask0_0    |        0|  2|   2|    0|   100|    1|     1|          100|
    |mask0_60_U   |mlp_xcel_mask0_0    |        0|  2|   2|    0|   100|    1|     1|          100|
    |mask0_61_U   |mlp_xcel_mask0_0    |        0|  2|   2|    0|   100|    1|     1|          100|
    |mask0_62_U   |mlp_xcel_mask0_0    |        0|  2|   2|    0|   100|    1|     1|          100|
    |mask0_63_U   |mlp_xcel_mask0_0    |        0|  2|   2|    0|   100|    1|     1|          100|
    |mask1_0_U    |mlp_xcel_mask0_0    |        0|  2|   2|    0|   100|    1|     1|          100|
    |mask1_1_U    |mlp_xcel_mask0_0    |        0|  2|   2|    0|   100|    1|     1|          100|
    |mask1_2_U    |mlp_xcel_mask0_0    |        0|  2|   2|    0|   100|    1|     1|          100|
    |mask1_3_U    |mlp_xcel_mask0_0    |        0|  2|   2|    0|   100|    1|     1|          100|
    |mask1_4_U    |mlp_xcel_mask0_0    |        0|  2|   2|    0|   100|    1|     1|          100|
    |mask1_5_U    |mlp_xcel_mask0_0    |        0|  2|   2|    0|   100|    1|     1|          100|
    |mask1_6_U    |mlp_xcel_mask0_0    |        0|  2|   2|    0|   100|    1|     1|          100|
    |mask1_7_U    |mlp_xcel_mask0_0    |        0|  2|   2|    0|   100|    1|     1|          100|
    |mask1_8_U    |mlp_xcel_mask0_0    |        0|  2|   2|    0|   100|    1|     1|          100|
    |mask1_9_U    |mlp_xcel_mask0_0    |        0|  2|   2|    0|   100|    1|     1|          100|
    |mask1_10_U   |mlp_xcel_mask0_0    |        0|  2|   2|    0|   100|    1|     1|          100|
    |mask1_11_U   |mlp_xcel_mask0_0    |        0|  2|   2|    0|   100|    1|     1|          100|
    |mask1_12_U   |mlp_xcel_mask0_0    |        0|  2|   2|    0|   100|    1|     1|          100|
    |mask1_13_U   |mlp_xcel_mask0_0    |        0|  2|   2|    0|   100|    1|     1|          100|
    |mask1_14_U   |mlp_xcel_mask0_0    |        0|  2|   2|    0|   100|    1|     1|          100|
    |mask1_15_U   |mlp_xcel_mask0_0    |        0|  2|   2|    0|   100|    1|     1|          100|
    |mask1_16_U   |mlp_xcel_mask0_0    |        0|  2|   2|    0|   100|    1|     1|          100|
    |mask1_17_U   |mlp_xcel_mask0_0    |        0|  2|   2|    0|   100|    1|     1|          100|
    |mask1_18_U   |mlp_xcel_mask0_0    |        0|  2|   2|    0|   100|    1|     1|          100|
    |mask1_19_U   |mlp_xcel_mask0_0    |        0|  2|   2|    0|   100|    1|     1|          100|
    |mask1_20_U   |mlp_xcel_mask0_0    |        0|  2|   2|    0|   100|    1|     1|          100|
    |mask1_21_U   |mlp_xcel_mask0_0    |        0|  2|   2|    0|   100|    1|     1|          100|
    |mask1_22_U   |mlp_xcel_mask0_0    |        0|  2|   2|    0|   100|    1|     1|          100|
    |mask1_23_U   |mlp_xcel_mask0_0    |        0|  2|   2|    0|   100|    1|     1|          100|
    |mask1_24_U   |mlp_xcel_mask0_0    |        0|  2|   2|    0|   100|    1|     1|          100|
    |mask1_25_U   |mlp_xcel_mask0_0    |        0|  2|   2|    0|   100|    1|     1|          100|
    |mask1_26_U   |mlp_xcel_mask0_0    |        0|  2|   2|    0|   100|    1|     1|          100|
    |mask1_27_U   |mlp_xcel_mask0_0    |        0|  2|   2|    0|   100|    1|     1|          100|
    |mask1_28_U   |mlp_xcel_mask0_0    |        0|  2|   2|    0|   100|    1|     1|          100|
    |mask1_29_U   |mlp_xcel_mask0_0    |        0|  2|   2|    0|   100|    1|     1|          100|
    |mask1_30_U   |mlp_xcel_mask0_0    |        0|  2|   2|    0|   100|    1|     1|          100|
    |mask1_31_U   |mlp_xcel_mask0_0    |        0|  2|   2|    0|   100|    1|     1|          100|
    |mask2_0_U    |mlp_xcel_mask0_0    |        0|  2|   2|    0|   100|    1|     1|          100|
    |mask2_1_U    |mlp_xcel_mask0_0    |        0|  2|   2|    0|   100|    1|     1|          100|
    |mask2_2_U    |mlp_xcel_mask0_0    |        0|  2|   2|    0|   100|    1|     1|          100|
    |mask2_3_U    |mlp_xcel_mask0_0    |        0|  2|   2|    0|   100|    1|     1|          100|
    |mask2_4_U    |mlp_xcel_mask0_0    |        0|  2|   2|    0|   100|    1|     1|          100|
    |mask2_5_U    |mlp_xcel_mask0_0    |        0|  2|   2|    0|   100|    1|     1|          100|
    |mask2_6_U    |mlp_xcel_mask0_0    |        0|  2|   2|    0|   100|    1|     1|          100|
    |mask2_7_U    |mlp_xcel_mask0_0    |        0|  2|   2|    0|   100|    1|     1|          100|
    |mask2_8_U    |mlp_xcel_mask0_0    |        0|  2|   2|    0|   100|    1|     1|          100|
    |mask2_9_U    |mlp_xcel_mask0_0    |        0|  2|   2|    0|   100|    1|     1|          100|
    |mask2_10_U   |mlp_xcel_mask0_0    |        0|  2|   2|    0|   100|    1|     1|          100|
    |mask2_11_U   |mlp_xcel_mask0_0    |        0|  2|   2|    0|   100|    1|     1|          100|
    |mask2_12_U   |mlp_xcel_mask0_0    |        0|  2|   2|    0|   100|    1|     1|          100|
    |mask2_13_U   |mlp_xcel_mask0_0    |        0|  2|   2|    0|   100|    1|     1|          100|
    |mask2_14_U   |mlp_xcel_mask0_0    |        0|  2|   2|    0|   100|    1|     1|          100|
    |mask2_15_U   |mlp_xcel_mask0_0    |        0|  2|   2|    0|   100|    1|     1|          100|
    |mask3_0_U    |mlp_xcel_mask0_0    |        0|  2|   2|    0|   100|    1|     1|          100|
    |mask3_1_U    |mlp_xcel_mask0_0    |        0|  2|   2|    0|   100|    1|     1|          100|
    |mask3_2_U    |mlp_xcel_mask0_0    |        0|  2|   2|    0|   100|    1|     1|          100|
    |mask3_3_U    |mlp_xcel_mask0_0    |        0|  2|   2|    0|   100|    1|     1|          100|
    |mask3_4_U    |mlp_xcel_mask0_0    |        0|  2|   2|    0|   100|    1|     1|          100|
    |mask3_5_U    |mlp_xcel_mask0_0    |        0|  2|   2|    0|   100|    1|     1|          100|
    |mask3_6_U    |mlp_xcel_mask0_0    |        0|  2|   2|    0|   100|    1|     1|          100|
    |mask3_7_U    |mlp_xcel_mask0_0    |        0|  2|   2|    0|   100|    1|     1|          100|
    |mask3_8_U    |mlp_xcel_mask0_0    |        0|  2|   2|    0|   100|    1|     1|          100|
    |mask3_9_U    |mlp_xcel_mask0_0    |        0|  2|   2|    0|   100|    1|     1|          100|
    |mask3_10_U   |mlp_xcel_mask0_0    |        0|  2|   2|    0|   100|    1|     1|          100|
    |mask3_11_U   |mlp_xcel_mask0_0    |        0|  2|   2|    0|   100|    1|     1|          100|
    |mask3_12_U   |mlp_xcel_mask0_0    |        0|  2|   2|    0|   100|    1|     1|          100|
    |mask3_13_U   |mlp_xcel_mask0_0    |        0|  2|   2|    0|   100|    1|     1|          100|
    |mask3_14_U   |mlp_xcel_mask0_0    |        0|  2|   2|    0|   100|    1|     1|          100|
    |mask3_15_U   |mlp_xcel_mask0_0    |        0|  2|   2|    0|   100|    1|     1|          100|
    |outputs_V_U  |mlp_xcel_outputs_V  |        1|  0|   0|    0|   100|   27|     1|         2700|
    +-------------+--------------------+---------+---+----+-----+------+-----+------+-------------+
    |Total        |                    |        1|256| 256|    0| 12900|  155|   129|        15500|
    +-------------+--------------------+---------+---+----+-----+------+-----+------+-------------+

    * FIFO: 
    N/A

    * Expression: 
    +----------------------------+----------+-------+---+----+------------+------------+
    |        Variable Name       | Operation| DSP48E| FF| LUT| Bitwidth P0| Bitwidth P1|
    +----------------------------+----------+-------+---+----+------------+------------+
    |mul_ln1118_1_fu_5953_p2     |     *    |      1|  0|  44|           9|          26|
    |mul_ln1118_2_fu_5962_p2     |     *    |      1|  0|  44|          10|          26|
    |mul_ln1118_3_fu_6076_p2     |     *    |      1|  0|  44|           8|          26|
    |mul_ln1118_4_fu_6151_p2     |     *    |      1|  0|  44|           9|          26|
    |mul_ln1118_5_fu_6357_p2     |     *    |      1|  0|  44|          10|          26|
    |mul_ln1118_fu_5786_p2       |     *    |      1|  0|  44|          10|          26|
    |mul_ln1148_fu_6464_p2       |     *    |      4|  0|  36|          27|          28|
    |mul_ln1192_1_fu_5776_p2     |     *    |      2|  0|  44|          11|          26|
    |mul_ln1192_2_fu_5934_p2     |     *    |      1|  0|  44|          10|          26|
    |mul_ln1192_3_fu_6067_p2     |     *    |      2|  0|  44|          11|          26|
    |mul_ln1192_4_fu_6238_p2     |     *    |      2|  0|  44|          11|          26|
    |mul_ln1192_5_fu_6257_p2     |     *    |      2|  0|  44|          11|          26|
    |mul_ln1192_6_fu_6376_p2     |     *    |      1|  0|  44|          10|          26|
    |mul_ln1192_fu_5766_p2       |     *    |      1|  0|  44|          10|          26|
    |add_ln1118_fu_6297_p2       |     +    |      0|  0|  41|          34|          34|
    |add_ln1192_10_fu_6229_p2    |     +    |      0|  0|  37|          37|          37|
    |add_ln1192_11_fu_6270_p2    |     +    |      0|  0|  44|          37|          37|
    |add_ln1192_12_fu_6325_p2    |     +    |      0|  0|  44|          37|          37|
    |add_ln1192_13_fu_6349_p2    |     +    |      0|  0|  44|          37|          37|
    |add_ln1192_14_fu_6392_p2    |     +    |      0|  0|  44|          37|          37|
    |add_ln1192_15_fu_6416_p2    |     +    |      0|  0|  44|          37|          37|
    |add_ln1192_1_fu_5899_p2     |     +    |      0|  0|  44|          37|          37|
    |add_ln1192_2_fu_5925_p2     |     +    |      0|  0|  44|          37|          37|
    |add_ln1192_3_fu_5975_p2     |     +    |      0|  0|  44|          37|          37|
    |add_ln1192_4_fu_6001_p2     |     +    |      0|  0|  44|          37|          37|
    |add_ln1192_5_fu_6028_p2     |     +    |      0|  0|  44|          37|          37|
    |add_ln1192_6_fu_6092_p2     |     +    |      0|  0|  44|          37|          37|
    |add_ln1192_7_fu_6116_p2     |     +    |      0|  0|  44|          37|          37|
    |add_ln1192_8_fu_6142_p2     |     +    |      0|  0|  44|          37|          37|
    |add_ln1192_9_fu_6177_p2     |     +    |      0|  0|  44|          37|          37|
    |add_ln1192_fu_5872_p2       |     +    |      0|  0|  43|          24|          36|
    |i_1_fu_6442_p2              |     +    |      0|  0|  15|           7|           1|
    |i_fu_2460_p2                |     +    |      0|  0|  15|           7|           1|
    |sum_V_fu_6522_p2            |     +    |      0|  0|  34|          27|          27|
    |sub_ln1118_1_fu_6205_p2     |     -    |      0|  0|  37|          37|          37|
    |sub_ln1118_fu_6048_p2       |     -    |      0|  0|  39|          32|          32|
    |sub_ln1148_1_fu_6509_p2     |     -    |      0|  0|  34|           1|          27|
    |sub_ln1148_fu_6480_p2       |     -    |      0|  0|  62|           1|          55|
    |icmp_ln51_fu_2454_p2        |   icmp   |      0|  0|  11|           7|           6|
    |icmp_ln59_fu_6436_p2        |   icmp   |      0|  0|  11|           7|           6|
    |dense1_0_V_3_fu_4386_p3     |  select  |      0|  0|  26|           1|           1|
    |dense1_10_V_3_fu_4476_p3    |  select  |      0|  0|  26|           1|           1|
    |dense1_11_V_3_fu_4485_p3    |  select  |      0|  0|  26|           1|           1|
    |dense1_12_V_3_fu_4494_p3    |  select  |      0|  0|  26|           1|           1|
    |dense1_13_V_3_fu_4503_p3    |  select  |      0|  0|  26|           1|           1|
    |dense1_14_V_3_fu_4512_p3    |  select  |      0|  0|  26|           1|           1|
    |dense1_15_V_3_fu_4521_p3    |  select  |      0|  0|  26|           1|           1|
    |dense1_16_V_3_fu_4530_p3    |  select  |      0|  0|  26|           1|           1|
    |dense1_17_V_3_fu_4539_p3    |  select  |      0|  0|  26|           1|           1|
    |dense1_18_V_3_fu_4548_p3    |  select  |      0|  0|  26|           1|           1|
    |dense1_19_V_3_fu_4557_p3    |  select  |      0|  0|  26|           1|           1|
    |dense1_1_V_3_fu_4395_p3     |  select  |      0|  0|  26|           1|           1|
    |dense1_20_V_3_fu_4566_p3    |  select  |      0|  0|  26|           1|           1|
    |dense1_21_V_3_fu_4575_p3    |  select  |      0|  0|  26|           1|           1|
    |dense1_22_V_3_fu_4584_p3    |  select  |      0|  0|  26|           1|           1|
    |dense1_23_V_3_fu_4593_p3    |  select  |      0|  0|  26|           1|           1|
    |dense1_24_V_3_fu_4602_p3    |  select  |      0|  0|  26|           1|           1|
    |dense1_25_V_3_fu_4611_p3    |  select  |      0|  0|  26|           1|           1|
    |dense1_26_V_3_fu_4620_p3    |  select  |      0|  0|  26|           1|           1|
    |dense1_27_V_3_fu_4629_p3    |  select  |      0|  0|  26|           1|           1|
    |dense1_28_V_3_fu_4638_p3    |  select  |      0|  0|  26|           1|           1|
    |dense1_29_V_3_fu_4647_p3    |  select  |      0|  0|  26|           1|           1|
    |dense1_2_V_3_fu_4404_p3     |  select  |      0|  0|  26|           1|           1|
    |dense1_30_V_3_fu_4656_p3    |  select  |      0|  0|  26|           1|           1|
    |dense1_31_V_3_fu_4665_p3    |  select  |      0|  0|  26|           1|           1|
    |dense1_3_V_3_fu_4413_p3     |  select  |      0|  0|  26|           1|           1|
    |dense1_4_V_3_fu_4422_p3     |  select  |      0|  0|  26|           1|           1|
    |dense1_5_V_3_fu_4431_p3     |  select  |      0|  0|  26|           1|           1|
    |dense1_6_V_3_fu_4440_p3     |  select  |      0|  0|  26|           1|           1|
    |dense1_7_V_3_fu_4449_p3     |  select  |      0|  0|  26|           1|           1|
    |dense1_8_V_3_fu_4458_p3     |  select  |      0|  0|  26|           1|           1|
    |dense1_9_V_3_fu_4467_p3     |  select  |      0|  0|  26|           1|           1|
    |dense2_0_V_3_fu_5154_p3     |  select  |      0|  0|  26|           1|           1|
    |dense2_10_V_3_fu_5244_p3    |  select  |      0|  0|  26|           1|           1|
    |dense2_11_V_3_fu_5253_p3    |  select  |      0|  0|  26|           1|           1|
    |dense2_12_V_3_fu_5262_p3    |  select  |      0|  0|  26|           1|           1|
    |dense2_13_V_3_fu_5271_p3    |  select  |      0|  0|  26|           1|           1|
    |dense2_14_V_3_fu_5280_p3    |  select  |      0|  0|  26|           1|           1|
    |dense2_15_V_3_fu_5289_p3    |  select  |      0|  0|  26|           1|           1|
    |dense2_1_V_3_fu_5163_p3     |  select  |      0|  0|  26|           1|           1|
    |dense2_2_V_3_fu_5172_p3     |  select  |      0|  0|  26|           1|           1|
    |dense2_3_V_3_fu_5181_p3     |  select  |      0|  0|  26|           1|           1|
    |dense2_4_V_3_fu_5190_p3     |  select  |      0|  0|  26|           1|           1|
    |dense2_5_V_3_fu_5199_p3     |  select  |      0|  0|  26|           1|           1|
    |dense2_6_V_3_fu_5208_p3     |  select  |      0|  0|  26|           1|           1|
    |dense2_7_V_3_fu_5217_p3     |  select  |      0|  0|  26|           1|           1|
    |dense2_8_V_3_fu_5226_p3     |  select  |      0|  0|  26|           1|           1|
    |dense2_9_V_3_fu_5235_p3     |  select  |      0|  0|  26|           1|           1|
    |dense3_0_V_1_fu_5634_p3     |  select  |      0|  0|  26|           1|           1|
    |dense3_10_V_1_fu_5714_p3    |  select  |      0|  0|  26|           1|           1|
    |dense3_11_V_1_fu_5722_p3    |  select  |      0|  0|  26|           1|           1|
    |dense3_12_V_1_fu_5730_p3    |  select  |      0|  0|  26|           1|           1|
    |dense3_13_V_1_fu_5738_p3    |  select  |      0|  0|  26|           1|           1|
    |dense3_14_V_1_fu_5746_p3    |  select  |      0|  0|  26|           1|           1|
    |dense3_15_V_1_fu_5754_p3    |  select  |      0|  0|  26|           1|           1|
    |dense3_1_V_1_fu_5642_p3     |  select  |      0|  0|  26|           1|           1|
    |dense3_2_V_1_fu_5650_p3     |  select  |      0|  0|  26|           1|           1|
    |dense3_3_V_1_fu_5658_p3     |  select  |      0|  0|  26|           1|           1|
    |dense3_4_V_1_fu_5666_p3     |  select  |      0|  0|  26|           1|           1|
    |dense3_5_V_1_fu_5674_p3     |  select  |      0|  0|  26|           1|           1|
    |dense3_6_V_1_fu_5682_p3     |  select  |      0|  0|  26|           1|           1|
    |dense3_7_V_1_fu_5690_p3     |  select  |      0|  0|  26|           1|           1|
    |dense3_8_V_1_fu_5698_p3     |  select  |      0|  0|  26|           1|           1|
    |dense3_9_V_1_fu_5706_p3     |  select  |      0|  0|  26|           1|           1|
    |select_ln1148_1_fu_6515_p3  |  select  |      0|  0|  27|           1|          27|
    |select_ln1148_fu_6502_p3    |  select  |      0|  0|  27|           1|          27|
    +----------------------------+----------+-------+---+----+------------+------------+
    |Total                       |          |     21|  0|3321|         962|        1301|
    +----------------------------+----------+-------+---+----+------------+------------+

    * Multiplexer: 
    +----------------------------------------------------+-----+-----------+-----+-----------+
    |                        Name                        | LUT | Input Size| Bits| Total Bits|
    +----------------------------------------------------+-----+-----------+-----+-----------+
    |ap_NS_fsm                                           |  121|         26|    1|         26|
    |ap_return_0                                         |    9|          2|   27|         54|
    |ap_return_1                                         |    9|          2|   27|         54|
    |global_lfsr_seed_V                                  |   15|          3|   16|         48|
    |grp_generate_binary_matr_2_fu_2361_zero_percentage  |   15|          3|   32|         96|
    |i_0_i_reg_1519                                      |    9|          2|    7|         14|
    |i_0_reg_1495                                        |    9|          2|    7|         14|
    |mask0_0_address0                                    |   15|          3|    7|         21|
    |mask0_0_ce0                                         |   15|          3|    1|          3|
    |mask0_0_we0                                         |    9|          2|    1|          2|
    |mask0_10_address0                                   |   15|          3|    7|         21|
    |mask0_10_ce0                                        |   15|          3|    1|          3|
    |mask0_10_we0                                        |    9|          2|    1|          2|
    |mask0_11_address0                                   |   15|          3|    7|         21|
    |mask0_11_ce0                                        |   15|          3|    1|          3|
    |mask0_11_we0                                        |    9|          2|    1|          2|
    |mask0_12_address0                                   |   15|          3|    7|         21|
    |mask0_12_ce0                                        |   15|          3|    1|          3|
    |mask0_12_we0                                        |    9|          2|    1|          2|
    |mask0_13_address0                                   |   15|          3|    7|         21|
    |mask0_13_ce0                                        |   15|          3|    1|          3|
    |mask0_13_we0                                        |    9|          2|    1|          2|
    |mask0_14_address0                                   |   15|          3|    7|         21|
    |mask0_14_ce0                                        |   15|          3|    1|          3|
    |mask0_14_we0                                        |    9|          2|    1|          2|
    |mask0_15_address0                                   |   15|          3|    7|         21|
    |mask0_15_ce0                                        |   15|          3|    1|          3|
    |mask0_15_we0                                        |    9|          2|    1|          2|
    |mask0_16_address0                                   |   15|          3|    7|         21|
    |mask0_16_ce0                                        |   15|          3|    1|          3|
    |mask0_16_we0                                        |    9|          2|    1|          2|
    |mask0_17_address0                                   |   15|          3|    7|         21|
    |mask0_17_ce0                                        |   15|          3|    1|          3|
    |mask0_17_we0                                        |    9|          2|    1|          2|
    |mask0_18_address0                                   |   15|          3|    7|         21|
    |mask0_18_ce0                                        |   15|          3|    1|          3|
    |mask0_18_we0                                        |    9|          2|    1|          2|
    |mask0_19_address0                                   |   15|          3|    7|         21|
    |mask0_19_ce0                                        |   15|          3|    1|          3|
    |mask0_19_we0                                        |    9|          2|    1|          2|
    |mask0_1_address0                                    |   15|          3|    7|         21|
    |mask0_1_ce0                                         |   15|          3|    1|          3|
    |mask0_1_we0                                         |    9|          2|    1|          2|
    |mask0_20_address0                                   |   15|          3|    7|         21|
    |mask0_20_ce0                                        |   15|          3|    1|          3|
    |mask0_20_we0                                        |    9|          2|    1|          2|
    |mask0_21_address0                                   |   15|          3|    7|         21|
    |mask0_21_ce0                                        |   15|          3|    1|          3|
    |mask0_21_we0                                        |    9|          2|    1|          2|
    |mask0_22_address0                                   |   15|          3|    7|         21|
    |mask0_22_ce0                                        |   15|          3|    1|          3|
    |mask0_22_we0                                        |    9|          2|    1|          2|
    |mask0_23_address0                                   |   15|          3|    7|         21|
    |mask0_23_ce0                                        |   15|          3|    1|          3|
    |mask0_23_we0                                        |    9|          2|    1|          2|
    |mask0_24_address0                                   |   15|          3|    7|         21|
    |mask0_24_ce0                                        |   15|          3|    1|          3|
    |mask0_24_we0                                        |    9|          2|    1|          2|
    |mask0_25_address0                                   |   15|          3|    7|         21|
    |mask0_25_ce0                                        |   15|          3|    1|          3|
    |mask0_25_we0                                        |    9|          2|    1|          2|
    |mask0_26_address0                                   |   15|          3|    7|         21|
    |mask0_26_ce0                                        |   15|          3|    1|          3|
    |mask0_26_we0                                        |    9|          2|    1|          2|
    |mask0_27_address0                                   |   15|          3|    7|         21|
    |mask0_27_ce0                                        |   15|          3|    1|          3|
    |mask0_27_we0                                        |    9|          2|    1|          2|
    |mask0_28_address0                                   |   15|          3|    7|         21|
    |mask0_28_ce0                                        |   15|          3|    1|          3|
    |mask0_28_we0                                        |    9|          2|    1|          2|
    |mask0_29_address0                                   |   15|          3|    7|         21|
    |mask0_29_ce0                                        |   15|          3|    1|          3|
    |mask0_29_we0                                        |    9|          2|    1|          2|
    |mask0_2_address0                                    |   15|          3|    7|         21|
    |mask0_2_ce0                                         |   15|          3|    1|          3|
    |mask0_2_we0                                         |    9|          2|    1|          2|
    |mask0_30_address0                                   |   15|          3|    7|         21|
    |mask0_30_ce0                                        |   15|          3|    1|          3|
    |mask0_30_we0                                        |    9|          2|    1|          2|
    |mask0_31_address0                                   |   15|          3|    7|         21|
    |mask0_31_ce0                                        |   15|          3|    1|          3|
    |mask0_31_we0                                        |    9|          2|    1|          2|
    |mask0_32_address0                                   |   15|          3|    7|         21|
    |mask0_32_ce0                                        |   15|          3|    1|          3|
    |mask0_32_we0                                        |    9|          2|    1|          2|
    |mask0_33_address0                                   |   15|          3|    7|         21|
    |mask0_33_ce0                                        |   15|          3|    1|          3|
    |mask0_33_we0                                        |    9|          2|    1|          2|
    |mask0_34_address0                                   |   15|          3|    7|         21|
    |mask0_34_ce0                                        |   15|          3|    1|          3|
    |mask0_34_we0                                        |    9|          2|    1|          2|
    |mask0_35_address0                                   |   15|          3|    7|         21|
    |mask0_35_ce0                                        |   15|          3|    1|          3|
    |mask0_35_we0                                        |    9|          2|    1|          2|
    |mask0_36_address0                                   |   15|          3|    7|         21|
    |mask0_36_ce0                                        |   15|          3|    1|          3|
    |mask0_36_we0                                        |    9|          2|    1|          2|
    |mask0_37_address0                                   |   15|          3|    7|         21|
    |mask0_37_ce0                                        |   15|          3|    1|          3|
    |mask0_37_we0                                        |    9|          2|    1|          2|
    |mask0_38_address0                                   |   15|          3|    7|         21|
    |mask0_38_ce0                                        |   15|          3|    1|          3|
    |mask0_38_we0                                        |    9|          2|    1|          2|
    |mask0_39_address0                                   |   15|          3|    7|         21|
    |mask0_39_ce0                                        |   15|          3|    1|          3|
    |mask0_39_we0                                        |    9|          2|    1|          2|
    |mask0_3_address0                                    |   15|          3|    7|         21|
    |mask0_3_ce0                                         |   15|          3|    1|          3|
    |mask0_3_we0                                         |    9|          2|    1|          2|
    |mask0_40_address0                                   |   15|          3|    7|         21|
    |mask0_40_ce0                                        |   15|          3|    1|          3|
    |mask0_40_we0                                        |    9|          2|    1|          2|
    |mask0_41_address0                                   |   15|          3|    7|         21|
    |mask0_41_ce0                                        |   15|          3|    1|          3|
    |mask0_41_we0                                        |    9|          2|    1|          2|
    |mask0_42_address0                                   |   15|          3|    7|         21|
    |mask0_42_ce0                                        |   15|          3|    1|          3|
    |mask0_42_we0                                        |    9|          2|    1|          2|
    |mask0_43_address0                                   |   15|          3|    7|         21|
    |mask0_43_ce0                                        |   15|          3|    1|          3|
    |mask0_43_we0                                        |    9|          2|    1|          2|
    |mask0_44_address0                                   |   15|          3|    7|         21|
    |mask0_44_ce0                                        |   15|          3|    1|          3|
    |mask0_44_we0                                        |    9|          2|    1|          2|
    |mask0_45_address0                                   |   15|          3|    7|         21|
    |mask0_45_ce0                                        |   15|          3|    1|          3|
    |mask0_45_we0                                        |    9|          2|    1|          2|
    |mask0_46_address0                                   |   15|          3|    7|         21|
    |mask0_46_ce0                                        |   15|          3|    1|          3|
    |mask0_46_we0                                        |    9|          2|    1|          2|
    |mask0_47_address0                                   |   15|          3|    7|         21|
    |mask0_47_ce0                                        |   15|          3|    1|          3|
    |mask0_47_we0                                        |    9|          2|    1|          2|
    |mask0_48_address0                                   |   15|          3|    7|         21|
    |mask0_48_ce0                                        |   15|          3|    1|          3|
    |mask0_48_we0                                        |    9|          2|    1|          2|
    |mask0_49_address0                                   |   15|          3|    7|         21|
    |mask0_49_ce0                                        |   15|          3|    1|          3|
    |mask0_49_we0                                        |    9|          2|    1|          2|
    |mask0_4_address0                                    |   15|          3|    7|         21|
    |mask0_4_ce0                                         |   15|          3|    1|          3|
    |mask0_4_we0                                         |    9|          2|    1|          2|
    |mask0_50_address0                                   |   15|          3|    7|         21|
    |mask0_50_ce0                                        |   15|          3|    1|          3|
    |mask0_50_we0                                        |    9|          2|    1|          2|
    |mask0_51_address0                                   |   15|          3|    7|         21|
    |mask0_51_ce0                                        |   15|          3|    1|          3|
    |mask0_51_we0                                        |    9|          2|    1|          2|
    |mask0_52_address0                                   |   15|          3|    7|         21|
    |mask0_52_ce0                                        |   15|          3|    1|          3|
    |mask0_52_we0                                        |    9|          2|    1|          2|
    |mask0_53_address0                                   |   15|          3|    7|         21|
    |mask0_53_ce0                                        |   15|          3|    1|          3|
    |mask0_53_we0                                        |    9|          2|    1|          2|
    |mask0_54_address0                                   |   15|          3|    7|         21|
    |mask0_54_ce0                                        |   15|          3|    1|          3|
    |mask0_54_we0                                        |    9|          2|    1|          2|
    |mask0_55_address0                                   |   15|          3|    7|         21|
    |mask0_55_ce0                                        |   15|          3|    1|          3|
    |mask0_55_we0                                        |    9|          2|    1|          2|
    |mask0_56_address0                                   |   15|          3|    7|         21|
    |mask0_56_ce0                                        |   15|          3|    1|          3|
    |mask0_56_we0                                        |    9|          2|    1|          2|
    |mask0_57_address0                                   |   15|          3|    7|         21|
    |mask0_57_ce0                                        |   15|          3|    1|          3|
    |mask0_57_we0                                        |    9|          2|    1|          2|
    |mask0_58_address0                                   |   15|          3|    7|         21|
    |mask0_58_ce0                                        |   15|          3|    1|          3|
    |mask0_58_we0                                        |    9|          2|    1|          2|
    |mask0_59_address0                                   |   15|          3|    7|         21|
    |mask0_59_ce0                                        |   15|          3|    1|          3|
    |mask0_59_we0                                        |    9|          2|    1|          2|
    |mask0_5_address0                                    |   15|          3|    7|         21|
    |mask0_5_ce0                                         |   15|          3|    1|          3|
    |mask0_5_we0                                         |    9|          2|    1|          2|
    |mask0_60_address0                                   |   15|          3|    7|         21|
    |mask0_60_ce0                                        |   15|          3|    1|          3|
    |mask0_60_we0                                        |    9|          2|    1|          2|
    |mask0_61_address0                                   |   15|          3|    7|         21|
    |mask0_61_ce0                                        |   15|          3|    1|          3|
    |mask0_61_we0                                        |    9|          2|    1|          2|
    |mask0_62_address0                                   |   15|          3|    7|         21|
    |mask0_62_ce0                                        |   15|          3|    1|          3|
    |mask0_62_we0                                        |    9|          2|    1|          2|
    |mask0_63_address0                                   |   15|          3|    7|         21|
    |mask0_63_ce0                                        |   15|          3|    1|          3|
    |mask0_63_we0                                        |    9|          2|    1|          2|
    |mask0_6_address0                                    |   15|          3|    7|         21|
    |mask0_6_ce0                                         |   15|          3|    1|          3|
    |mask0_6_we0                                         |    9|          2|    1|          2|
    |mask0_7_address0                                    |   15|          3|    7|         21|
    |mask0_7_ce0                                         |   15|          3|    1|          3|
    |mask0_7_we0                                         |    9|          2|    1|          2|
    |mask0_8_address0                                    |   15|          3|    7|         21|
    |mask0_8_ce0                                         |   15|          3|    1|          3|
    |mask0_8_we0                                         |    9|          2|    1|          2|
    |mask0_9_address0                                    |   15|          3|    7|         21|
    |mask0_9_ce0                                         |   15|          3|    1|          3|
    |mask0_9_we0                                         |    9|          2|    1|          2|
    |mask1_0_address0                                    |   15|          3|    7|         21|
    |mask1_0_ce0                                         |   15|          3|    1|          3|
    |mask1_0_we0                                         |    9|          2|    1|          2|
    |mask1_10_address0                                   |   15|          3|    7|         21|
    |mask1_10_ce0                                        |   15|          3|    1|          3|
    |mask1_10_we0                                        |    9|          2|    1|          2|
    |mask1_11_address0                                   |   15|          3|    7|         21|
    |mask1_11_ce0                                        |   15|          3|    1|          3|
    |mask1_11_we0                                        |    9|          2|    1|          2|
    |mask1_12_address0                                   |   15|          3|    7|         21|
    |mask1_12_ce0                                        |   15|          3|    1|          3|
    |mask1_12_we0                                        |    9|          2|    1|          2|
    |mask1_13_address0                                   |   15|          3|    7|         21|
    |mask1_13_ce0                                        |   15|          3|    1|          3|
    |mask1_13_we0                                        |    9|          2|    1|          2|
    |mask1_14_address0                                   |   15|          3|    7|         21|
    |mask1_14_ce0                                        |   15|          3|    1|          3|
    |mask1_14_we0                                        |    9|          2|    1|          2|
    |mask1_15_address0                                   |   15|          3|    7|         21|
    |mask1_15_ce0                                        |   15|          3|    1|          3|
    |mask1_15_we0                                        |    9|          2|    1|          2|
    |mask1_16_address0                                   |   15|          3|    7|         21|
    |mask1_16_ce0                                        |   15|          3|    1|          3|
    |mask1_16_we0                                        |    9|          2|    1|          2|
    |mask1_17_address0                                   |   15|          3|    7|         21|
    |mask1_17_ce0                                        |   15|          3|    1|          3|
    |mask1_17_we0                                        |    9|          2|    1|          2|
    |mask1_18_address0                                   |   15|          3|    7|         21|
    |mask1_18_ce0                                        |   15|          3|    1|          3|
    |mask1_18_we0                                        |    9|          2|    1|          2|
    |mask1_19_address0                                   |   15|          3|    7|         21|
    |mask1_19_ce0                                        |   15|          3|    1|          3|
    |mask1_19_we0                                        |    9|          2|    1|          2|
    |mask1_1_address0                                    |   15|          3|    7|         21|
    |mask1_1_ce0                                         |   15|          3|    1|          3|
    |mask1_1_we0                                         |    9|          2|    1|          2|
    |mask1_20_address0                                   |   15|          3|    7|         21|
    |mask1_20_ce0                                        |   15|          3|    1|          3|
    |mask1_20_we0                                        |    9|          2|    1|          2|
    |mask1_21_address0                                   |   15|          3|    7|         21|
    |mask1_21_ce0                                        |   15|          3|    1|          3|
    |mask1_21_we0                                        |    9|          2|    1|          2|
    |mask1_22_address0                                   |   15|          3|    7|         21|
    |mask1_22_ce0                                        |   15|          3|    1|          3|
    |mask1_22_we0                                        |    9|          2|    1|          2|
    |mask1_23_address0                                   |   15|          3|    7|         21|
    |mask1_23_ce0                                        |   15|          3|    1|          3|
    |mask1_23_we0                                        |    9|          2|    1|          2|
    |mask1_24_address0                                   |   15|          3|    7|         21|
    |mask1_24_ce0                                        |   15|          3|    1|          3|
    |mask1_24_we0                                        |    9|          2|    1|          2|
    |mask1_25_address0                                   |   15|          3|    7|         21|
    |mask1_25_ce0                                        |   15|          3|    1|          3|
    |mask1_25_we0                                        |    9|          2|    1|          2|
    |mask1_26_address0                                   |   15|          3|    7|         21|
    |mask1_26_ce0                                        |   15|          3|    1|          3|
    |mask1_26_we0                                        |    9|          2|    1|          2|
    |mask1_27_address0                                   |   15|          3|    7|         21|
    |mask1_27_ce0                                        |   15|          3|    1|          3|
    |mask1_27_we0                                        |    9|          2|    1|          2|
    |mask1_28_address0                                   |   15|          3|    7|         21|
    |mask1_28_ce0                                        |   15|          3|    1|          3|
    |mask1_28_we0                                        |    9|          2|    1|          2|
    |mask1_29_address0                                   |   15|          3|    7|         21|
    |mask1_29_ce0                                        |   15|          3|    1|          3|
    |mask1_29_we0                                        |    9|          2|    1|          2|
    |mask1_2_address0                                    |   15|          3|    7|         21|
    |mask1_2_ce0                                         |   15|          3|    1|          3|
    |mask1_2_we0                                         |    9|          2|    1|          2|
    |mask1_30_address0                                   |   15|          3|    7|         21|
    |mask1_30_ce0                                        |   15|          3|    1|          3|
    |mask1_30_we0                                        |    9|          2|    1|          2|
    |mask1_31_address0                                   |   15|          3|    7|         21|
    |mask1_31_ce0                                        |   15|          3|    1|          3|
    |mask1_31_we0                                        |    9|          2|    1|          2|
    |mask1_3_address0                                    |   15|          3|    7|         21|
    |mask1_3_ce0                                         |   15|          3|    1|          3|
    |mask1_3_we0                                         |    9|          2|    1|          2|
    |mask1_4_address0                                    |   15|          3|    7|         21|
    |mask1_4_ce0                                         |   15|          3|    1|          3|
    |mask1_4_we0                                         |    9|          2|    1|          2|
    |mask1_5_address0                                    |   15|          3|    7|         21|
    |mask1_5_ce0                                         |   15|          3|    1|          3|
    |mask1_5_we0                                         |    9|          2|    1|          2|
    |mask1_6_address0                                    |   15|          3|    7|         21|
    |mask1_6_ce0                                         |   15|          3|    1|          3|
    |mask1_6_we0                                         |    9|          2|    1|          2|
    |mask1_7_address0                                    |   15|          3|    7|         21|
    |mask1_7_ce0                                         |   15|          3|    1|          3|
    |mask1_7_we0                                         |    9|          2|    1|          2|
    |mask1_8_address0                                    |   15|          3|    7|         21|
    |mask1_8_ce0                                         |   15|          3|    1|          3|
    |mask1_8_we0                                         |    9|          2|    1|          2|
    |mask1_9_address0                                    |   15|          3|    7|         21|
    |mask1_9_ce0                                         |   15|          3|    1|          3|
    |mask1_9_we0                                         |    9|          2|    1|          2|
    |mask2_0_address0                                    |   15|          3|    7|         21|
    |mask2_0_ce0                                         |   15|          3|    1|          3|
    |mask2_0_we0                                         |    9|          2|    1|          2|
    |mask2_10_address0                                   |   15|          3|    7|         21|
    |mask2_10_ce0                                        |   15|          3|    1|          3|
    |mask2_10_we0                                        |    9|          2|    1|          2|
    |mask2_11_address0                                   |   15|          3|    7|         21|
    |mask2_11_ce0                                        |   15|          3|    1|          3|
    |mask2_11_we0                                        |    9|          2|    1|          2|
    |mask2_12_address0                                   |   15|          3|    7|         21|
    |mask2_12_ce0                                        |   15|          3|    1|          3|
    |mask2_12_we0                                        |    9|          2|    1|          2|
    |mask2_13_address0                                   |   15|          3|    7|         21|
    |mask2_13_ce0                                        |   15|          3|    1|          3|
    |mask2_13_we0                                        |    9|          2|    1|          2|
    |mask2_14_address0                                   |   15|          3|    7|         21|
    |mask2_14_ce0                                        |   15|          3|    1|          3|
    |mask2_14_we0                                        |    9|          2|    1|          2|
    |mask2_15_address0                                   |   15|          3|    7|         21|
    |mask2_15_ce0                                        |   15|          3|    1|          3|
    |mask2_15_we0                                        |    9|          2|    1|          2|
    |mask2_1_address0                                    |   15|          3|    7|         21|
    |mask2_1_ce0                                         |   15|          3|    1|          3|
    |mask2_1_we0                                         |    9|          2|    1|          2|
    |mask2_2_address0                                    |   15|          3|    7|         21|
    |mask2_2_ce0                                         |   15|          3|    1|          3|
    |mask2_2_we0                                         |    9|          2|    1|          2|
    |mask2_3_address0                                    |   15|          3|    7|         21|
    |mask2_3_ce0                                         |   15|          3|    1|          3|
    |mask2_3_we0                                         |    9|          2|    1|          2|
    |mask2_4_address0                                    |   15|          3|    7|         21|
    |mask2_4_ce0                                         |   15|          3|    1|          3|
    |mask2_4_we0                                         |    9|          2|    1|          2|
    |mask2_5_address0                                    |   15|          3|    7|         21|
    |mask2_5_ce0                                         |   15|          3|    1|          3|
    |mask2_5_we0                                         |    9|          2|    1|          2|
    |mask2_6_address0                                    |   15|          3|    7|         21|
    |mask2_6_ce0                                         |   15|          3|    1|          3|
    |mask2_6_we0                                         |    9|          2|    1|          2|
    |mask2_7_address0                                    |   15|          3|    7|         21|
    |mask2_7_ce0                                         |   15|          3|    1|          3|
    |mask2_7_we0                                         |    9|          2|    1|          2|
    |mask2_8_address0                                    |   15|          3|    7|         21|
    |mask2_8_ce0                                         |   15|          3|    1|          3|
    |mask2_8_we0                                         |    9|          2|    1|          2|
    |mask2_9_address0                                    |   15|          3|    7|         21|
    |mask2_9_ce0                                         |   15|          3|    1|          3|
    |mask2_9_we0                                         |    9|          2|    1|          2|
    |mask3_0_address0                                    |   15|          3|    7|         21|
    |mask3_0_ce0                                         |   15|          3|    1|          3|
    |mask3_0_we0                                         |    9|          2|    1|          2|
    |mask3_10_address0                                   |   15|          3|    7|         21|
    |mask3_10_ce0                                        |   15|          3|    1|          3|
    |mask3_10_we0                                        |    9|          2|    1|          2|
    |mask3_11_address0                                   |   15|          3|    7|         21|
    |mask3_11_ce0                                        |   15|          3|    1|          3|
    |mask3_11_we0                                        |    9|          2|    1|          2|
    |mask3_12_address0                                   |   15|          3|    7|         21|
    |mask3_12_ce0                                        |   15|          3|    1|          3|
    |mask3_12_we0                                        |    9|          2|    1|          2|
    |mask3_13_address0                                   |   15|          3|    7|         21|
    |mask3_13_ce0                                        |   15|          3|    1|          3|
    |mask3_13_we0                                        |    9|          2|    1|          2|
    |mask3_14_address0                                   |   15|          3|    7|         21|
    |mask3_14_ce0                                        |   15|          3|    1|          3|
    |mask3_14_we0                                        |    9|          2|    1|          2|
    |mask3_15_address0                                   |   15|          3|    7|         21|
    |mask3_15_ce0                                        |   15|          3|    1|          3|
    |mask3_15_we0                                        |    9|          2|    1|          2|
    |mask3_1_address0                                    |   15|          3|    7|         21|
    |mask3_1_ce0                                         |   15|          3|    1|          3|
    |mask3_1_we0                                         |    9|          2|    1|          2|
    |mask3_2_address0                                    |   15|          3|    7|         21|
    |mask3_2_ce0                                         |   15|          3|    1|          3|
    |mask3_2_we0                                         |    9|          2|    1|          2|
    |mask3_3_address0                                    |   15|          3|    7|         21|
    |mask3_3_ce0                                         |   15|          3|    1|          3|
    |mask3_3_we0                                         |    9|          2|    1|          2|
    |mask3_4_address0                                    |   15|          3|    7|         21|
    |mask3_4_ce0                                         |   15|          3|    1|          3|
    |mask3_4_we0                                         |    9|          2|    1|          2|
    |mask3_5_address0                                    |   15|          3|    7|         21|
    |mask3_5_ce0                                         |   15|          3|    1|          3|
    |mask3_5_we0                                         |    9|          2|    1|          2|
    |mask3_6_address0                                    |   15|          3|    7|         21|
    |mask3_6_ce0                                         |   15|          3|    1|          3|
    |mask3_6_we0                                         |    9|          2|    1|          2|
    |mask3_7_address0                                    |   15|          3|    7|         21|
    |mask3_7_ce0                                         |   15|          3|    1|          3|
    |mask3_7_we0                                         |    9|          2|    1|          2|
    |mask3_8_address0                                    |   15|          3|    7|         21|
    |mask3_8_ce0                                         |   15|          3|    1|          3|
    |mask3_8_we0                                         |    9|          2|    1|          2|
    |mask3_9_address0                                    |   15|          3|    7|         21|
    |mask3_9_ce0                                         |   15|          3|    1|          3|
    |mask3_9_we0                                         |    9|          2|    1|          2|
    |outputs_V_address0                                  |   21|          4|    7|         28|
    |outputs_V_ce0                                       |   15|          3|    1|          3|
    |p_Val2_s_reg_1507                                   |    9|          2|   27|         54|
    +----------------------------------------------------+-----+-----------+-----+-----------+
    |Total                                               | 5224|       1073| 1304|       3719|
    +----------------------------------------------------+-----+-----------+-----+-----------+

    * Register: 
    +-------------------------------------------------+----+----+-----+-----------+
    |                       Name                      | FF | LUT| Bits| Const Bits|
    +-------------------------------------------------+----+----+-----+-----------+
    |ap_CS_fsm                                        |  25|   0|   25|          0|
    |ap_return_0_preg                                 |  27|   0|   27|          0|
    |ap_return_1_preg                                 |  27|   0|   27|          0|
    |dense0_0_V_1_reg_7841                            |  27|   0|   27|          0|
    |dense0_0_V_2_fu_396                              |  27|   0|   27|          0|
    |dense0_10_V_1_reg_7891                           |  27|   0|   27|          0|
    |dense0_10_V_2_fu_436                             |  27|   0|   27|          0|
    |dense0_11_V_1_reg_7896                           |  27|   0|   27|          0|
    |dense0_11_V_2_fu_440                             |  27|   0|   27|          0|
    |dense0_12_V_1_reg_7901                           |  27|   0|   27|          0|
    |dense0_12_V_2_fu_444                             |  27|   0|   27|          0|
    |dense0_13_V_1_reg_7906                           |  27|   0|   27|          0|
    |dense0_13_V_2_fu_448                             |  27|   0|   27|          0|
    |dense0_14_V_1_reg_7911                           |  27|   0|   27|          0|
    |dense0_14_V_2_fu_452                             |  27|   0|   27|          0|
    |dense0_15_V_1_reg_7916                           |  27|   0|   27|          0|
    |dense0_15_V_2_fu_456                             |  27|   0|   27|          0|
    |dense0_16_V_1_reg_7921                           |  27|   0|   27|          0|
    |dense0_16_V_2_fu_460                             |  27|   0|   27|          0|
    |dense0_17_V_1_reg_7926                           |  27|   0|   27|          0|
    |dense0_17_V_2_fu_464                             |  27|   0|   27|          0|
    |dense0_18_V_1_reg_7931                           |  27|   0|   27|          0|
    |dense0_18_V_2_fu_468                             |  27|   0|   27|          0|
    |dense0_19_V_1_reg_7936                           |  27|   0|   27|          0|
    |dense0_19_V_2_fu_472                             |  27|   0|   27|          0|
    |dense0_1_V_1_reg_7846                            |  27|   0|   27|          0|
    |dense0_1_V_2_fu_400                              |  27|   0|   27|          0|
    |dense0_20_V_1_reg_7941                           |  27|   0|   27|          0|
    |dense0_20_V_2_fu_476                             |  27|   0|   27|          0|
    |dense0_21_V_1_reg_7946                           |  27|   0|   27|          0|
    |dense0_21_V_2_fu_480                             |  27|   0|   27|          0|
    |dense0_22_V_1_reg_7951                           |  27|   0|   27|          0|
    |dense0_22_V_2_fu_484                             |  27|   0|   27|          0|
    |dense0_23_V_1_reg_7956                           |  27|   0|   27|          0|
    |dense0_23_V_2_fu_488                             |  27|   0|   27|          0|
    |dense0_24_V_1_reg_7961                           |  27|   0|   27|          0|
    |dense0_24_V_2_fu_492                             |  27|   0|   27|          0|
    |dense0_25_V_1_reg_7966                           |  27|   0|   27|          0|
    |dense0_25_V_2_fu_496                             |  27|   0|   27|          0|
    |dense0_26_V_1_reg_7971                           |  27|   0|   27|          0|
    |dense0_26_V_2_fu_500                             |  27|   0|   27|          0|
    |dense0_27_V_1_reg_7976                           |  27|   0|   27|          0|
    |dense0_27_V_2_fu_504                             |  27|   0|   27|          0|
    |dense0_28_V_1_reg_7981                           |  27|   0|   27|          0|
    |dense0_28_V_2_fu_508                             |  27|   0|   27|          0|
    |dense0_29_V_1_reg_7986                           |  27|   0|   27|          0|
    |dense0_29_V_2_fu_512                             |  27|   0|   27|          0|
    |dense0_2_V_1_reg_7851                            |  27|   0|   27|          0|
    |dense0_2_V_2_fu_404                              |  27|   0|   27|          0|
    |dense0_30_V_1_reg_7991                           |  27|   0|   27|          0|
    |dense0_30_V_2_fu_516                             |  27|   0|   27|          0|
    |dense0_31_V_1_reg_7996                           |  27|   0|   27|          0|
    |dense0_31_V_2_fu_520                             |  27|   0|   27|          0|
    |dense0_32_V_1_reg_8001                           |  27|   0|   27|          0|
    |dense0_32_V_2_fu_524                             |  27|   0|   27|          0|
    |dense0_33_V_1_reg_8006                           |  27|   0|   27|          0|
    |dense0_33_V_2_fu_528                             |  27|   0|   27|          0|
    |dense0_34_V_1_reg_8011                           |  27|   0|   27|          0|
    |dense0_34_V_2_fu_532                             |  27|   0|   27|          0|
    |dense0_35_V_1_reg_8016                           |  27|   0|   27|          0|
    |dense0_35_V_2_fu_536                             |  27|   0|   27|          0|
    |dense0_36_V_1_reg_8021                           |  27|   0|   27|          0|
    |dense0_36_V_2_fu_540                             |  27|   0|   27|          0|
    |dense0_37_V_1_reg_8026                           |  27|   0|   27|          0|
    |dense0_37_V_2_fu_544                             |  27|   0|   27|          0|
    |dense0_38_V_1_reg_8031                           |  27|   0|   27|          0|
    |dense0_38_V_2_fu_548                             |  27|   0|   27|          0|
    |dense0_39_V_1_reg_8036                           |  27|   0|   27|          0|
    |dense0_39_V_2_fu_552                             |  27|   0|   27|          0|
    |dense0_3_V_1_reg_7856                            |  27|   0|   27|          0|
    |dense0_3_V_2_fu_408                              |  27|   0|   27|          0|
    |dense0_40_V_1_reg_8041                           |  27|   0|   27|          0|
    |dense0_40_V_2_fu_556                             |  27|   0|   27|          0|
    |dense0_41_V_1_reg_8046                           |  27|   0|   27|          0|
    |dense0_41_V_2_fu_560                             |  27|   0|   27|          0|
    |dense0_42_V_1_reg_8051                           |  27|   0|   27|          0|
    |dense0_42_V_2_fu_564                             |  27|   0|   27|          0|
    |dense0_43_V_1_reg_8056                           |  27|   0|   27|          0|
    |dense0_43_V_2_fu_568                             |  27|   0|   27|          0|
    |dense0_44_V_1_reg_8061                           |  27|   0|   27|          0|
    |dense0_44_V_2_fu_572                             |  27|   0|   27|          0|
    |dense0_45_V_1_reg_8066                           |  27|   0|   27|          0|
    |dense0_45_V_2_fu_576                             |  27|   0|   27|          0|
    |dense0_46_V_1_reg_8071                           |  27|   0|   27|          0|
    |dense0_46_V_2_fu_580                             |  27|   0|   27|          0|
    |dense0_47_V_1_reg_8076                           |  27|   0|   27|          0|
    |dense0_47_V_2_fu_584                             |  27|   0|   27|          0|
    |dense0_48_V_1_reg_8081                           |  27|   0|   27|          0|
    |dense0_48_V_2_fu_588                             |  27|   0|   27|          0|
    |dense0_49_V_1_reg_8086                           |  27|   0|   27|          0|
    |dense0_49_V_2_fu_592                             |  27|   0|   27|          0|
    |dense0_4_V_1_reg_7861                            |  27|   0|   27|          0|
    |dense0_4_V_2_fu_412                              |  27|   0|   27|          0|
    |dense0_50_V_1_reg_8091                           |  27|   0|   27|          0|
    |dense0_50_V_2_fu_596                             |  27|   0|   27|          0|
    |dense0_51_V_1_reg_8096                           |  27|   0|   27|          0|
    |dense0_51_V_2_fu_600                             |  27|   0|   27|          0|
    |dense0_52_V_1_reg_8101                           |  27|   0|   27|          0|
    |dense0_52_V_2_fu_604                             |  27|   0|   27|          0|
    |dense0_53_V_1_reg_8106                           |  27|   0|   27|          0|
    |dense0_53_V_2_fu_608                             |  27|   0|   27|          0|
    |dense0_54_V_1_reg_8111                           |  27|   0|   27|          0|
    |dense0_54_V_2_fu_612                             |  27|   0|   27|          0|
    |dense0_55_V_1_reg_8116                           |  27|   0|   27|          0|
    |dense0_55_V_2_fu_616                             |  27|   0|   27|          0|
    |dense0_56_V_1_reg_8121                           |  27|   0|   27|          0|
    |dense0_56_V_2_fu_620                             |  27|   0|   27|          0|
    |dense0_57_V_1_reg_8126                           |  27|   0|   27|          0|
    |dense0_57_V_2_fu_624                             |  27|   0|   27|          0|
    |dense0_58_V_1_reg_8131                           |  27|   0|   27|          0|
    |dense0_58_V_2_fu_628                             |  27|   0|   27|          0|
    |dense0_59_V_1_reg_8136                           |  27|   0|   27|          0|
    |dense0_59_V_2_fu_632                             |  27|   0|   27|          0|
    |dense0_5_V_1_reg_7866                            |  27|   0|   27|          0|
    |dense0_5_V_2_fu_416                              |  27|   0|   27|          0|
    |dense0_60_V_1_reg_8141                           |  27|   0|   27|          0|
    |dense0_60_V_2_fu_636                             |  27|   0|   27|          0|
    |dense0_61_V_1_reg_8146                           |  27|   0|   27|          0|
    |dense0_61_V_2_fu_640                             |  27|   0|   27|          0|
    |dense0_62_V_1_reg_8151                           |  27|   0|   27|          0|
    |dense0_62_V_2_fu_644                             |  27|   0|   27|          0|
    |dense0_63_V_1_reg_8156                           |  27|   0|   27|          0|
    |dense0_63_V_2_fu_648                             |  27|   0|   27|          0|
    |dense0_6_V_1_reg_7871                            |  27|   0|   27|          0|
    |dense0_6_V_2_fu_420                              |  27|   0|   27|          0|
    |dense0_7_V_1_reg_7876                            |  27|   0|   27|          0|
    |dense0_7_V_2_fu_424                              |  27|   0|   27|          0|
    |dense0_8_V_1_reg_7881                            |  27|   0|   27|          0|
    |dense0_8_V_2_fu_428                              |  27|   0|   27|          0|
    |dense0_9_V_1_reg_7886                            |  27|   0|   27|          0|
    |dense0_9_V_2_fu_432                              |  27|   0|   27|          0|
    |dense1_0_V_2_fu_652                              |  26|   0|   26|          0|
    |dense1_0_V_3_reg_8241                            |  26|   0|   26|          0|
    |dense1_10_V_2_fu_692                             |  26|   0|   26|          0|
    |dense1_10_V_3_reg_8291                           |  26|   0|   26|          0|
    |dense1_11_V_2_fu_696                             |  26|   0|   26|          0|
    |dense1_11_V_3_reg_8296                           |  26|   0|   26|          0|
    |dense1_12_V_2_fu_700                             |  26|   0|   26|          0|
    |dense1_12_V_3_reg_8301                           |  26|   0|   26|          0|
    |dense1_13_V_2_fu_704                             |  26|   0|   26|          0|
    |dense1_13_V_3_reg_8306                           |  26|   0|   26|          0|
    |dense1_14_V_2_fu_708                             |  26|   0|   26|          0|
    |dense1_14_V_3_reg_8311                           |  26|   0|   26|          0|
    |dense1_15_V_2_fu_712                             |  26|   0|   26|          0|
    |dense1_15_V_3_reg_8316                           |  26|   0|   26|          0|
    |dense1_16_V_2_fu_716                             |  26|   0|   26|          0|
    |dense1_16_V_3_reg_8321                           |  26|   0|   26|          0|
    |dense1_17_V_2_fu_720                             |  26|   0|   26|          0|
    |dense1_17_V_3_reg_8326                           |  26|   0|   26|          0|
    |dense1_18_V_2_fu_724                             |  26|   0|   26|          0|
    |dense1_18_V_3_reg_8331                           |  26|   0|   26|          0|
    |dense1_19_V_2_fu_728                             |  26|   0|   26|          0|
    |dense1_19_V_3_reg_8336                           |  26|   0|   26|          0|
    |dense1_1_V_2_fu_656                              |  26|   0|   26|          0|
    |dense1_1_V_3_reg_8246                            |  26|   0|   26|          0|
    |dense1_20_V_2_fu_732                             |  26|   0|   26|          0|
    |dense1_20_V_3_reg_8341                           |  26|   0|   26|          0|
    |dense1_21_V_2_fu_736                             |  26|   0|   26|          0|
    |dense1_21_V_3_reg_8346                           |  26|   0|   26|          0|
    |dense1_22_V_2_fu_740                             |  26|   0|   26|          0|
    |dense1_22_V_3_reg_8351                           |  26|   0|   26|          0|
    |dense1_23_V_2_fu_744                             |  26|   0|   26|          0|
    |dense1_23_V_3_reg_8356                           |  26|   0|   26|          0|
    |dense1_24_V_2_fu_748                             |  26|   0|   26|          0|
    |dense1_24_V_3_reg_8361                           |  26|   0|   26|          0|
    |dense1_25_V_2_fu_752                             |  26|   0|   26|          0|
    |dense1_25_V_3_reg_8366                           |  26|   0|   26|          0|
    |dense1_26_V_2_fu_756                             |  26|   0|   26|          0|
    |dense1_26_V_3_reg_8371                           |  26|   0|   26|          0|
    |dense1_27_V_2_fu_760                             |  26|   0|   26|          0|
    |dense1_27_V_3_reg_8376                           |  26|   0|   26|          0|
    |dense1_28_V_2_fu_764                             |  26|   0|   26|          0|
    |dense1_28_V_3_reg_8381                           |  26|   0|   26|          0|
    |dense1_29_V_2_fu_768                             |  26|   0|   26|          0|
    |dense1_29_V_3_reg_8386                           |  26|   0|   26|          0|
    |dense1_2_V_2_fu_660                              |  26|   0|   26|          0|
    |dense1_2_V_3_reg_8251                            |  26|   0|   26|          0|
    |dense1_30_V_2_fu_772                             |  26|   0|   26|          0|
    |dense1_30_V_3_reg_8391                           |  26|   0|   26|          0|
    |dense1_31_V_2_fu_776                             |  26|   0|   26|          0|
    |dense1_31_V_3_reg_8396                           |  26|   0|   26|          0|
    |dense1_3_V_2_fu_664                              |  26|   0|   26|          0|
    |dense1_3_V_3_reg_8256                            |  26|   0|   26|          0|
    |dense1_4_V_2_fu_668                              |  26|   0|   26|          0|
    |dense1_4_V_3_reg_8261                            |  26|   0|   26|          0|
    |dense1_5_V_2_fu_672                              |  26|   0|   26|          0|
    |dense1_5_V_3_reg_8266                            |  26|   0|   26|          0|
    |dense1_6_V_2_fu_676                              |  26|   0|   26|          0|
    |dense1_6_V_3_reg_8271                            |  26|   0|   26|          0|
    |dense1_7_V_2_fu_680                              |  26|   0|   26|          0|
    |dense1_7_V_3_reg_8276                            |  26|   0|   26|          0|
    |dense1_8_V_2_fu_684                              |  26|   0|   26|          0|
    |dense1_8_V_3_reg_8281                            |  26|   0|   26|          0|
    |dense1_9_V_2_fu_688                              |  26|   0|   26|          0|
    |dense1_9_V_3_reg_8286                            |  26|   0|   26|          0|
    |dense2_0_V_2_fu_780                              |  26|   0|   26|          0|
    |dense2_0_V_3_reg_8481                            |  26|   0|   26|          0|
    |dense2_10_V_2_fu_820                             |  26|   0|   26|          0|
    |dense2_10_V_3_reg_8531                           |  26|   0|   26|          0|
    |dense2_11_V_2_fu_824                             |  26|   0|   26|          0|
    |dense2_11_V_3_reg_8536                           |  26|   0|   26|          0|
    |dense2_12_V_2_fu_828                             |  26|   0|   26|          0|
    |dense2_12_V_3_reg_8541                           |  26|   0|   26|          0|
    |dense2_13_V_2_fu_832                             |  26|   0|   26|          0|
    |dense2_13_V_3_reg_8546                           |  26|   0|   26|          0|
    |dense2_14_V_2_fu_836                             |  26|   0|   26|          0|
    |dense2_14_V_3_reg_8551                           |  26|   0|   26|          0|
    |dense2_15_V_2_fu_840                             |  26|   0|   26|          0|
    |dense2_15_V_3_reg_8556                           |  26|   0|   26|          0|
    |dense2_1_V_2_fu_784                              |  26|   0|   26|          0|
    |dense2_1_V_3_reg_8486                            |  26|   0|   26|          0|
    |dense2_2_V_2_fu_788                              |  26|   0|   26|          0|
    |dense2_2_V_3_reg_8491                            |  26|   0|   26|          0|
    |dense2_3_V_2_fu_792                              |  26|   0|   26|          0|
    |dense2_3_V_3_reg_8496                            |  26|   0|   26|          0|
    |dense2_4_V_2_fu_796                              |  26|   0|   26|          0|
    |dense2_4_V_3_reg_8501                            |  26|   0|   26|          0|
    |dense2_5_V_2_fu_800                              |  26|   0|   26|          0|
    |dense2_5_V_3_reg_8506                            |  26|   0|   26|          0|
    |dense2_6_V_2_fu_804                              |  26|   0|   26|          0|
    |dense2_6_V_3_reg_8511                            |  26|   0|   26|          0|
    |dense2_7_V_2_fu_808                              |  26|   0|   26|          0|
    |dense2_7_V_3_reg_8516                            |  26|   0|   26|          0|
    |dense2_8_V_2_fu_812                              |  26|   0|   26|          0|
    |dense2_8_V_3_reg_8521                            |  26|   0|   26|          0|
    |dense2_9_V_2_fu_816                              |  26|   0|   26|          0|
    |dense2_9_V_3_reg_8526                            |  26|   0|   26|          0|
    |dense3_10_V_1_reg_8597                           |  26|   0|   26|          0|
    |dense3_11_V_1_reg_8603                           |  26|   0|   26|          0|
    |dense3_12_V_1_reg_8608                           |  26|   0|   26|          0|
    |dense3_13_V_1_reg_8614                           |  26|   0|   26|          0|
    |dense3_14_V_1_reg_8619                           |  26|   0|   26|          0|
    |dense3_15_V_1_reg_8624                           |  26|   0|   26|          0|
    |dense3_3_V_1_reg_8561                            |  26|   0|   26|          0|
    |dense3_4_V_1_reg_8566                            |  26|   0|   26|          0|
    |dense3_5_V_1_reg_8571                            |  26|   0|   26|          0|
    |dense3_6_V_1_reg_8576                            |  26|   0|   26|          0|
    |dense3_7_V_1_reg_8582                            |  26|   0|   26|          0|
    |dense3_8_V_1_reg_8587                            |  26|   0|   26|          0|
    |dense3_9_V_1_reg_8592                            |  26|   0|   26|          0|
    |dense3_V_0_0_fu_844                              |  26|   0|   26|          0|
    |dense3_V_10_0_fu_884                             |  26|   0|   26|          0|
    |dense3_V_11_0_fu_888                             |  26|   0|   26|          0|
    |dense3_V_12_0_fu_892                             |  26|   0|   26|          0|
    |dense3_V_13_0_fu_896                             |  26|   0|   26|          0|
    |dense3_V_14_0_fu_900                             |  26|   0|   26|          0|
    |dense3_V_15_0_fu_904                             |  26|   0|   26|          0|
    |dense3_V_1_0_fu_848                              |  26|   0|   26|          0|
    |dense3_V_2_0_fu_852                              |  26|   0|   26|          0|
    |dense3_V_3_0_fu_856                              |  26|   0|   26|          0|
    |dense3_V_4_0_fu_860                              |  26|   0|   26|          0|
    |dense3_V_5_0_fu_864                              |  26|   0|   26|          0|
    |dense3_V_6_0_fu_868                              |  26|   0|   26|          0|
    |dense3_V_7_0_fu_872                              |  26|   0|   26|          0|
    |dense3_V_8_0_fu_876                              |  26|   0|   26|          0|
    |dense3_V_9_0_fu_880                              |  26|   0|   26|          0|
    |dense4_0_V_reg_8724                              |  27|   0|   27|          0|
    |global_lfsr_seed_V                               |  16|   0|   16|          0|
    |grp_calculate_variance_fu_2353_ap_start_reg      |   1|   0|    1|          0|
    |grp_dense_lay_16_16_s_fu_2265_ap_start_reg       |   1|   0|    1|          0|
    |grp_dense_lay_32_16_s_fu_1928_ap_start_reg       |   1|   0|    1|          0|
    |grp_dense_lay_64_32_s_fu_1530_ap_start_reg       |   1|   0|    1|          0|
    |grp_dense_lay_9_64_s_fu_2064_ap_start_reg        |   1|   0|    1|          0|
    |grp_generate_binary_matr_1_fu_2227_ap_start_reg  |   1|   0|    1|          0|
    |grp_generate_binary_matr_2_fu_2361_ap_start_reg  |   1|   0|    1|          0|
    |grp_generate_binary_matr_fu_1794_ap_start_reg    |   1|   0|    1|          0|
    |i_0_i_reg_1519                                   |   7|   0|    7|          0|
    |i_0_reg_1495                                     |   7|   0|    7|          0|
    |i_1_reg_8732                                     |   7|   0|    7|          0|
    |i_reg_7356                                       |   7|   0|    7|          0|
    |mul_ln1118_1_reg_8654                            |  35|   0|   35|          0|
    |mul_ln1118_2_reg_8659                            |  36|   0|   36|          0|
    |mul_ln1118_3_reg_8679                            |  34|   0|   34|          0|
    |mul_ln1118_4_reg_8684                            |  36|   0|   36|          0|
    |mul_ln1118_5_reg_8709                            |  36|   0|   36|          0|
    |mul_ln1118_reg_8639                              |  36|   0|   36|          0|
    |mul_ln1148_reg_8753                              |  53|   0|   55|          2|
    |mul_ln1192_1_reg_8634                            |  37|   0|   37|          0|
    |mul_ln1192_2_reg_8644                            |  37|   0|   37|          0|
    |mul_ln1192_3_reg_8674                            |  37|   0|   37|          0|
    |mul_ln1192_4_reg_8694                            |  37|   0|   37|          0|
    |mul_ln1192_5_reg_8704                            |  37|   0|   37|          0|
    |mul_ln1192_6_reg_8719                            |  37|   0|   37|          0|
    |mul_ln1192_reg_8629                              |  36|   0|   36|          0|
    |p_Val2_s_reg_1507                                |  27|   0|   27|          0|
    |sub_ln1118_reg_8664                              |  32|   0|   32|          0|
    |t_V_reg_8742                                     |  27|   0|   27|          0|
    |tmp_128_reg_8747                                 |   1|   0|    1|          0|
    |tmp_12_reg_8714                                  |  27|   0|   27|          0|
    |tmp_130_reg_8758                                 |  21|   0|   21|          0|
    |tmp_2_reg_8649                                   |  27|   0|   27|          0|
    |tmp_5_reg_8669                                   |  27|   0|   27|          0|
    |tmp_8_reg_8689                                   |  27|   0|   27|          0|
    |tmp_s_reg_8699                                   |  27|   0|   27|          0|
    +-------------------------------------------------+----+----+-----+-----------+
    |Total                                            |7631|   0| 7633|          2|
    +-------------------------------------------------+----+----+-----+-----------+



================================================================
== Interface
================================================================
* Summary: 
+----------------+-----+-----+------------+----------------+--------------+
|    RTL Ports   | Dir | Bits|  Protocol  |  Source Object |    C Type    |
+----------------+-----+-----+------------+----------------+--------------+
|ap_clk          |  in |    1| ap_ctrl_hs |    mlp_xcel    | return value |
|ap_rst          |  in |    1| ap_ctrl_hs |    mlp_xcel    | return value |
|ap_start        |  in |    1| ap_ctrl_hs |    mlp_xcel    | return value |
|ap_done         | out |    1| ap_ctrl_hs |    mlp_xcel    | return value |
|ap_idle         | out |    1| ap_ctrl_hs |    mlp_xcel    | return value |
|ap_ready        | out |    1| ap_ctrl_hs |    mlp_xcel    | return value |
|ap_return_0     | out |   27| ap_ctrl_hs |    mlp_xcel    | return value |
|ap_return_1     | out |   27| ap_ctrl_hs |    mlp_xcel    | return value |
|input_0_V_read  |  in |   27|   ap_none  | input_0_V_read |    scalar    |
|input_1_V_read  |  in |   27|   ap_none  | input_1_V_read |    scalar    |
|input_2_V_read  |  in |   27|   ap_none  | input_2_V_read |    scalar    |
|input_3_V_read  |  in |   27|   ap_none  | input_3_V_read |    scalar    |
|input_4_V_read  |  in |   27|   ap_none  | input_4_V_read |    scalar    |
|input_5_V_read  |  in |   27|   ap_none  | input_5_V_read |    scalar    |
|input_6_V_read  |  in |   27|   ap_none  | input_6_V_read |    scalar    |
|input_7_V_read  |  in |   27|   ap_none  | input_7_V_read |    scalar    |
|input_8_V_read  |  in |   27|   ap_none  | input_8_V_read |    scalar    |
+----------------+-----+-----+------------+----------------+--------------+

